main.c:115:6:read_song	64	static
main.c:160:6:back_song	64	static
main.c:206:6:HAL_ADC_ConvCpltCallback	16	static
main.c:225:6:HAL_GPIO_EXTI_Callback	16	static
main.c:296:6:HAL_TIM_PeriodElapsedCallback	16	static
main.c:337:6:HAL_UART_RxCpltCallback	16	static
main.c:361:5:main	8	static
main.c:429:6:SystemClock_Config	88	static
main.c:472:13:MX_ADC1_Init	24	static
main.c:522:13:MX_DAC_Init	16	static
main.c:560:13:MX_I2C3_Init	8	static
main.c:594:13:MX_SPI3_Init	8	static
main.c:632:13:MX_TIM4_Init	32	static
main.c:677:13:MX_TIM6_Init	16	static
main.c:715:13:MX_TIM7_Init	16	static
main.c:753:13:MX_USART2_UART_Init	8	static
main.c:786:13:MX_USART3_UART_Init	8	static
main.c:819:13:MX_GPIO_Init	48	static
main.c:871:6:Error_Handler	4	static
