main.c:109:6:read_song	64	static
main.c:147:9:scan_files	72	static
main.c:213:6:HAL_ADC_ConvCpltCallback	16	static
main.c:232:6:HAL_GPIO_EXTI_Callback	16	static
main.c:294:6:HAL_TIM_PeriodElapsedCallback	16	static
main.c:341:6:HAL_UART_RxCpltCallback	16	static
main.c:351:9:song	128	static
main.c:384:5:main	576	static
main.c:491:6:SystemClock_Config	88	static
main.c:534:13:MX_ADC1_Init	24	static
main.c:584:13:MX_DAC_Init	16	static
main.c:622:13:MX_SPI3_Init	8	static
main.c:660:13:MX_TIM4_Init	32	static
main.c:705:13:MX_TIM6_Init	16	static
main.c:743:13:MX_TIM7_Init	16	static
main.c:781:13:MX_USART3_UART_Init	8	static
main.c:814:13:MX_GPIO_Init	48	static
main.c:866:6:Error_Handler	4	static
