main.c:97:6:HAL_ADC_ConvCpltCallback	16	static
main.c:116:6:HAL_GPIO_EXTI_Callback	16	static
main.c:162:6:HAL_TIM_PeriodElapsedCallback	24	static
main.c:170:6:HAL_UART_RxCpltCallback	16	static
main.c:194:9:scan_files	72	static
main.c:235:5:main	832	static
main.c:304:6:SystemClock_Config	88	static
main.c:347:13:MX_ADC1_Init	24	static
main.c:397:13:MX_DAC_Init	16	static
main.c:435:13:MX_SPI3_Init	8	static
main.c:473:13:MX_TIM4_Init	32	static
main.c:518:13:MX_TIM6_Init	16	static
main.c:556:13:MX_USART3_UART_Init	8	static
main.c:589:13:MX_GPIO_Init	48	static
main.c:641:6:Error_Handler	4	static
