main.c:94:6:HAL_ADC_ConvCpltCallback	16	static
main.c:112:6:HAL_GPIO_EXTI_Callback	16	static
main.c:151:6:HAL_TIM_PeriodElapsedCallback	24	static
main.c:159:6:HAL_UART_RxCpltCallback	16	static
main.c:181:5:main	8	static
main.c:240:6:SystemClock_Config	88	static
main.c:283:13:MX_ADC1_Init	24	static
main.c:333:13:MX_DAC_Init	16	static
main.c:371:13:MX_SPI1_Init	8	static
main.c:409:13:MX_SPI3_Init	8	static
main.c:447:13:MX_TIM4_Init	32	static
main.c:492:13:MX_TIM6_Init	16	static
main.c:530:13:MX_USART3_UART_Init	8	static
main.c:563:13:MX_GPIO_Init	48	static
main.c:615:6:Error_Handler	4	static
