main.c:106:6:HAL_ADC_ConvCpltCallback	16	static
main.c:125:6:HAL_GPIO_EXTI_Callback	16	static
main.c:174:6:HAL_TIM_PeriodElapsedCallback	16	static
main.c:221:6:HAL_UART_RxCpltCallback	16	static
main.c:231:9:song	128	static
main.c:264:9:scan_files	72	static
main.c:314:5:main	928	static
main.c:421:6:SystemClock_Config	88	static
main.c:464:13:MX_ADC1_Init	24	static
main.c:514:13:MX_DAC_Init	16	static
main.c:552:13:MX_SPI3_Init	8	static
main.c:590:13:MX_TIM4_Init	32	static
main.c:635:13:MX_TIM6_Init	16	static
main.c:673:13:MX_TIM7_Init	16	static
main.c:711:13:MX_USART3_UART_Init	8	static
main.c:744:13:MX_GPIO_Init	48	static
main.c:796:6:Error_Handler	4	static
