main.c:105:6:HAL_ADC_ConvCpltCallback	16	static
main.c:124:6:HAL_GPIO_EXTI_Callback	16	static
main.c:173:6:HAL_TIM_PeriodElapsedCallback	16	static
main.c:220:6:HAL_UART_RxCpltCallback	16	static
main.c:244:9:scan_files	72	static
main.c:286:5:main	8	static
main.c:369:6:SystemClock_Config	88	static
main.c:412:13:MX_ADC1_Init	24	static
main.c:462:13:MX_DAC_Init	16	static
main.c:500:13:MX_SPI3_Init	8	static
main.c:538:13:MX_TIM4_Init	32	static
main.c:583:13:MX_TIM6_Init	16	static
main.c:621:13:MX_TIM7_Init	16	static
main.c:659:13:MX_USART3_UART_Init	8	static
main.c:692:13:MX_GPIO_Init	48	static
main.c:744:6:Error_Handler	4	static
