main.c:94:6:HAL_GPIO_EXTI_Callback	16	static
main.c:133:6:HAL_TIM_PeriodElapsedCallback	24	static
main.c:141:6:HAL_UART_RxCpltCallback	16	static
main.c:163:5:main	8	static
main.c:221:6:SystemClock_Config	88	static
main.c:264:13:MX_ADC1_Init	24	static
main.c:314:13:MX_DAC_Init	16	static
main.c:352:13:MX_SPI1_Init	8	static
main.c:390:13:MX_SPI3_Init	8	static
main.c:428:13:MX_TIM4_Init	32	static
main.c:473:13:MX_TIM6_Init	16	static
main.c:511:13:MX_USART3_UART_Init	8	static
main.c:544:13:MX_GPIO_Init	48	static
main.c:596:6:Error_Handler	4	static
