main.c:117:6:read_song	64	static
main.c:145:6:next	8	static
main.c:157:6:prev	8	static
main.c:169:6:HAL_ADC_ConvCpltCallback	16	static
main.c:188:6:HAL_GPIO_EXTI_Callback	24	static
main.c:239:6:HAL_TIM_PeriodElapsedCallback	16	static
main.c:276:6:HAL_UART_RxCpltCallback	16	static
main.c:300:5:main	8	static
main.c:375:6:SystemClock_Config	88	static
main.c:418:13:MX_ADC1_Init	24	static
main.c:468:13:MX_DAC_Init	16	static
main.c:506:13:MX_I2C3_Init	8	static
main.c:540:13:MX_SPI3_Init	8	static
main.c:578:13:MX_TIM4_Init	32	static
main.c:623:13:MX_TIM6_Init	16	static
main.c:661:13:MX_USART2_UART_Init	8	static
main.c:694:13:MX_USART3_UART_Init	8	static
main.c:725:13:MX_DMA_Init	16	static
main.c:743:13:MX_GPIO_Init	48	static
main.c:794:6:Error_Handler	4	static
