main.c:103:6:HAL_ADC_ConvCpltCallback	16	static
main.c:122:6:HAL_GPIO_EXTI_Callback	16	static
main.c:168:6:HAL_TIM_PeriodElapsedCallback	24	static
main.c:176:6:HAL_UART_RxCpltCallback	16	static
main.c:198:5:main	8	static
main.c:268:6:SystemClock_Config	88	static
main.c:311:13:MX_ADC1_Init	24	static
main.c:361:13:MX_DAC_Init	16	static
main.c:399:13:MX_SPI1_Init	8	static
main.c:437:13:MX_SPI3_Init	8	static
main.c:475:13:MX_TIM4_Init	32	static
main.c:520:13:MX_TIM6_Init	16	static
main.c:558:13:MX_USART3_UART_Init	8	static
main.c:591:13:MX_GPIO_Init	48	static
main.c:643:6:Error_Handler	4	static
