main.c:115:6:read_song	64	static
main.c:143:6:next	8	static
main.c:158:6:prev	8	static
main.c:173:6:HAL_ADC_ConvCpltCallback	16	static
main.c:192:6:HAL_GPIO_EXTI_Callback	16	static
main.c:241:6:HAL_TIM_PeriodElapsedCallback	16	static
main.c:285:6:HAL_UART_RxCpltCallback	16	static
main.c:309:5:main	8	static
main.c:378:6:SystemClock_Config	88	static
main.c:421:13:MX_ADC1_Init	24	static
main.c:471:13:MX_DAC_Init	16	static
main.c:509:13:MX_I2C3_Init	8	static
main.c:543:13:MX_SPI3_Init	8	static
main.c:581:13:MX_TIM4_Init	32	static
main.c:626:13:MX_TIM6_Init	16	static
main.c:664:13:MX_TIM7_Init	16	static
main.c:702:13:MX_USART2_UART_Init	8	static
main.c:735:13:MX_USART3_UART_Init	8	static
main.c:768:13:MX_GPIO_Init	48	static
main.c:820:6:Error_Handler	4	static
