main.c:103:6:HAL_ADC_ConvCpltCallback	16	static
main.c:122:6:HAL_GPIO_EXTI_Callback	16	static
main.c:168:6:HAL_TIM_PeriodElapsedCallback	24	static
main.c:176:6:HAL_UART_RxCpltCallback	16	static
main.c:186:9:scan_files	72	static
main.c:228:5:main	832	static
main.c:299:6:SystemClock_Config	88	static
main.c:342:13:MX_ADC1_Init	24	static
main.c:392:13:MX_DAC_Init	16	static
main.c:430:13:MX_SPI1_Init	8	static
main.c:468:13:MX_SPI3_Init	8	static
main.c:506:13:MX_TIM4_Init	32	static
main.c:551:13:MX_TIM6_Init	16	static
main.c:589:13:MX_USART3_UART_Init	8	static
main.c:622:13:MX_GPIO_Init	48	static
main.c:674:6:Error_Handler	4	static
