main.c:119:6:read_song	64	static
main.c:147:6:next	8	static
main.c:162:6:prev	8	static
main.c:177:6:HAL_ADC_ConvCpltCallback	16	static
main.c:196:6:HAL_GPIO_EXTI_Callback	16	static
main.c:245:6:HAL_TIM_PeriodElapsedCallback	16	static
main.c:290:6:HAL_UART_RxCpltCallback	16	static
main.c:302:6:HAL_SPI_RxCpltCallback	16	static
main.c:316:5:main	8	static
main.c:390:6:SystemClock_Config	88	static
main.c:433:13:MX_ADC1_Init	24	static
main.c:483:13:MX_DAC_Init	16	static
main.c:521:13:MX_I2C3_Init	8	static
main.c:555:13:MX_SPI3_Init	8	static
main.c:593:13:MX_TIM4_Init	32	static
main.c:638:13:MX_TIM6_Init	16	static
main.c:676:13:MX_TIM7_Init	16	static
main.c:714:13:MX_USART2_UART_Init	8	static
main.c:747:13:MX_USART3_UART_Init	8	static
main.c:778:13:MX_DMA_Init	16	static
main.c:796:13:MX_GPIO_Init	48	static
main.c:847:6:Error_Handler	4	static
