main.c:91:6:HAL_GPIO_EXTI_Callback	16	static
main.c:121:6:HAL_TIM_PeriodElapsedCallback	16	static
main.c:129:6:HAL_UART_RxCpltCallback	16	static
main.c:151:5:main	8	static
main.c:209:6:SystemClock_Config	88	static
main.c:252:13:MX_ADC1_Init	24	static
main.c:302:13:MX_DAC_Init	16	static
main.c:340:13:MX_SPI1_Init	8	static
main.c:378:13:MX_SPI3_Init	8	static
main.c:416:13:MX_TIM4_Init	32	static
main.c:461:13:MX_TIM6_Init	16	static
main.c:499:13:MX_USART3_UART_Init	8	static
main.c:532:13:MX_GPIO_Init	48	static
main.c:584:6:Error_Handler	4	static
