main.c:91:6:HAL_GPIO_EXTI_Callback	16	static
main.c:122:6:HAL_TIM_PeriodElapsedCallback	16	static
main.c:130:6:HAL_UART_RxCpltCallback	16	static
main.c:152:5:main	8	static
main.c:210:6:SystemClock_Config	88	static
main.c:253:13:MX_ADC1_Init	24	static
main.c:303:13:MX_DAC_Init	16	static
main.c:341:13:MX_SPI1_Init	8	static
main.c:379:13:MX_SPI3_Init	8	static
main.c:417:13:MX_TIM4_Init	32	static
main.c:462:13:MX_TIM6_Init	16	static
main.c:500:13:MX_USART3_UART_Init	8	static
main.c:533:13:MX_GPIO_Init	48	static
main.c:585:6:Error_Handler	4	static
