main.c:111:6:read_song	64	static
main.c:153:9:scan_files	72	static
main.c:219:6:HAL_ADC_ConvCpltCallback	16	static
main.c:238:6:HAL_GPIO_EXTI_Callback	16	static
main.c:300:6:HAL_TIM_PeriodElapsedCallback	16	static
main.c:347:6:HAL_UART_RxCpltCallback	16	static
main.c:369:5:main	576	static
main.c:476:6:SystemClock_Config	88	static
main.c:519:13:MX_ADC1_Init	24	static
main.c:569:13:MX_DAC_Init	16	static
main.c:607:13:MX_SPI3_Init	8	static
main.c:645:13:MX_TIM4_Init	32	static
main.c:690:13:MX_TIM6_Init	16	static
main.c:728:13:MX_TIM7_Init	16	static
main.c:766:13:MX_USART3_UART_Init	8	static
main.c:799:13:MX_GPIO_Init	48	static
main.c:851:6:Error_Handler	4	static
