main.c:113:6:read_song	64	static
main.c:160:6:HAL_ADC_ConvCpltCallback	16	static
main.c:179:6:HAL_GPIO_EXTI_Callback	16	static
main.c:246:6:HAL_TIM_PeriodElapsedCallback	16	static
main.c:288:6:HAL_UART_RxCpltCallback	16	static
main.c:310:5:main	8	static
main.c:380:6:SystemClock_Config	88	static
main.c:423:13:MX_ADC1_Init	24	static
main.c:473:13:MX_DAC_Init	16	static
main.c:511:13:MX_I2C1_Init	8	static
main.c:545:13:MX_SPI3_Init	8	static
main.c:583:13:MX_TIM4_Init	32	static
main.c:628:13:MX_TIM6_Init	16	static
main.c:666:13:MX_TIM7_Init	16	static
main.c:704:13:MX_USART3_UART_Init	8	static
main.c:737:13:MX_GPIO_Init	48	static
main.c:789:6:Error_Handler	4	static
