main.c:105:6:HAL_ADC_ConvCpltCallback	16	static
main.c:124:6:HAL_GPIO_EXTI_Callback	16	static
main.c:172:6:HAL_TIM_PeriodElapsedCallback	24	static
main.c:214:6:HAL_UART_RxCpltCallback	16	static
main.c:238:9:scan_files	72	static
main.c:280:5:main	8	static
main.c:363:6:SystemClock_Config	88	static
main.c:406:13:MX_ADC1_Init	24	static
main.c:456:13:MX_DAC_Init	16	static
main.c:494:13:MX_SPI3_Init	8	static
main.c:532:13:MX_TIM4_Init	32	static
main.c:577:13:MX_TIM6_Init	16	static
main.c:615:13:MX_TIM7_Init	16	static
main.c:653:13:MX_USART3_UART_Init	8	static
main.c:686:13:MX_GPIO_Init	48	static
main.c:738:6:Error_Handler	4	static
