main.c:96:6:HAL_ADC_ConvCpltCallback	16	static
main.c:115:6:HAL_GPIO_EXTI_Callback	16	static
main.c:161:6:HAL_TIM_PeriodElapsedCallback	24	static
main.c:169:6:HAL_UART_RxCpltCallback	16	static
main.c:180:6:read_song	56	static
main.c:203:5:main	8	static
main.c:262:6:SystemClock_Config	88	static
main.c:305:13:MX_ADC1_Init	24	static
main.c:355:13:MX_DAC_Init	16	static
main.c:393:13:MX_SPI1_Init	8	static
main.c:431:13:MX_SPI3_Init	8	static
main.c:469:13:MX_TIM4_Init	32	static
main.c:514:13:MX_TIM6_Init	16	static
main.c:552:13:MX_USART3_UART_Init	8	static
main.c:585:13:MX_GPIO_Init	48	static
main.c:637:6:Error_Handler	4	static
