main.c:102:6:HAL_ADC_ConvCpltCallback	16	static
main.c:121:6:HAL_GPIO_EXTI_Callback	16	static
main.c:168:6:HAL_TIM_PeriodElapsedCallback	24	static
main.c:197:6:HAL_UART_RxCpltCallback	16	static
main.c:221:9:scan_files	72	static
main.c:263:5:main	8	static
main.c:345:6:SystemClock_Config	88	static
main.c:388:13:MX_ADC1_Init	24	static
main.c:438:13:MX_DAC_Init	16	static
main.c:476:13:MX_SPI3_Init	8	static
main.c:514:13:MX_TIM4_Init	32	static
main.c:559:13:MX_TIM6_Init	16	static
main.c:597:13:MX_USART3_UART_Init	8	static
main.c:630:13:MX_GPIO_Init	48	static
main.c:682:6:Error_Handler	4	static
