main.c:111:6:read_song	64	static
main.c:158:9:scan_files	72	static
main.c:224:6:HAL_ADC_ConvCpltCallback	16	static
main.c:243:6:HAL_GPIO_EXTI_Callback	16	static
main.c:305:6:HAL_TIM_PeriodElapsedCallback	16	static
main.c:352:6:HAL_UART_RxCpltCallback	16	static
main.c:374:5:main	576	static
main.c:481:6:SystemClock_Config	88	static
main.c:524:13:MX_ADC1_Init	24	static
main.c:574:13:MX_DAC_Init	16	static
main.c:612:13:MX_SPI3_Init	8	static
main.c:650:13:MX_TIM4_Init	32	static
main.c:695:13:MX_TIM6_Init	16	static
main.c:733:13:MX_TIM7_Init	16	static
main.c:771:13:MX_USART3_UART_Init	8	static
main.c:804:13:MX_GPIO_Init	48	static
main.c:856:6:Error_Handler	4	static
