main.c:115:6:read_song	64	static
main.c:162:6:HAL_ADC_ConvCpltCallback	16	static
main.c:181:6:HAL_GPIO_EXTI_Callback	16	static
main.c:249:6:HAL_TIM_PeriodElapsedCallback	16	static
main.c:290:6:HAL_UART_RxCpltCallback	16	static
main.c:314:5:main	8	static
main.c:394:6:SystemClock_Config	88	static
main.c:437:13:MX_ADC1_Init	24	static
main.c:487:13:MX_DAC_Init	16	static
main.c:525:13:MX_I2C3_Init	8	static
main.c:559:13:MX_SPI3_Init	8	static
main.c:597:13:MX_TIM4_Init	32	static
main.c:642:13:MX_TIM6_Init	16	static
main.c:680:13:MX_TIM7_Init	16	static
main.c:718:13:MX_USART2_UART_Init	8	static
main.c:751:13:MX_USART3_UART_Init	8	static
main.c:784:13:MX_GPIO_Init	48	static
main.c:836:6:Error_Handler	4	static
