main.c:102:6:HAL_ADC_ConvCpltCallback	16	static
main.c:121:6:HAL_GPIO_EXTI_Callback	16	static
main.c:168:6:HAL_TIM_PeriodElapsedCallback	24	static
main.c:198:6:HAL_UART_RxCpltCallback	16	static
main.c:222:9:scan_files	72	static
main.c:264:5:main	8	static
main.c:346:6:SystemClock_Config	88	static
main.c:389:13:MX_ADC1_Init	24	static
main.c:439:13:MX_DAC_Init	16	static
main.c:477:13:MX_SPI3_Init	8	static
main.c:515:13:MX_TIM4_Init	32	static
main.c:560:13:MX_TIM6_Init	16	static
main.c:598:13:MX_USART3_UART_Init	8	static
main.c:631:13:MX_GPIO_Init	48	static
main.c:683:6:Error_Handler	4	static
