main.c:96:6:HAL_ADC_ConvCpltCallback	16	static
main.c:115:6:HAL_GPIO_EXTI_Callback	16	static
main.c:161:6:HAL_TIM_PeriodElapsedCallback	24	static
main.c:169:6:HAL_UART_RxCpltCallback	16	static
main.c:191:5:main	8	static
main.c:250:6:SystemClock_Config	88	static
main.c:293:13:MX_ADC1_Init	24	static
main.c:343:13:MX_DAC_Init	16	static
main.c:381:13:MX_SPI1_Init	8	static
main.c:419:13:MX_SPI3_Init	8	static
main.c:457:13:MX_TIM4_Init	32	static
main.c:502:13:MX_TIM6_Init	16	static
main.c:540:13:MX_USART3_UART_Init	8	static
main.c:573:13:MX_GPIO_Init	48	static
main.c:625:6:Error_Handler	4	static
