main.c:114:6:read_song	64	static
main.c:143:6:HAL_ADC_ConvCpltCallback	16	static
main.c:162:6:HAL_GPIO_EXTI_Callback	16	static
main.c:232:6:HAL_TIM_PeriodElapsedCallback	16	static
main.c:276:6:HAL_UART_RxCpltCallback	16	static
main.c:300:5:main	8	static
main.c:368:6:SystemClock_Config	88	static
main.c:411:13:MX_ADC1_Init	24	static
main.c:461:13:MX_DAC_Init	16	static
main.c:499:13:MX_I2C3_Init	8	static
main.c:533:13:MX_SPI3_Init	8	static
main.c:571:13:MX_TIM4_Init	32	static
main.c:616:13:MX_TIM6_Init	16	static
main.c:654:13:MX_TIM7_Init	16	static
main.c:692:13:MX_USART2_UART_Init	8	static
main.c:725:13:MX_USART3_UART_Init	8	static
main.c:758:13:MX_GPIO_Init	48	static
main.c:810:6:Error_Handler	4	static
