main.c:110:6:read_song	64	static
main.c:157:6:HAL_ADC_ConvCpltCallback	16	static
main.c:176:6:HAL_GPIO_EXTI_Callback	16	static
main.c:243:6:HAL_TIM_PeriodElapsedCallback	16	static
main.c:284:6:HAL_UART_RxCpltCallback	16	static
main.c:306:5:main	8	static
main.c:386:6:SystemClock_Config	88	static
main.c:429:13:MX_ADC1_Init	24	static
main.c:479:13:MX_DAC_Init	16	static
main.c:517:13:MX_SPI3_Init	8	static
main.c:555:13:MX_TIM4_Init	32	static
main.c:600:13:MX_TIM6_Init	16	static
main.c:638:13:MX_TIM7_Init	16	static
main.c:676:13:MX_USART3_UART_Init	8	static
main.c:709:13:MX_GPIO_Init	48	static
main.c:758:6:Error_Handler	4	static
