stm32f4xx_it.c:78:6:NMI_Handler	4	static
stm32f4xx_it.c:91:6:HardFault_Handler	4	static
stm32f4xx_it.c:106:6:MemManage_Handler	4	static
stm32f4xx_it.c:121:6:BusFault_Handler	4	static
stm32f4xx_it.c:136:6:UsageFault_Handler	4	static
stm32f4xx_it.c:151:6:SVC_Handler	4	static
stm32f4xx_it.c:164:6:DebugMon_Handler	4	static
stm32f4xx_it.c:177:6:PendSV_Handler	4	static
stm32f4xx_it.c:190:6:SysTick_Handler	8	static
stm32f4xx_it.c:211:6:PVD_IRQHandler	8	static
stm32f4xx_it.c:225:6:EXTI0_IRQHandler	8	static
stm32f4xx_it.c:239:6:DMA1_Stream5_IRQHandler	8	static
stm32f4xx_it.c:253:6:ADC_IRQHandler	8	static
stm32f4xx_it.c:267:6:TIM4_IRQHandler	8	static
stm32f4xx_it.c:281:6:USART2_IRQHandler	8	static
stm32f4xx_it.c:295:6:EXTI15_10_IRQHandler	8	static
stm32f4xx_it.c:313:6:SPI3_IRQHandler	8	static
stm32f4xx_it.c:327:6:TIM6_DAC_IRQHandler	8	static
stm32f4xx_it.c:342:6:I2C3_EV_IRQHandler	8	static
stm32f4xx_it.c:356:6:I2C3_ER_IRQHandler	8	static
