main.c:111:6:read_song	64	static
main.c:139:6:next	8	static
main.c:156:6:prev	8	static
main.c:173:6:bufforek	8	static
main.c:185:6:HAL_ADC_ConvCpltCallback	16	static
main.c:204:6:HAL_GPIO_EXTI_Callback	16	static
main.c:262:6:HAL_TIM_PeriodElapsedCallback	16	static
main.c:301:6:HAL_UART_RxCpltCallback	16	static
main.c:324:5:main	8	static
main.c:407:6:SystemClock_Config	88	static
main.c:450:13:MX_ADC1_Init	24	static
main.c:500:13:MX_DAC_Init	16	static
main.c:538:13:MX_I2C3_Init	8	static
main.c:572:13:MX_SPI3_Init	8	static
main.c:610:13:MX_TIM4_Init	32	static
main.c:655:13:MX_USART2_UART_Init	8	static
main.c:688:13:MX_GPIO_Init	48	static
main.c:731:6:Error_Handler	4	static
