main.c:113:6:read_song	64	static
main.c:141:6:next	8	static
main.c:156:6:prev	8	static
main.c:171:6:bufforek	8	static
main.c:183:6:HAL_ADC_ConvCpltCallback	16	static
main.c:202:6:HAL_GPIO_EXTI_Callback	16	static
main.c:255:6:HAL_TIM_PeriodElapsedCallback	16	static
main.c:269:6:HAL_UART_RxCpltCallback	16	static
main.c:292:5:main	8	static
main.c:371:6:SystemClock_Config	88	static
main.c:414:13:MX_ADC1_Init	24	static
main.c:464:13:MX_DAC_Init	16	static
main.c:502:13:MX_I2C3_Init	8	static
main.c:536:13:MX_SPI3_Init	8	static
main.c:574:13:MX_TIM4_Init	32	static
main.c:619:13:MX_TIM6_Init	16	static
main.c:657:13:MX_USART2_UART_Init	8	static
main.c:690:13:MX_GPIO_Init	48	static
main.c:733:6:Error_Handler	4	static
