Archive member included to satisfy reference by file (symbol)

e:/ide/stm32cubeide_1.1.0/stm32cubeide/plugins/com.st.stm32cube.ide.mcu.externaltools.gnu-tools-for-stm32.7-2018-q2-update.win32_1.0.0.201904181610/tools/bin/../lib/gcc/arm-none-eabi/7.3.1/../../../../arm-none-eabi/lib/thumb/v7e-m/fpv4-sp/hard\libc_nano.a(lib_a-errno.o)
                              Core/Src/syscalls.o (__errno)
e:/ide/stm32cubeide_1.1.0/stm32cubeide/plugins/com.st.stm32cube.ide.mcu.externaltools.gnu-tools-for-stm32.7-2018-q2-update.win32_1.0.0.201904181610/tools/bin/../lib/gcc/arm-none-eabi/7.3.1/../../../../arm-none-eabi/lib/thumb/v7e-m/fpv4-sp/hard\libc_nano.a(lib_a-exit.o)
                              e:/ide/stm32cubeide_1.1.0/stm32cubeide/plugins/com.st.stm32cube.ide.mcu.externaltools.gnu-tools-for-stm32.7-2018-q2-update.win32_1.0.0.201904181610/tools/bin/../lib/gcc/arm-none-eabi/7.3.1/../../../../arm-none-eabi/lib/thumb/v7e-m/fpv4-sp/hard/crt0.o (exit)
e:/ide/stm32cubeide_1.1.0/stm32cubeide/plugins/com.st.stm32cube.ide.mcu.externaltools.gnu-tools-for-stm32.7-2018-q2-update.win32_1.0.0.201904181610/tools/bin/../lib/gcc/arm-none-eabi/7.3.1/../../../../arm-none-eabi/lib/thumb/v7e-m/fpv4-sp/hard\libc_nano.a(lib_a-impure.o)
                              e:/ide/stm32cubeide_1.1.0/stm32cubeide/plugins/com.st.stm32cube.ide.mcu.externaltools.gnu-tools-for-stm32.7-2018-q2-update.win32_1.0.0.201904181610/tools/bin/../lib/gcc/arm-none-eabi/7.3.1/../../../../arm-none-eabi/lib/thumb/v7e-m/fpv4-sp/hard\libc_nano.a(lib_a-exit.o) (_global_impure_ptr)
e:/ide/stm32cubeide_1.1.0/stm32cubeide/plugins/com.st.stm32cube.ide.mcu.externaltools.gnu-tools-for-stm32.7-2018-q2-update.win32_1.0.0.201904181610/tools/bin/../lib/gcc/arm-none-eabi/7.3.1/../../../../arm-none-eabi/lib/thumb/v7e-m/fpv4-sp/hard\libc_nano.a(lib_a-init.o)
                              e:/ide/stm32cubeide_1.1.0/stm32cubeide/plugins/com.st.stm32cube.ide.mcu.externaltools.gnu-tools-for-stm32.7-2018-q2-update.win32_1.0.0.201904181610/tools/bin/../lib/gcc/arm-none-eabi/7.3.1/../../../../arm-none-eabi/lib/thumb/v7e-m/fpv4-sp/hard/crt0.o (__libc_init_array)
e:/ide/stm32cubeide_1.1.0/stm32cubeide/plugins/com.st.stm32cube.ide.mcu.externaltools.gnu-tools-for-stm32.7-2018-q2-update.win32_1.0.0.201904181610/tools/bin/../lib/gcc/arm-none-eabi/7.3.1/../../../../arm-none-eabi/lib/thumb/v7e-m/fpv4-sp/hard\libc_nano.a(lib_a-memset.o)
                              e:/ide/stm32cubeide_1.1.0/stm32cubeide/plugins/com.st.stm32cube.ide.mcu.externaltools.gnu-tools-for-stm32.7-2018-q2-update.win32_1.0.0.201904181610/tools/bin/../lib/gcc/arm-none-eabi/7.3.1/../../../../arm-none-eabi/lib/thumb/v7e-m/fpv4-sp/hard/crt0.o (memset)
e:/ide/stm32cubeide_1.1.0/stm32cubeide/plugins/com.st.stm32cube.ide.mcu.externaltools.gnu-tools-for-stm32.7-2018-q2-update.win32_1.0.0.201904181610/tools/bin/../lib/gcc/arm-none-eabi/7.3.1/../../../../arm-none-eabi/lib/thumb/v7e-m/fpv4-sp/hard\libc_nano.a(lib_a-puts.o)
                              Core/Src/main.o (puts)
e:/ide/stm32cubeide_1.1.0/stm32cubeide/plugins/com.st.stm32cube.ide.mcu.externaltools.gnu-tools-for-stm32.7-2018-q2-update.win32_1.0.0.201904181610/tools/bin/../lib/gcc/arm-none-eabi/7.3.1/../../../../arm-none-eabi/lib/thumb/v7e-m/fpv4-sp/hard\libc_nano.a(lib_a-strcpy.o)
                              Core/Src/main.o (strcpy)
e:/ide/stm32cubeide_1.1.0/stm32cubeide/plugins/com.st.stm32cube.ide.mcu.externaltools.gnu-tools-for-stm32.7-2018-q2-update.win32_1.0.0.201904181610/tools/bin/../lib/gcc/arm-none-eabi/7.3.1/../../../../arm-none-eabi/lib/thumb/v7e-m/fpv4-sp/hard\libc_nano.a(lib_a-strlen.o)
                              Core/Src/main.o (strlen)
e:/ide/stm32cubeide_1.1.0/stm32cubeide/plugins/com.st.stm32cube.ide.mcu.externaltools.gnu-tools-for-stm32.7-2018-q2-update.win32_1.0.0.201904181610/tools/bin/../lib/gcc/arm-none-eabi/7.3.1/../../../../arm-none-eabi/lib/thumb/v7e-m/fpv4-sp/hard\libc_nano.a(lib_a-wbuf.o)
                              e:/ide/stm32cubeide_1.1.0/stm32cubeide/plugins/com.st.stm32cube.ide.mcu.externaltools.gnu-tools-for-stm32.7-2018-q2-update.win32_1.0.0.201904181610/tools/bin/../lib/gcc/arm-none-eabi/7.3.1/../../../../arm-none-eabi/lib/thumb/v7e-m/fpv4-sp/hard\libc_nano.a(lib_a-puts.o) (__swbuf_r)
e:/ide/stm32cubeide_1.1.0/stm32cubeide/plugins/com.st.stm32cube.ide.mcu.externaltools.gnu-tools-for-stm32.7-2018-q2-update.win32_1.0.0.201904181610/tools/bin/../lib/gcc/arm-none-eabi/7.3.1/../../../../arm-none-eabi/lib/thumb/v7e-m/fpv4-sp/hard\libc_nano.a(lib_a-wsetup.o)
                              e:/ide/stm32cubeide_1.1.0/stm32cubeide/plugins/com.st.stm32cube.ide.mcu.externaltools.gnu-tools-for-stm32.7-2018-q2-update.win32_1.0.0.201904181610/tools/bin/../lib/gcc/arm-none-eabi/7.3.1/../../../../arm-none-eabi/lib/thumb/v7e-m/fpv4-sp/hard\libc_nano.a(lib_a-puts.o) (__swsetup_r)
[...]
Memory Configuration

Name             Origin             Length             Attributes
CCMRAM           0x0000000010000000 0x0000000000010000 xrw
RAM              0x0000000020000000 0x0000000000020000 xrw
FLASH            0x0000000008000000 0x0000000000100000 xr
*default*        0x0000000000000000 0xffffffffffffffff

Linker script and memory map

LOAD e:/ide/stm32cubeide_1.1.0/stm32cubeide/plugins/com.st.stm32cube.ide.mcu.externaltools.gnu-tools-for-stm32.7-2018-q2-update.win32_1.0.0.201904181610/tools/bin/../lib/gcc/arm-none-eabi/7.3.1/thumb/v7e-m/fpv4-sp/hard/crti.o
LOAD e:/ide/stm32cubeide_1.1.0/stm32cubeide/plugins/com.st.stm32cube.ide.mcu.externaltools.gnu-tools-for-stm32.7-2018-q2-update.win32_1.0.0.201904181610/tools/bin/../lib/gcc/arm-none-eabi/7.3.1/thumb/v7e-m/fpv4-sp/hard/crtbegin.o
LOAD e:/ide/stm32cubeide_1.1.0/stm32cubeide/plugins/com.st.stm32cube.ide.mcu.externaltools.gnu-tools-for-stm32.7-2018-q2-update.win32_1.0.0.201904181610/tools/bin/../lib/gcc/arm-none-eabi/7.3.1/../../../../arm-none-eabi/lib/thumb/v7e-m/fpv4-sp/hard/crt0.o
LOAD Core/Src/diskio.o
LOAD Core/Src/ff.o
LOAD Core/Src/ffsystem.o
LOAD Core/Src/ffunicode.o
LOAD Core/Src/lcd.o
LOAD Core/Src/main.o
LOAD Core/Src/stm32f4xx_hal_msp.o
LOAD Core/Src/stm32f4xx_it.o
LOAD Core/Src/syscalls.o
LOAD Core/Src/sysmem.o
LOAD Core/Src/system_stm32f4xx.o
LOAD Core/Startup/startup_stm32f407vgtx.o
LOAD Drivers/STM32F4xx_HAL_Driver/Src/stm32f4xx_hal.o
LOAD Drivers/STM32F4xx_HAL_Driver/Src/stm32f4xx_hal_adc.o
LOAD Drivers/STM32F4xx_HAL_Driver/Src/stm32f4xx_hal_adc_ex.o
LOAD Drivers/STM32F4xx_HAL_Driver/Src/stm32f4xx_hal_cortex.o
LOAD Drivers/STM32F4xx_HAL_Driver/Src/stm32f4xx_hal_dac.o
LOAD Drivers/STM32F4xx_HAL_Driver/Src/stm32f4xx_hal_dac_ex.o
LOAD Drivers/STM32F4xx_HAL_Driver/Src/stm32f4xx_hal_dma.o
LOAD Drivers/STM32F4xx_HAL_Driver/Src/stm32f4xx_hal_dma_ex.o
LOAD Drivers/STM32F4xx_HAL_Driver/Src/stm32f4xx_hal_exti.o
LOAD Drivers/STM32F4xx_HAL_Driver/Src/stm32f4xx_hal_flash.o
LOAD Drivers/STM32F4xx_HAL_Driver/Src/stm32f4xx_hal_flash_ex.o
LOAD Drivers/STM32F4xx_HAL_Driver/Src/stm32f4xx_hal_flash_ramfunc.o
LOAD Drivers/STM32F4xx_HAL_Driver/Src/stm32f4xx_hal_gpio.o
LOAD Drivers/STM32F4xx_HAL_Driver/Src/stm32f4xx_hal_i2c.o
LOAD Drivers/STM32F4xx_HAL_Driver/Src/stm32f4xx_hal_i2c_ex.o
LOAD Drivers/STM32F4xx_HAL_Driver/Src/stm32f4xx_hal_pwr.o
LOAD Drivers/STM32F4xx_HAL_Driver/Src/stm32f4xx_hal_pwr_ex.o
LOAD Drivers/STM32F4xx_HAL_Driver/Src/stm32f4xx_hal_rcc.o
LOAD Drivers/STM32F4xx_HAL_Driver/Src/stm32f4xx_hal_rcc_ex.o
LOAD Drivers/STM32F4xx_HAL_Driver/Src/stm32f4xx_hal_spi.o
LOAD Drivers/STM32F4xx_HAL_Driver/Src/stm32f4xx_hal_tim.o
LOAD Drivers/STM32F4xx_HAL_Driver/Src/stm32f4xx_hal_tim_ex.o
LOAD Drivers/STM32F4xx_HAL_Driver/Src/stm32f4xx_hal_uart.o
START GROUP
LOAD e:/ide/stm32cubeide_1.1.0/stm32cubeide/plugins/com.st.stm32cube.ide.mcu.externaltools.gnu-tools-for-stm32.7-2018-q2-update.win32_1.0.0.201904181610/tools/bin/../lib/gcc/arm-none-eabi/7.3.1/../../../../arm-none-eabi/lib/thumb/v7e-m/fpv4-sp/hard\libc_nano.a
LOAD e:/ide/stm32cubeide_1.1.0/stm32cubeide/plugins/com.st.stm32cube.ide.mcu.externaltools.gnu-tools-for-stm32.7-2018-q2-update.win32_1.0.0.201904181610/tools/bin/../lib/gcc/arm-none-eabi/7.3.1/../../../../arm-none-eabi/lib/thumb/v7e-m/fpv4-sp/hard\libm.a
END GROUP
START GROUP
LOAD e:/ide/stm32cubeide_1.1.0/stm32cubeide/plugins/com.st.stm32cube.ide.mcu.externaltools.gnu-tools-for-stm32.7-2018-q2-update.win32_1.0.0.201904181610/tools/bin/../lib/gcc/arm-none-eabi/7.3.1/thumb/v7e-m/fpv4-sp/hard\libgcc.a
LOAD e:/ide/stm32cubeide_1.1.0/stm32cubeide/plugins/com.st.stm32cube.ide.mcu.externaltools.gnu-tools-for-stm32.7-2018-q2-update.win32_1.0.0.201904181610/tools/bin/../lib/gcc/arm-none-eabi/7.3.1/../../../../arm-none-eabi/lib/thumb/v7e-m/fpv4-sp/hard\libc_nano.a
END GROUP
START GROUP
LOAD e:/ide/stm32cubeide_1.1.0/stm32cubeide/plugins/com.st.stm32cube.ide.mcu.externaltools.gnu-tools-for-stm32.7-2018-q2-update.win32_1.0.0.201904181610/tools/bin/../lib/gcc/arm-none-eabi/7.3.1/thumb/v7e-m/fpv4-sp/hard\libgcc.a
LOAD e:/ide/stm32cubeide_1.1.0/stm32cubeide/plugins/com.st.stm32cube.ide.mcu.externaltools.gnu-tools-for-stm32.7-2018-q2-update.win32_1.0.0.201904181610/tools/bin/../lib/gcc/arm-none-eabi/7.3.1/../../../../arm-none-eabi/lib/thumb/v7e-m/fpv4-sp/hard\libc_nano.a
LOAD e:/ide/stm32cubeide_1.1.0/stm32cubeide/plugins/com.st.stm32cube.ide.mcu.externaltools.gnu-tools-for-stm32.7-2018-q2-update.win32_1.0.0.201904181610/tools/bin/../lib/gcc/arm-none-eabi/7.3.1/../../../../arm-none-eabi/lib/thumb/v7e-m/fpv4-sp/hard\libnosys.a
END GROUP
START GROUP
LOAD e:/ide/stm32cubeide_1.1.0/stm32cubeide/plugins/com.st.stm32cube.ide.mcu.externaltools.gnu-tools-for-stm32.7-2018-q2-update.win32_1.0.0.201904181610/tools/bin/../lib/gcc/arm-none-eabi/7.3.1/thumb/v7e-m/fpv4-sp/hard\libgcc.a
LOAD e:/ide/stm32cubeide_1.1.0/stm32cubeide/plugins/com.st.stm32cube.ide.mcu.externaltools.gnu-tools-for-stm32.7-2018-q2-update.win32_1.0.0.201904181610/tools/bin/../lib/gcc/arm-none-eabi/7.3.1/../../../../arm-none-eabi/lib/thumb/v7e-m/fpv4-sp/hard\libc_nano.a
LOAD e:/ide/stm32cubeide_1.1.0/stm32cubeide/plugins/com.st.stm32cube.ide.mcu.externaltools.gnu-tools-for-stm32.7-2018-q2-update.win32_1.0.0.201904181610/tools/bin/../lib/gcc/arm-none-eabi/7.3.1/../../../../arm-none-eabi/lib/thumb/v7e-m/fpv4-sp/hard\libnosys.a
END GROUP
LOAD e:/ide/stm32cubeide_1.1.0/stm32cubeide/plugins/com.st.stm32cube.ide.mcu.externaltools.gnu-tools-for-stm32.7-2018-q2-update.win32_1.0.0.201904181610/tools/bin/../lib/gcc/arm-none-eabi/7.3.1/thumb/v7e-m/fpv4-sp/hard/crtend.o
LOAD e:/ide/stm32cubeide_1.1.0/stm32cubeide/plugins/com.st.stm32cube.ide.mcu.externaltools.gnu-tools-for-stm32.7-2018-q2-update.win32_1.0.0.201904181610/tools/bin/../lib/gcc/arm-none-eabi/7.3.1/thumb/v7e-m/fpv4-sp/hard/crtn.o
                0x0000000020020000                _estack = (ORIGIN (RAM) + LENGTH (RAM))
                0x0000000000000200                _Min_Heap_Size = 0x200
                0x0000000000000400                _Min_Stack_Size = 0x400

.isr_vector     0x0000000008000000      0x188
                0x0000000008000000                . = ALIGN (0x4)
 *(.isr_vector)
 .isr_vector    0x0000000008000000      0x188 Core/Startup/startup_stm32f407vgtx.o
                0x0000000008000000                g_pfnVectors
                0x0000000008000188                . = ALIGN (0x4)

.text           0x0000000008000188     0xa87c
                0x0000000008000188                . = ALIGN (0x4)
 *(.text)
 .text          0x0000000008000188       0x40 e:/ide/stm32cubeide_1.1.0/stm32cubeide/plugins/com.st.stm32cube.ide.mcu.externaltools.gnu-tools-for-stm32.7-2018-q2-update.win32_1.0.0.201904181610/tools/bin/../lib/gcc/arm-none-eabi/7.3.1/thumb/v7e-m/fpv4-sp/hard/crtbegin.o
 .text          0x00000000080001c8       0x10 e:/ide/stm32cubeide_1.1.0/stm32cubeide/plugins/com.st.stm32cube.ide.mcu.externaltools.gnu-tools-for-stm32.7-2018-q2-update.win32_1.0.0.201904181610/tools/bin/../lib/gcc/arm-none-eabi/7.3.1/../../../../arm-none-eabi/lib/thumb/v7e-m/fpv4-sp/hard\libc_nano.a(lib_a-strlen.o)
                0x00000000080001c8                strlen
 .text          0x00000000080001d8       0x30 e:/ide/stm32cubeide_1.1.0/stm32cubeide/plugins/com.st.stm32cube.ide.mcu.externaltools.gnu-tools-for-stm32.7-2018-q2-update.win32_1.0.0.201904181610/tools/bin/../lib/gcc/arm-none-eabi/7.3.1/thumb/v7e-m/fpv4-sp/hard\libgcc.a(_aeabi_uldivmod.o)
                0x00000000080001d8                __aeabi_uldivmod
 .text          0x0000000008000208      0x2cc e:/ide/stm32cubeide_1.1.0/stm32cubeide/plugins/com.st.stm32cube.ide.mcu.externaltools.gnu-tools-for-stm32.7-2018-q2-update.win32_1.0.0.201904181610/tools/bin/../lib/gcc/arm-none-eabi/7.3.1/thumb/v7e-m/fpv4-sp/hard\libgcc.a(_udivmoddi4.o)
                0x0000000008000208                __udivmoddi4
 .text          0x00000000080004d4        0x4 e:/ide/stm32cubeide_1.1.0/stm32cubeide/plugins/com.st.stm32cube.ide.mcu.externaltools.gnu-tools-for-stm32.7-2018-q2-update.win32_1.0.0.201904181610/tools/bin/../lib/gcc/arm-none-eabi/7.3.1/thumb/v7e-m/fpv4-sp/hard\libgcc.a(_dvmd_tls.o)
                0x00000000080004d4                __aeabi_idiv0
                0x00000000080004d4                __aeabi_ldiv0
 *(.text*)
 .text.SELECT   0x00000000080004d8        0xe Core/Src/diskio.o
 .text.DESELECT
                0x00000000080004e6        0xe Core/Src/diskio.o
 .text.xmit_spi
                0x00000000080004f4       0x34 Core/Src/diskio.o
 .text.rcvr_spi
                0x0000000008000528       0x3c Core/Src/diskio.o
 .text.rcvr_spi_m
                0x0000000008000564       0x1c Core/Src/diskio.o
 .text.wait_ready
                0x0000000008000580       0x38 Core/Src/diskio.o
 .text.power_on
                0x00000000080005b8       0x9c Core/Src/diskio.o
 .text.power_off
                0x0000000008000654       0x18 Core/Src/diskio.o
 .text.chk_power
                0x000000000800066c       0x18 Core/Src/diskio.o
 .text.rcvr_datablock
                0x0000000008000684       0x6c Core/Src/diskio.o
 .text.xmit_datablock
                0x00000000080006f0       0xa8 Core/Src/diskio.o
 .text.send_cmd
                0x0000000008000798       0xa4 Core/Src/diskio.o
 .text.disk_initialize
                0x000000000800083c      0x1d4 Core/Src/diskio.o
                0x000000000800083c                disk_initialize
 .text.disk_status
                0x0000000008000a10       0x2c Core/Src/diskio.o
                0x0000000008000a10                disk_status
 .text.disk_read
                0x0000000008000a3c       0xd4 Core/Src/diskio.o
                0x0000000008000a3c                disk_read
 .text.disk_write
                0x0000000008000b10      0x108 Core/Src/diskio.o
                0x0000000008000b10                disk_write
 .text.disk_ioctl
                0x0000000008000c18      0x300 Core/Src/diskio.o
                0x0000000008000c18                disk_ioctl
 .text.disk_timerproc
                0x0000000008000f18       0x4c Core/Src/diskio.o
                0x0000000008000f18                disk_timerproc
 .text.sdcard_systick_timerproc
                0x0000000008000f64       0x30 Core/Src/diskio.o
                0x0000000008000f64                sdcard_systick_timerproc
 .text.get_fattime
                0x0000000008000f94       0x14 Core/Src/diskio.o
                0x0000000008000f94                get_fattime
 .text.ld_word  0x0000000008000fa8       0x30 Core/Src/ff.o
 .text.ld_dword
                0x0000000008000fd8       0x46 Core/Src/ff.o
 .text.st_word  0x000000000800101e       0x36 Core/Src/ff.o
 .text.st_dword
                0x0000000008001054       0x58 Core/Src/ff.o
 .text.mem_cpy  0x00000000080010ac       0x42 Core/Src/ff.o
 .text.mem_set  0x00000000080010ee       0x34 Core/Src/ff.o
 .text.mem_cmp  0x0000000008001122       0x4e Core/Src/ff.o
 .text.chk_chr  0x0000000008001170       0x36 Core/Src/ff.o
 .text.dbc_1st  0x00000000080011a6       0x40 Core/Src/ff.o
 .text.dbc_2nd  0x00000000080011e6       0x54 Core/Src/ff.o
 .text.sync_window
                0x000000000800123a       0x78 Core/Src/ff.o
 .text.move_window
                0x00000000080012b2       0x5a Core/Src/ff.o
 .text.sync_fs  0x000000000800130c       0xdc Core/Src/ff.o
 .text.clst2sect
                0x00000000080013e8       0x3e Core/Src/ff.o
 .text.get_fat  0x0000000008001426      0x14a Core/Src/ff.o
 .text.put_fat  0x0000000008001570      0x1ce Core/Src/ff.o
 .text.remove_chain
                0x000000000800173e       0xca Core/Src/ff.o
 .text.create_chain
                0x0000000008001808      0x1a2 Core/Src/ff.o
 .text.dir_clear
                0x00000000080019aa       0x90 Core/Src/ff.o
 .text.dir_sdi  0x0000000008001a3a       0xf6 Core/Src/ff.o
 .text.dir_next
                0x0000000008001b30      0x12c Core/Src/ff.o
 .text.dir_alloc
                0x0000000008001c5c       0x8e Core/Src/ff.o
 .text.ld_clust
                0x0000000008001cea       0x3e Core/Src/ff.o
 .text.st_clust
                0x0000000008001d28       0x40 Core/Src/ff.o
 .text.dir_read
                0x0000000008001d68       0xba Core/Src/ff.o
 .text.dir_find
                0x0000000008001e22       0xaa Core/Src/ff.o
 .text.dir_register
                0x0000000008001ecc       0x64 Core/Src/ff.o
 .text.get_fileinfo
                0x0000000008001f30       0xc6 Core/Src/ff.o
 *fill*         0x0000000008001ff6        0x2 
 .text.create_name
                0x0000000008001ff8      0x184 Core/Src/ff.o
 .text.follow_path
                0x000000000800217c       0xde Core/Src/ff.o
 .text.get_ldnumber
                0x000000000800225a       0x8a Core/Src/ff.o
 .text.check_fs
                0x00000000080022e4       0xac Core/Src/ff.o
 .text.find_volume
                0x0000000008002390      0x4b0 Core/Src/ff.o
 .text.validate
                0x0000000008002840       0x6a Core/Src/ff.o
 *fill*         0x00000000080028aa        0x2 
 .text.f_mount  0x00000000080028ac       0x80 Core/Src/ff.o
                0x00000000080028ac                f_mount
 .text.f_open   0x000000000800292c      0x306 Core/Src/ff.o
                0x000000000800292c                f_open
 .text.f_read   0x0000000008002c32      0x266 Core/Src/ff.o
                0x0000000008002c32                f_read
 .text.f_sync   0x0000000008002e98       0xfc Core/Src/ff.o
                0x0000000008002e98                f_sync
 .text.f_close  0x0000000008002f94       0x40 Core/Src/ff.o
                0x0000000008002f94                f_close
 .text.f_opendir
                0x0000000008002fd4       0xb2 Core/Src/ff.o
                0x0000000008002fd4                f_opendir
 .text.f_readdir
                0x0000000008003086       0x7a Core/Src/ff.o
                0x0000000008003086                f_readdir
 .text.lcd_send_cmd
                0x0000000008003100       0x64 Core/Src/lcd.o
                0x0000000008003100                lcd_send_cmd
 .text.lcd_send_data
                0x0000000008003164       0x64 Core/Src/lcd.o
                0x0000000008003164                lcd_send_data
 .text.lcd_init
                0x00000000080031c8       0x7a Core/Src/lcd.o
                0x00000000080031c8                lcd_init
 .text.lcd_send_string
                0x0000000008003242       0x28 Core/Src/lcd.o
                0x0000000008003242                lcd_send_string
 *fill*         0x000000000800326a        0x2 
 .text.read_song
                0x000000000800326c       0xd0 Core/Src/main.o
                0x000000000800326c                read_song
 .text.next     0x000000000800333c       0x7c Core/Src/main.o
                0x000000000800333c                next
 .text.prev     0x00000000080033b8       0x7c Core/Src/main.o
                0x00000000080033b8                prev
 .text.bufforek
                0x0000000008003434       0x5c Core/Src/main.o
                0x0000000008003434                bufforek
 .text.HAL_ADC_ConvCpltCallback
                0x0000000008003490      0x15c Core/Src/main.o
                0x0000000008003490                HAL_ADC_ConvCpltCallback
 .text.HAL_GPIO_EXTI_Callback
                0x00000000080035ec       0xd4 Core/Src/main.o
                0x00000000080035ec                HAL_GPIO_EXTI_Callback
 .text.HAL_TIM_PeriodElapsedCallback
                0x00000000080036c0       0x58 Core/Src/main.o
                0x00000000080036c0                HAL_TIM_PeriodElapsedCallback
 .text.HAL_UART_RxCpltCallback
                0x0000000008003718       0x50 Core/Src/main.o
                0x0000000008003718                HAL_UART_RxCpltCallback
 .text.main     0x0000000008003768       0xc0 Core/Src/main.o
                0x0000000008003768                main
 .text.SystemClock_Config
                0x0000000008003828       0xd4 Core/Src/main.o
                0x0000000008003828                SystemClock_Config
 .text.MX_ADC1_Init
                0x00000000080038fc       0xa4 Core/Src/main.o
 .text.MX_DAC_Init
                0x00000000080039a0       0x54 Core/Src/main.o
 .text.MX_I2C3_Init
                0x00000000080039f4       0x5c Core/Src/main.o
 .text.MX_SPI3_Init
                0x0000000008003a50       0x6c Core/Src/main.o
 .text.MX_TIM4_Init
                0x0000000008003abc       0x98 Core/Src/main.o
 .text.MX_TIM6_Init
                0x0000000008003b54       0x6c Core/Src/main.o
 .text.MX_USART2_UART_Init
                0x0000000008003bc0       0x54 Core/Src/main.o
 .text.MX_GPIO_Init
                0x0000000008003c14      0x110 Core/Src/main.o
 .text.Error_Handler
                0x0000000008003d24        0xe Core/Src/main.o
                0x0000000008003d24                Error_Handler
 *fill*         0x0000000008003d32        0x2 
 .text.HAL_MspInit
                0x0000000008003d34       0x50 Core/Src/stm32f4xx_hal_msp.o
                0x0000000008003d34                HAL_MspInit
 .text.HAL_ADC_MspInit
                0x0000000008003d84       0x98 Core/Src/stm32f4xx_hal_msp.o
                0x0000000008003d84                HAL_ADC_MspInit
 .text.HAL_DAC_MspInit
                0x0000000008003e1c       0x98 Core/Src/stm32f4xx_hal_msp.o
                0x0000000008003e1c                HAL_DAC_MspInit
 .text.HAL_I2C_MspInit
                0x0000000008003eb4       0xf4 Core/Src/stm32f4xx_hal_msp.o
                0x0000000008003eb4                HAL_I2C_MspInit
 .text.HAL_SPI_MspInit
                0x0000000008003fa8       0xa0 Core/Src/stm32f4xx_hal_msp.o
                0x0000000008003fa8                HAL_SPI_MspInit
 .text.HAL_TIM_Base_MspInit
                0x0000000008004048       0x8c Core/Src/stm32f4xx_hal_msp.o
                0x0000000008004048                HAL_TIM_Base_MspInit
 .text.HAL_UART_MspInit
                0x00000000080040d4       0xe0 Core/Src/stm32f4xx_hal_msp.o
                0x00000000080040d4                HAL_UART_MspInit
 .text.NMI_Handler
                0x00000000080041b4        0xe Core/Src/stm32f4xx_it.o
                0x00000000080041b4                NMI_Handler
 .text.HardFault_Handler
                0x00000000080041c2        0x6 Core/Src/stm32f4xx_it.o
                0x00000000080041c2                HardFault_Handler
 .text.MemManage_Handler
                0x00000000080041c8        0x6 Core/Src/stm32f4xx_it.o
                0x00000000080041c8                MemManage_Handler
 .text.BusFault_Handler
                0x00000000080041ce        0x6 Core/Src/stm32f4xx_it.o
                0x00000000080041ce                BusFault_Handler
 .text.UsageFault_Handler
                0x00000000080041d4        0x6 Core/Src/stm32f4xx_it.o
                0x00000000080041d4                UsageFault_Handler
 .text.SVC_Handler
                0x00000000080041da        0xe Core/Src/stm32f4xx_it.o
                0x00000000080041da                SVC_Handler
 .text.DebugMon_Handler
                0x00000000080041e8        0xe Core/Src/stm32f4xx_it.o
                0x00000000080041e8                DebugMon_Handler
 .text.PendSV_Handler
                0x00000000080041f6        0xe Core/Src/stm32f4xx_it.o
                0x00000000080041f6                PendSV_Handler
 .text.SysTick_Handler
                0x0000000008004204       0x10 Core/Src/stm32f4xx_it.o
                0x0000000008004204                SysTick_Handler
 .text.ADC_IRQHandler
                0x0000000008004214       0x14 Core/Src/stm32f4xx_it.o
                0x0000000008004214                ADC_IRQHandler
 .text.TIM4_IRQHandler
                0x0000000008004228       0x14 Core/Src/stm32f4xx_it.o
                0x0000000008004228                TIM4_IRQHandler
 .text.USART2_IRQHandler
                0x000000000800423c       0x14 Core/Src/stm32f4xx_it.o
                0x000000000800423c                USART2_IRQHandler
 .text.EXTI15_10_IRQHandler
                0x0000000008004250       0x30 Core/Src/stm32f4xx_it.o
                0x0000000008004250                EXTI15_10_IRQHandler
 .text.SPI3_IRQHandler
                0x0000000008004280       0x14 Core/Src/stm32f4xx_it.o
                0x0000000008004280                SPI3_IRQHandler
 .text.TIM6_DAC_IRQHandler
                0x0000000008004294       0x1c Core/Src/stm32f4xx_it.o
                0x0000000008004294                TIM6_DAC_IRQHandler
 .text.I2C3_EV_IRQHandler
                0x00000000080042b0       0x14 Core/Src/stm32f4xx_it.o
                0x00000000080042b0                I2C3_EV_IRQHandler
 .text.I2C3_ER_IRQHandler
                0x00000000080042c4       0x14 Core/Src/stm32f4xx_it.o
                0x00000000080042c4                I2C3_ER_IRQHandler
 .text._read    0x00000000080042d8       0x3a Core/Src/syscalls.o
                0x00000000080042d8                _read
 .text._write   0x0000000008004312       0x38 Core/Src/syscalls.o
                0x0000000008004312                _write
 .text._close   0x000000000800434a       0x18 Core/Src/syscalls.o
                0x000000000800434a                _close
 .text._fstat   0x0000000008004362       0x20 Core/Src/syscalls.o
                0x0000000008004362                _fstat
 .text._isatty  0x0000000008004382       0x16 Core/Src/syscalls.o
                0x0000000008004382                _isatty
 .text._lseek   0x0000000008004398       0x1a Core/Src/syscalls.o
                0x0000000008004398                _lseek
 *fill*         0x00000000080043b2        0x2 
 .text._sbrk    0x00000000080043b4       0x58 Core/Src/sysmem.o
                0x00000000080043b4                _sbrk
 .text.SystemInit
                0x000000000800440c       0x2c Core/Src/system_stm32f4xx.o
                0x000000000800440c                SystemInit
 .text.Reset_Handler
                0x0000000008004438       0x50 Core/Startup/startup_stm32f407vgtx.o
                0x0000000008004438                Reset_Handler
 .text.Default_Handler
                0x0000000008004488        0x2 Core/Startup/startup_stm32f407vgtx.o
                0x0000000008004488                RTC_Alarm_IRQHandler
                0x0000000008004488                HASH_RNG_IRQHandler
                0x0000000008004488                EXTI2_IRQHandler
                0x0000000008004488                TIM8_CC_IRQHandler
                0x0000000008004488                TIM1_CC_IRQHandler
                0x0000000008004488                DMA2_Stream5_IRQHandler
                0x0000000008004488                DMA1_Stream5_IRQHandler
                0x0000000008004488                PVD_IRQHandler
                0x0000000008004488                SDIO_IRQHandler
                0x0000000008004488                TAMP_STAMP_IRQHandler
                0x0000000008004488                CAN2_RX1_IRQHandler
                0x0000000008004488                EXTI3_IRQHandler
                0x0000000008004488                TIM8_TRG_COM_TIM14_IRQHandler
                0x0000000008004488                TIM1_UP_TIM10_IRQHandler
                0x0000000008004488                TIM8_UP_TIM13_IRQHandler
                0x0000000008004488                EXTI0_IRQHandler
                0x0000000008004488                I2C2_EV_IRQHandler
                0x0000000008004488                DMA1_Stream2_IRQHandler
                0x0000000008004488                CAN1_RX0_IRQHandler
                0x0000000008004488                FPU_IRQHandler
                0x0000000008004488                OTG_HS_WKUP_IRQHandler
                0x0000000008004488                CAN2_SCE_IRQHandler
                0x0000000008004488                DMA2_Stream2_IRQHandler
                0x0000000008004488                SPI1_IRQHandler
                0x0000000008004488                TIM1_BRK_TIM9_IRQHandler
                0x0000000008004488                DCMI_IRQHandler
                0x0000000008004488                CAN2_RX0_IRQHandler
                0x0000000008004488                DMA2_Stream3_IRQHandler
                0x0000000008004488                USART6_IRQHandler
                0x0000000008004488                USART3_IRQHandler
                0x0000000008004488                CAN1_RX1_IRQHandler
                0x0000000008004488                UART5_IRQHandler
                0x0000000008004488                DMA2_Stream0_IRQHandler
                0x0000000008004488                I2C1_EV_IRQHandler
                0x0000000008004488                DMA1_Stream6_IRQHandler
                0x0000000008004488                DMA1_Stream1_IRQHandler
                0x0000000008004488                UART4_IRQHandler
                0x0000000008004488                TIM3_IRQHandler
                0x0000000008004488                RCC_IRQHandler
                0x0000000008004488                TIM8_BRK_TIM12_IRQHandler
                0x0000000008004488                Default_Handler
                0x0000000008004488                DMA1_Stream7_IRQHandler
                0x0000000008004488                TIM7_IRQHandler
                0x0000000008004488                CAN2_TX_IRQHandler
                0x0000000008004488                TIM5_IRQHandler
                0x0000000008004488                DMA2_Stream7_IRQHandler
                0x0000000008004488                EXTI9_5_IRQHandler
                0x0000000008004488                RTC_WKUP_IRQHandler
                0x0000000008004488                ETH_WKUP_IRQHandler
                0x0000000008004488                SPI2_IRQHandler
                0x0000000008004488                OTG_HS_EP1_IN_IRQHandler
                0x0000000008004488                DMA1_Stream0_IRQHandler
                0x0000000008004488                CAN1_TX_IRQHandler
                0x0000000008004488                EXTI4_IRQHandler
                0x0000000008004488                FSMC_IRQHandler
                0x0000000008004488                ETH_IRQHandler
                0x0000000008004488                OTG_HS_EP1_OUT_IRQHandler
                0x0000000008004488                WWDG_IRQHandler
                0x0000000008004488                TIM2_IRQHandler
                0x0000000008004488                OTG_FS_WKUP_IRQHandler
                0x0000000008004488                TIM1_TRG_COM_TIM11_IRQHandler
                0x0000000008004488                OTG_HS_IRQHandler
                0x0000000008004488                EXTI1_IRQHandler
                0x0000000008004488                I2C2_ER_IRQHandler
                0x0000000008004488                DMA2_Stream1_IRQHandler
                0x0000000008004488                CAN1_SCE_IRQHandler
                0x0000000008004488                FLASH_IRQHandler
                0x0000000008004488                DMA2_Stream4_IRQHandler
                0x0000000008004488                USART1_IRQHandler
                0x0000000008004488                OTG_FS_IRQHandler
                0x0000000008004488                DMA1_Stream4_IRQHandler
                0x0000000008004488                I2C1_ER_IRQHandler
                0x0000000008004488                DMA2_Stream6_IRQHandler
                0x0000000008004488                DMA1_Stream3_IRQHandler
 *fill*         0x000000000800448a        0x2 
 .text.HAL_Init
                0x000000000800448c       0x44 Drivers/STM32F4xx_HAL_Driver/Src/stm32f4xx_hal.o
                0x000000000800448c                HAL_Init
 .text.HAL_InitTick
                0x00000000080044d0       0x60 Drivers/STM32F4xx_HAL_Driver/Src/stm32f4xx_hal.o
                0x00000000080044d0                HAL_InitTick
 .text.HAL_IncTick
                0x0000000008004530       0x28 Drivers/STM32F4xx_HAL_Driver/Src/stm32f4xx_hal.o
                0x0000000008004530                HAL_IncTick
 .text.HAL_GetTick
                0x0000000008004558       0x18 Drivers/STM32F4xx_HAL_Driver/Src/stm32f4xx_hal.o
                0x0000000008004558                HAL_GetTick
 .text.HAL_Delay
                0x0000000008004570       0x44 Drivers/STM32F4xx_HAL_Driver/Src/stm32f4xx_hal.o
                0x0000000008004570                HAL_Delay
 .text.HAL_ADC_Init
                0x00000000080045b4       0x86 Drivers/STM32F4xx_HAL_Driver/Src/stm32f4xx_hal_adc.o
                0x00000000080045b4                HAL_ADC_Init
 *fill*         0x000000000800463a        0x2 
 .text.HAL_ADC_Start_IT
                0x000000000800463c      0x1a0 Drivers/STM32F4xx_HAL_Driver/Src/stm32f4xx_hal_adc.o
                0x000000000800463c                HAL_ADC_Start_IT
 .text.HAL_ADC_IRQHandler
                0x00000000080047dc      0x282 Drivers/STM32F4xx_HAL_Driver/Src/stm32f4xx_hal_adc.o
                0x00000000080047dc                HAL_ADC_IRQHandler
 .text.HAL_ADC_GetValue
                0x0000000008004a5e       0x1a Drivers/STM32F4xx_HAL_Driver/Src/stm32f4xx_hal_adc.o
                0x0000000008004a5e                HAL_ADC_GetValue
 .text.HAL_ADC_LevelOutOfWindowCallback
                0x0000000008004a78       0x14 Drivers/STM32F4xx_HAL_Driver/Src/stm32f4xx_hal_adc.o
                0x0000000008004a78                HAL_ADC_LevelOutOfWindowCallback
 .text.HAL_ADC_ErrorCallback
                0x0000000008004a8c       0x14 Drivers/STM32F4xx_HAL_Driver/Src/stm32f4xx_hal_adc.o
                0x0000000008004a8c                HAL_ADC_ErrorCallback
 .text.HAL_ADC_ConfigChannel
                0x0000000008004aa0      0x244 Drivers/STM32F4xx_HAL_Driver/Src/stm32f4xx_hal_adc.o
                0x0000000008004aa0                HAL_ADC_ConfigChannel
 .text.ADC_Init
                0x0000000008004ce4      0x1f8 Drivers/STM32F4xx_HAL_Driver/Src/stm32f4xx_hal_adc.o
 .text.HAL_ADCEx_InjectedConvCpltCallback
                0x0000000008004edc       0x14 Drivers/STM32F4xx_HAL_Driver/Src/stm32f4xx_hal_adc_ex.o
                0x0000000008004edc                HAL_ADCEx_InjectedConvCpltCallback
 .text.__NVIC_SetPriorityGrouping
                0x0000000008004ef0       0x48 Drivers/STM32F4xx_HAL_Driver/Src/stm32f4xx_hal_cortex.o
 .text.__NVIC_GetPriorityGrouping
                0x0000000008004f38       0x1c Drivers/STM32F4xx_HAL_Driver/Src/stm32f4xx_hal_cortex.o
 .text.__NVIC_EnableIRQ
                0x0000000008004f54       0x3c Drivers/STM32F4xx_HAL_Driver/Src/stm32f4xx_hal_cortex.o
 .text.__NVIC_SetPriority
                0x0000000008004f90       0x54 Drivers/STM32F4xx_HAL_Driver/Src/stm32f4xx_hal_cortex.o
 .text.NVIC_EncodePriority
                0x0000000008004fe4       0x66 Drivers/STM32F4xx_HAL_Driver/Src/stm32f4xx_hal_cortex.o
 *fill*         0x000000000800504a        0x2 
 .text.SysTick_Config
                0x000000000800504c       0x44 Drivers/STM32F4xx_HAL_Driver/Src/stm32f4xx_hal_cortex.o
 .text.HAL_NVIC_SetPriorityGrouping
                0x0000000008005090       0x16 Drivers/STM32F4xx_HAL_Driver/Src/stm32f4xx_hal_cortex.o
                0x0000000008005090                HAL_NVIC_SetPriorityGrouping
 .text.HAL_NVIC_SetPriority
                0x00000000080050a6       0x38 Drivers/STM32F4xx_HAL_Driver/Src/stm32f4xx_hal_cortex.o
                0x00000000080050a6                HAL_NVIC_SetPriority
 .text.HAL_NVIC_EnableIRQ
                0x00000000080050de       0x1c Drivers/STM32F4xx_HAL_Driver/Src/stm32f4xx_hal_cortex.o
                0x00000000080050de                HAL_NVIC_EnableIRQ
 .text.HAL_SYSTICK_Config
                0x00000000080050fa       0x18 Drivers/STM32F4xx_HAL_Driver/Src/stm32f4xx_hal_cortex.o
                0x00000000080050fa                HAL_SYSTICK_Config
 .text.HAL_DAC_Init
                0x0000000008005112       0x44 Drivers/STM32F4xx_HAL_Driver/Src/stm32f4xx_hal_dac.o
                0x0000000008005112                HAL_DAC_Init
 .text.HAL_DAC_Start
                0x0000000008005156       0xcc Drivers/STM32F4xx_HAL_Driver/Src/stm32f4xx_hal_dac.o
                0x0000000008005156                HAL_DAC_Start
 .text.HAL_DAC_IRQHandler
                0x0000000008005222       0x94 Drivers/STM32F4xx_HAL_Driver/Src/stm32f4xx_hal_dac.o
                0x0000000008005222                HAL_DAC_IRQHandler
 .text.HAL_DAC_DMAUnderrunCallbackCh1
                0x00000000080052b6       0x14 Drivers/STM32F4xx_HAL_Driver/Src/stm32f4xx_hal_dac.o
                0x00000000080052b6                HAL_DAC_DMAUnderrunCallbackCh1
 .text.HAL_DAC_ConfigChannel
                0x00000000080052ca       0x9a Drivers/STM32F4xx_HAL_Driver/Src/stm32f4xx_hal_dac.o
                0x00000000080052ca                HAL_DAC_ConfigChannel
 .text.HAL_DAC_SetValue
                0x0000000008005364       0x4a Drivers/STM32F4xx_HAL_Driver/Src/stm32f4xx_hal_dac.o
                0x0000000008005364                HAL_DAC_SetValue
 .text.HAL_DACEx_DMAUnderrunCallbackCh2
                0x00000000080053ae       0x14 Drivers/STM32F4xx_HAL_Driver/Src/stm32f4xx_hal_dac_ex.o
                0x00000000080053ae                HAL_DACEx_DMAUnderrunCallbackCh2
 .text.HAL_DMA_Abort_IT
                0x00000000080053c2       0x44 Drivers/STM32F4xx_HAL_Driver/Src/stm32f4xx_hal_dma.o
                0x00000000080053c2                HAL_DMA_Abort_IT
 .text.HAL_DMA_GetState
                0x0000000008005406       0x1c Drivers/STM32F4xx_HAL_Driver/Src/stm32f4xx_hal_dma.o
                0x0000000008005406                HAL_DMA_GetState
 *fill*         0x0000000008005422        0x2 
 .text.HAL_GPIO_Init
                0x0000000008005424      0x334 Drivers/STM32F4xx_HAL_Driver/Src/stm32f4xx_hal_gpio.o
                0x0000000008005424                HAL_GPIO_Init
 .text.HAL_GPIO_ReadPin
                0x0000000008005758       0x30 Drivers/STM32F4xx_HAL_Driver/Src/stm32f4xx_hal_gpio.o
                0x0000000008005758                HAL_GPIO_ReadPin
 .text.HAL_GPIO_WritePin
                0x0000000008005788       0x32 Drivers/STM32F4xx_HAL_Driver/Src/stm32f4xx_hal_gpio.o
                0x0000000008005788                HAL_GPIO_WritePin
 .text.HAL_GPIO_TogglePin
                0x00000000080057ba       0x36 Drivers/STM32F4xx_HAL_Driver/Src/stm32f4xx_hal_gpio.o
                0x00000000080057ba                HAL_GPIO_TogglePin
 .text.HAL_GPIO_EXTI_IRQHandler
                0x00000000080057f0       0x30 Drivers/STM32F4xx_HAL_Driver/Src/stm32f4xx_hal_gpio.o
                0x00000000080057f0                HAL_GPIO_EXTI_IRQHandler
 .text.HAL_I2C_Init
                0x0000000008005820      0x270 Drivers/STM32F4xx_HAL_Driver/Src/stm32f4xx_hal_i2c.o
                0x0000000008005820                HAL_I2C_Init
 .text.HAL_I2C_Master_Transmit
                0x0000000008005a90      0x1fc Drivers/STM32F4xx_HAL_Driver/Src/stm32f4xx_hal_i2c.o
                0x0000000008005a90                HAL_I2C_Master_Transmit
 .text.HAL_I2C_EV_IRQHandler
                0x0000000008005c8c      0x2cc Drivers/STM32F4xx_HAL_Driver/Src/stm32f4xx_hal_i2c.o
                0x0000000008005c8c                HAL_I2C_EV_IRQHandler
 .text.HAL_I2C_ER_IRQHandler
                0x0000000008005f58      0x14e Drivers/STM32F4xx_HAL_Driver/Src/stm32f4xx_hal_i2c.o
                0x0000000008005f58                HAL_I2C_ER_IRQHandler
 .text.HAL_I2C_MasterTxCpltCallback
                0x00000000080060a6       0x14 Drivers/STM32F4xx_HAL_Driver/Src/stm32f4xx_hal_i2c.o
                0x00000000080060a6                HAL_I2C_MasterTxCpltCallback
 .text.HAL_I2C_MasterRxCpltCallback
                0x00000000080060ba       0x14 Drivers/STM32F4xx_HAL_Driver/Src/stm32f4xx_hal_i2c.o
                0x00000000080060ba                HAL_I2C_MasterRxCpltCallback
 .text.HAL_I2C_SlaveTxCpltCallback
                0x00000000080060ce       0x14 Drivers/STM32F4xx_HAL_Driver/Src/stm32f4xx_hal_i2c.o
                0x00000000080060ce                HAL_I2C_SlaveTxCpltCallback
 .text.HAL_I2C_SlaveRxCpltCallback
                0x00000000080060e2       0x14 Drivers/STM32F4xx_HAL_Driver/Src/stm32f4xx_hal_i2c.o
                0x00000000080060e2                HAL_I2C_SlaveRxCpltCallback
 .text.HAL_I2C_AddrCallback
                0x00000000080060f6       0x1c Drivers/STM32F4xx_HAL_Driver/Src/stm32f4xx_hal_i2c.o
                0x00000000080060f6                HAL_I2C_AddrCallback
 .text.HAL_I2C_ListenCpltCallback
                0x0000000008006112       0x14 Drivers/STM32F4xx_HAL_Driver/Src/stm32f4xx_hal_i2c.o
                0x0000000008006112                HAL_I2C_ListenCpltCallback
 .text.HAL_I2C_MemTxCpltCallback
                0x0000000008006126       0x14 Drivers/STM32F4xx_HAL_Driver/Src/stm32f4xx_hal_i2c.o
                0x0000000008006126                HAL_I2C_MemTxCpltCallback
 .text.HAL_I2C_MemRxCpltCallback
                0x000000000800613a       0x14 Drivers/STM32F4xx_HAL_Driver/Src/stm32f4xx_hal_i2c.o
                0x000000000800613a                HAL_I2C_MemRxCpltCallback
 .text.HAL_I2C_ErrorCallback
                0x000000000800614e       0x14 Drivers/STM32F4xx_HAL_Driver/Src/stm32f4xx_hal_i2c.o
                0x000000000800614e                HAL_I2C_ErrorCallback
 .text.HAL_I2C_AbortCpltCallback
                0x0000000008006162       0x14 Drivers/STM32F4xx_HAL_Driver/Src/stm32f4xx_hal_i2c.o
                0x0000000008006162                HAL_I2C_AbortCpltCallback
 .text.I2C_MasterTransmit_TXE
                0x0000000008006176      0x138 Drivers/STM32F4xx_HAL_Driver/Src/stm32f4xx_hal_i2c.o
 .text.I2C_MasterTransmit_BTF
                0x00000000080062ae      0x100 Drivers/STM32F4xx_HAL_Driver/Src/stm32f4xx_hal_i2c.o
 .text.I2C_MemoryTransmit_TXE_BTF
                0x00000000080063ae       0xce Drivers/STM32F4xx_HAL_Driver/Src/stm32f4xx_hal_i2c.o
 .text.I2C_MasterReceive_RXNE
                0x000000000800647c      0x104 Drivers/STM32F4xx_HAL_Driver/Src/stm32f4xx_hal_i2c.o
 .text.I2C_MasterReceive_BTF
                0x0000000008006580      0x1d4 Drivers/STM32F4xx_HAL_Driver/Src/stm32f4xx_hal_i2c.o
 .text.I2C_Master_SB
                0x0000000008006754      0x10c Drivers/STM32F4xx_HAL_Driver/Src/stm32f4xx_hal_i2c.o
 .text.I2C_Master_ADD10
                0x0000000008006860       0x54 Drivers/STM32F4xx_HAL_Driver/Src/stm32f4xx_hal_i2c.o
 .text.I2C_Master_ADDR
                0x00000000080068b4      0x322 Drivers/STM32F4xx_HAL_Driver/Src/stm32f4xx_hal_i2c.o
 .text.I2C_SlaveTransmit_TXE
                0x0000000008006bd6       0x7a Drivers/STM32F4xx_HAL_Driver/Src/stm32f4xx_hal_i2c.o
 .text.I2C_SlaveTransmit_BTF
                0x0000000008006c50       0x42 Drivers/STM32F4xx_HAL_Driver/Src/stm32f4xx_hal_i2c.o
 .text.I2C_SlaveReceive_RXNE
                0x0000000008006c92       0x7c Drivers/STM32F4xx_HAL_Driver/Src/stm32f4xx_hal_i2c.o
 .text.I2C_SlaveReceive_BTF
                0x0000000008006d0e       0x44 Drivers/STM32F4xx_HAL_Driver/Src/stm32f4xx_hal_i2c.o
 .text.I2C_Slave_ADDR
                0x0000000008006d52       0x88 Drivers/STM32F4xx_HAL_Driver/Src/stm32f4xx_hal_i2c.o
 *fill*         0x0000000008006dda        0x2 
 .text.I2C_Slave_STOPF
                0x0000000008006ddc      0x260 Drivers/STM32F4xx_HAL_Driver/Src/stm32f4xx_hal_i2c.o
 .text.I2C_Slave_AF
                0x000000000800703c       0xe0 Drivers/STM32F4xx_HAL_Driver/Src/stm32f4xx_hal_i2c.o
 .text.I2C_ITError
                0x000000000800711c      0x25c Drivers/STM32F4xx_HAL_Driver/Src/stm32f4xx_hal_i2c.o
 .text.I2C_MasterRequestWrite
                0x0000000008007378      0x104 Drivers/STM32F4xx_HAL_Driver/Src/stm32f4xx_hal_i2c.o
 .text.I2C_DMAAbort
                0x000000000800747c       0xfe Drivers/STM32F4xx_HAL_Driver/Src/stm32f4xx_hal_i2c.o
 .text.I2C_WaitOnFlagUntilTimeout
                0x000000000800757a       0xae Drivers/STM32F4xx_HAL_Driver/Src/stm32f4xx_hal_i2c.o
 .text.I2C_WaitOnMasterAddressFlagUntilTimeout
                0x0000000008007628       0xfe Drivers/STM32F4xx_HAL_Driver/Src/stm32f4xx_hal_i2c.o
 .text.I2C_WaitOnTXEFlagUntilTimeout
                0x0000000008007726       0x82 Drivers/STM32F4xx_HAL_Driver/Src/stm32f4xx_hal_i2c.o
 .text.I2C_WaitOnBTFFlagUntilTimeout
                0x00000000080077a8       0x82 Drivers/STM32F4xx_HAL_Driver/Src/stm32f4xx_hal_i2c.o
 .text.I2C_IsAcknowledgeFailed
                0x000000000800782a       0x5e Drivers/STM32F4xx_HAL_Driver/Src/stm32f4xx_hal_i2c.o
 .text.I2C_ConvertOtherXferOptions
                0x0000000008007888       0x36 Drivers/STM32F4xx_HAL_Driver/Src/stm32f4xx_hal_i2c.o
 *fill*         0x00000000080078be        0x2 
 .text.HAL_RCC_OscConfig
                0x00000000080078c0      0x4e0 Drivers/STM32F4xx_HAL_Driver/Src/stm32f4xx_hal_rcc.o
                0x00000000080078c0                HAL_RCC_OscConfig
 .text.HAL_RCC_ClockConfig
                0x0000000008007da0      0x1cc Drivers/STM32F4xx_HAL_Driver/Src/stm32f4xx_hal_rcc.o
                0x0000000008007da0                HAL_RCC_ClockConfig
 .text.HAL_RCC_GetSysClockFreq
                0x0000000008007f6c      0x1b0 Drivers/STM32F4xx_HAL_Driver/Src/stm32f4xx_hal_rcc.o
                0x0000000008007f6c                HAL_RCC_GetSysClockFreq
 .text.HAL_RCC_GetHCLKFreq
                0x000000000800811c       0x18 Drivers/STM32F4xx_HAL_Driver/Src/stm32f4xx_hal_rcc.o
                0x000000000800811c                HAL_RCC_GetHCLKFreq
 .text.HAL_RCC_GetPCLK1Freq
                0x0000000008008134       0x28 Drivers/STM32F4xx_HAL_Driver/Src/stm32f4xx_hal_rcc.o
                0x0000000008008134                HAL_RCC_GetPCLK1Freq
 .text.HAL_RCC_GetPCLK2Freq
                0x000000000800815c       0x28 Drivers/STM32F4xx_HAL_Driver/Src/stm32f4xx_hal_rcc.o
                0x000000000800815c                HAL_RCC_GetPCLK2Freq
 .text.HAL_SPI_Init
                0x0000000008008184       0xc8 Drivers/STM32F4xx_HAL_Driver/Src/stm32f4xx_hal_spi.o
                0x0000000008008184                HAL_SPI_Init
 .text.HAL_SPI_Transmit
                0x000000000800824c      0x268 Drivers/STM32F4xx_HAL_Driver/Src/stm32f4xx_hal_spi.o
                0x000000000800824c                HAL_SPI_Transmit
 .text.HAL_SPI_TransmitReceive
                0x00000000080084b4      0x344 Drivers/STM32F4xx_HAL_Driver/Src/stm32f4xx_hal_spi.o
                0x00000000080084b4                HAL_SPI_TransmitReceive
 .text.HAL_SPI_IRQHandler
                0x00000000080087f8      0x200 Drivers/STM32F4xx_HAL_Driver/Src/stm32f4xx_hal_spi.o
                0x00000000080087f8                HAL_SPI_IRQHandler
 .text.HAL_SPI_ErrorCallback
                0x00000000080089f8       0x14 Drivers/STM32F4xx_HAL_Driver/Src/stm32f4xx_hal_spi.o
                0x00000000080089f8                HAL_SPI_ErrorCallback
 .text.HAL_SPI_GetState
                0x0000000008008a0c       0x1c Drivers/STM32F4xx_HAL_Driver/Src/stm32f4xx_hal_spi.o
                0x0000000008008a0c                HAL_SPI_GetState
 .text.SPI_DMAAbortOnError
                0x0000000008008a28       0x28 Drivers/STM32F4xx_HAL_Driver/Src/stm32f4xx_hal_spi.o
 .text.SPI_WaitFlagStateUntilTimeout
                0x0000000008008a50       0xd4 Drivers/STM32F4xx_HAL_Driver/Src/stm32f4xx_hal_spi.o
 .text.SPI_EndRxTxTransaction
                0x0000000008008b24       0x84 Drivers/STM32F4xx_HAL_Driver/Src/stm32f4xx_hal_spi.o
 .text.HAL_TIM_Base_Init
                0x0000000008008ba8       0x56 Drivers/STM32F4xx_HAL_Driver/Src/stm32f4xx_hal_tim.o
                0x0000000008008ba8                HAL_TIM_Base_Init
 .text.HAL_TIM_Base_Start_IT
                0x0000000008008bfe       0x48 Drivers/STM32F4xx_HAL_Driver/Src/stm32f4xx_hal_tim.o
                0x0000000008008bfe                HAL_TIM_Base_Start_IT
 .text.HAL_TIM_Base_Stop_IT
                0x0000000008008c46       0x56 Drivers/STM32F4xx_HAL_Driver/Src/stm32f4xx_hal_tim.o
                0x0000000008008c46                HAL_TIM_Base_Stop_IT
 .text.HAL_TIM_IRQHandler
                0x0000000008008c9c      0x210 Drivers/STM32F4xx_HAL_Driver/Src/stm32f4xx_hal_tim.o
                0x0000000008008c9c                HAL_TIM_IRQHandler
 .text.HAL_TIM_ConfigClockSource
                0x0000000008008eac      0x16e Drivers/STM32F4xx_HAL_Driver/Src/stm32f4xx_hal_tim.o
                0x0000000008008eac                HAL_TIM_ConfigClockSource
 .text.HAL_TIM_OC_DelayElapsedCallback
                0x000000000800901a       0x14 Drivers/STM32F4xx_HAL_Driver/Src/stm32f4xx_hal_tim.o
                0x000000000800901a                HAL_TIM_OC_DelayElapsedCallback
 .text.HAL_TIM_IC_CaptureCallback
                0x000000000800902e       0x14 Drivers/STM32F4xx_HAL_Driver/Src/stm32f4xx_hal_tim.o
                0x000000000800902e                HAL_TIM_IC_CaptureCallback
 .text.HAL_TIM_PWM_PulseFinishedCallback
                0x0000000008009042       0x14 Drivers/STM32F4xx_HAL_Driver/Src/stm32f4xx_hal_tim.o
                0x0000000008009042                HAL_TIM_PWM_PulseFinishedCallback
 .text.HAL_TIM_TriggerCallback
                0x0000000008009056       0x14 Drivers/STM32F4xx_HAL_Driver/Src/stm32f4xx_hal_tim.o
                0x0000000008009056                HAL_TIM_TriggerCallback
 *fill*         0x000000000800906a        0x2 
 .text.TIM_Base_SetConfig
                0x000000000800906c      0x140 Drivers/STM32F4xx_HAL_Driver/Src/stm32f4xx_hal_tim.o
                0x000000000800906c                TIM_Base_SetConfig
 .text.TIM_TI1_ConfigInputStage
                0x00000000080091ac       0x5e Drivers/STM32F4xx_HAL_Driver/Src/stm32f4xx_hal_tim.o
 .text.TIM_TI2_ConfigInputStage
                0x000000000800920a       0x60 Drivers/STM32F4xx_HAL_Driver/Src/stm32f4xx_hal_tim.o
 .text.TIM_ITRx_SetConfig
                0x000000000800926a       0x36 Drivers/STM32F4xx_HAL_Driver/Src/stm32f4xx_hal_tim.o
 .text.TIM_ETR_SetConfig
                0x00000000080092a0       0x40 Drivers/STM32F4xx_HAL_Driver/Src/stm32f4xx_hal_tim.o
                0x00000000080092a0                TIM_ETR_SetConfig
 .text.HAL_TIMEx_MasterConfigSynchronization
                0x00000000080092e0       0xf8 Drivers/STM32F4xx_HAL_Driver/Src/stm32f4xx_hal_tim_ex.o
                0x00000000080092e0                HAL_TIMEx_MasterConfigSynchronization
 .text.HAL_TIMEx_CommutCallback
                0x00000000080093d8       0x14 Drivers/STM32F4xx_HAL_Driver/Src/stm32f4xx_hal_tim_ex.o
                0x00000000080093d8                HAL_TIMEx_CommutCallback
 .text.HAL_TIMEx_BreakCallback
                0x00000000080093ec       0x14 Drivers/STM32F4xx_HAL_Driver/Src/stm32f4xx_hal_tim_ex.o
                0x00000000080093ec                HAL_TIMEx_BreakCallback
 .text.HAL_UART_Init
                0x0000000008009400       0x9a Drivers/STM32F4xx_HAL_Driver/Src/stm32f4xx_hal_uart.o
                0x0000000008009400                HAL_UART_Init
 .text.HAL_UART_Receive_IT
                0x000000000800949a       0xaa Drivers/STM32F4xx_HAL_Driver/Src/stm32f4xx_hal_uart.o
                0x000000000800949a                HAL_UART_Receive_IT
 .text.HAL_UART_IRQHandler
                0x0000000008009544      0x200 Drivers/STM32F4xx_HAL_Driver/Src/stm32f4xx_hal_uart.o
                0x0000000008009544                HAL_UART_IRQHandler
 .text.HAL_UART_TxCpltCallback
                0x0000000008009744       0x14 Drivers/STM32F4xx_HAL_Driver/Src/stm32f4xx_hal_uart.o
                0x0000000008009744                HAL_UART_TxCpltCallback
 .text.HAL_UART_ErrorCallback
                0x0000000008009758       0x14 Drivers/STM32F4xx_HAL_Driver/Src/stm32f4xx_hal_uart.o
                0x0000000008009758                HAL_UART_ErrorCallback
 .text.UART_EndRxTransfer
                0x000000000800976c       0x3c Drivers/STM32F4xx_HAL_Driver/Src/stm32f4xx_hal_uart.o
 .text.UART_DMAAbortOnError
                0x00000000080097a8       0x28 Drivers/STM32F4xx_HAL_Driver/Src/stm32f4xx_hal_uart.o
 .text.UART_Transmit_IT
                0x00000000080097d0       0xac Drivers/STM32F4xx_HAL_Driver/Src/stm32f4xx_hal_uart.o
 .text.UART_EndTransmit_IT
                0x000000000800987c       0x30 Drivers/STM32F4xx_HAL_Driver/Src/stm32f4xx_hal_uart.o
 .text.UART_Receive_IT
                0x00000000080098ac      0x102 Drivers/STM32F4xx_HAL_Driver/Src/stm32f4xx_hal_uart.o
 *fill*         0x00000000080099ae        0x2 
 .text.UART_SetConfig
                0x00000000080099b0      0x6f8 Drivers/STM32F4xx_HAL_Driver/Src/stm32f4xx_hal_uart.o
 .text.__errno  0x000000000800a0a8        0xc e:/ide/stm32cubeide_1.1.0/stm32cubeide/plugins/com.st.stm32cube.ide.mcu.externaltools.gnu-tools-for-stm32.7-2018-q2-update.win32_1.0.0.201904181610/tools/bin/../lib/gcc/arm-none-eabi/7.3.1/../../../../arm-none-eabi/lib/thumb/v7e-m/fpv4-sp/hard\libc_nano.a(lib_a-errno.o)
                0x000000000800a0a8                __errno
 .text.__libc_init_array
                0x000000000800a0b4       0x48 e:/ide/stm32cubeide_1.1.0/stm32cubeide/plugins/com.st.stm32cube.ide.mcu.externaltools.gnu-tools-for-stm32.7-2018-q2-update.win32_1.0.0.201904181610/tools/bin/../lib/gcc/arm-none-eabi/7.3.1/../../../../arm-none-eabi/lib/thumb/v7e-m/fpv4-sp/hard\libc_nano.a(lib_a-init.o)
                0x000000000800a0b4                __libc_init_array
 .text.memset   0x000000000800a0fc       0x10 e:/ide/stm32cubeide_1.1.0/stm32cubeide/plugins/com.st.stm32cube.ide.mcu.externaltools.gnu-tools-for-stm32.7-2018-q2-update.win32_1.0.0.201904181610/tools/bin/../lib/gcc/arm-none-eabi/7.3.1/../../../../arm-none-eabi/lib/thumb/v7e-m/fpv4-sp/hard\libc_nano.a(lib_a-memset.o)
                0x000000000800a0fc                memset
 .text._puts_r  0x000000000800a10c       0xb8 e:/ide/stm32cubeide_1.1.0/stm32cubeide/plugins/com.st.stm32cube.ide.mcu.externaltools.gnu-tools-for-stm32.7-2018-q2-update.win32_1.0.0.201904181610/tools/bin/../lib/gcc/arm-none-eabi/7.3.1/../../../../arm-none-eabi/lib/thumb/v7e-m/fpv4-sp/hard\libc_nano.a(lib_a-puts.o)
                0x000000000800a10c                _puts_r
 .text.puts     0x000000000800a1c4       0x10 e:/ide/stm32cubeide_1.1.0/stm32cubeide/plugins/com.st.stm32cube.ide.mcu.externaltools.gnu-tools-for-stm32.7-2018-q2-update.win32_1.0.0.201904181610/tools/bin/../lib/gcc/arm-none-eabi/7.3.1/../../../../arm-none-eabi/lib/thumb/v7e-m/fpv4-sp/hard\libc_nano.a(lib_a-puts.o)
                0x000000000800a1c4                puts
 .text.strcpy   0x000000000800a1d4       0x10 e:/ide/stm32cubeide_1.1.0/stm32cubeide/plugins/com.st.stm32cube.ide.mcu.externaltools.gnu-tools-for-stm32.7-2018-q2-update.win32_1.0.0.201904181610/tools/bin/../lib/gcc/arm-none-eabi/7.3.1/../../../../arm-none-eabi/lib/thumb/v7e-m/fpv4-sp/hard\libc_nano.a(lib_a-strcpy.o)
                0x000000000800a1d4                strcpy
 .text.__swbuf_r
                0x000000000800a1e4       0xa4 e:/ide/stm32cubeide_1.1.0/stm32cubeide/plugins/com.st.stm32cube.ide.mcu.externaltools.gnu-tools-for-stm32.7-2018-q2-update.win32_1.0.0.201904181610/tools/bin/../lib/gcc/arm-none-eabi/7.3.1/../../../../arm-none-eabi/lib/thumb/v7e-m/fpv4-sp/hard\libc_nano.a(lib_a-wbuf.o)
                0x000000000800a1e4                __swbuf_r
 .text.__swsetup_r
                0x000000000800a288       0xdc e:/ide/stm32cubeide_1.1.0/stm32cubeide/plugins/com.st.stm32cube.ide.mcu.externaltools.gnu-tools-for-stm32.7-2018-q2-update.win32_1.0.0.201904181610/tools/bin/../lib/gcc/arm-none-eabi/7.3.1/../../../../arm-none-eabi/lib/thumb/v7e-m/fpv4-sp/hard\libc_nano.a(lib_a-wsetup.o)
                0x000000000800a288                __swsetup_r
 .text.__sflush_r
                0x000000000800a364      0x10c e:/ide/stm32cubeide_1.1.0/stm32cubeide/plugins/com.st.stm32cube.ide.mcu.externaltools.gnu-tools-for-stm32.7-2018-q2-update.win32_1.0.0.201904181610/tools/bin/../lib/gcc/arm-none-eabi/7.3.1/../../../../arm-none-eabi/lib/thumb/v7e-m/fpv4-sp/hard\libc_nano.a(lib_a-fflush.o)
                0x000000000800a364                __sflush_r
 .text._fflush_r
                0x000000000800a470       0x54 e:/ide/stm32cubeide_1.1.0/stm32cubeide/plugins/com.st.stm32cube.ide.mcu.externaltools.gnu-tools-for-stm32.7-2018-q2-update.win32_1.0.0.201904181610/tools/bin/../lib/gcc/arm-none-eabi/7.3.1/../../../../arm-none-eabi/lib/thumb/v7e-m/fpv4-sp/hard\libc_nano.a(lib_a-fflush.o)
                0x000000000800a470                _fflush_r
 .text.std      0x000000000800a4c4       0x48 e:/ide/stm32cubeide_1.1.0/stm32cubeide/plugins/com.st.stm32cube.ide.mcu.externaltools.gnu-tools-for-stm32.7-2018-q2-update.win32_1.0.0.201904181610/tools/bin/../lib/gcc/arm-none-eabi/7.3.1/../../../../arm-none-eabi/lib/thumb/v7e-m/fpv4-sp/hard\libc_nano.a(lib_a-findfp.o)
 .text._cleanup_r
                0x000000000800a50c        0xc e:/ide/stm32cubeide_1.1.0/stm32cubeide/plugins/com.st.stm32cube.ide.mcu.externaltools.gnu-tools-for-stm32.7-2018-q2-update.win32_1.0.0.201904181610/tools/bin/../lib/gcc/arm-none-eabi/7.3.1/../../../../arm-none-eabi/lib/thumb/v7e-m/fpv4-sp/hard\libc_nano.a(lib_a-findfp.o)
                0x000000000800a50c                _cleanup_r
 .text.__sfmoreglue
                0x000000000800a518       0x2c e:/ide/stm32cubeide_1.1.0/stm32cubeide/plugins/com.st.stm32cube.ide.mcu.externaltools.gnu-tools-for-stm32.7-2018-q2-update.win32_1.0.0.201904181610/tools/bin/../lib/gcc/arm-none-eabi/7.3.1/../../../../arm-none-eabi/lib/thumb/v7e-m/fpv4-sp/hard\libc_nano.a(lib_a-findfp.o)
                0x000000000800a518                __sfmoreglue
 .text.__sinit  0x000000000800a544       0x60 e:/ide/stm32cubeide_1.1.0/stm32cubeide/plugins/com.st.stm32cube.ide.mcu.externaltools.gnu-tools-for-stm32.7-2018-q2-update.win32_1.0.0.201904181610/tools/bin/../lib/gcc/arm-none-eabi/7.3.1/../../../../arm-none-eabi/lib/thumb/v7e-m/fpv4-sp/hard\libc_nano.a(lib_a-findfp.o)
                0x000000000800a544                __sinit
 .text.__sfp    0x000000000800a5a4       0x78 e:/ide/stm32cubeide_1.1.0/stm32cubeide/plugins/com.st.stm32cube.ide.mcu.externaltools.gnu-tools-for-stm32.7-2018-q2-update.win32_1.0.0.201904181610/tools/bin/../lib/gcc/arm-none-eabi/7.3.1/../../../../arm-none-eabi/lib/thumb/v7e-m/fpv4-sp/hard\libc_nano.a(lib_a-findfp.o)
                0x000000000800a5a4                __sfp
 .text._fwalk_reent
                0x000000000800a61c       0x3c e:/ide/stm32cubeide_1.1.0/stm32cubeide/plugins/com.st.stm32cube.ide.mcu.externaltools.gnu-tools-for-stm32.7-2018-q2-update.win32_1.0.0.201904181610/tools/bin/../lib/gcc/arm-none-eabi/7.3.1/../../../../arm-none-eabi/lib/thumb/v7e-m/fpv4-sp/hard\libc_nano.a(lib_a-fwalk.o)
                0x000000000800a61c                _fwalk_reent
 .text.__swhatbuf_r
                0x000000000800a658       0x48 e:/ide/stm32cubeide_1.1.0/stm32cubeide/plugins/com.st.stm32cube.ide.mcu.externaltools.gnu-tools-for-stm32.7-2018-q2-update.win32_1.0.0.201904181610/tools/bin/../lib/gcc/arm-none-eabi/7.3.1/../../../../arm-none-eabi/lib/thumb/v7e-m/fpv4-sp/hard\libc_nano.a(lib_a-makebuf.o)
                0x000000000800a658                __swhatbuf_r
 .text.__smakebuf_r
                0x000000000800a6a0       0x80 e:/ide/stm32cubeide_1.1.0/stm32cubeide/plugins/com.st.stm32cube.ide.mcu.externaltools.gnu-tools-for-stm32.7-2018-q2-update.win32_1.0.0.201904181610/tools/bin/../lib/gcc/arm-none-eabi/7.3.1/../../../../arm-none-eabi/lib/thumb/v7e-m/fpv4-sp/hard\libc_nano.a(lib_a-makebuf.o)
                0x000000000800a6a0                __smakebuf_r
 .text._free_r  0x000000000800a720       0x9c e:/ide/stm32cubeide_1.1.0/stm32cubeide/plugins/com.st.stm32cube.ide.mcu.externaltools.gnu-tools-for-stm32.7-2018-q2-update.win32_1.0.0.201904181610/tools/bin/../lib/gcc/arm-none-eabi/7.3.1/../../../../arm-none-eabi/lib/thumb/v7e-m/fpv4-sp/hard\libc_nano.a(lib_a-nano-freer.o)
                0x000000000800a720                _free_r
 .text._malloc_r
                0x000000000800a7bc       0xb4 e:/ide/stm32cubeide_1.1.0/stm32cubeide/plugins/com.st.stm32cube.ide.mcu.externaltools.gnu-tools-for-stm32.7-2018-q2-update.win32_1.0.0.201904181610/tools/bin/../lib/gcc/arm-none-eabi/7.3.1/../../../../arm-none-eabi/lib/thumb/v7e-m/fpv4-sp/hard\libc_nano.a(lib_a-nano-mallocr.o)
                0x000000000800a7bc                _malloc_r
 .text._sbrk_r  0x000000000800a870       0x20 e:/ide/stm32cubeide_1.1.0/stm32cubeide/plugins/com.st.stm32cube.ide.mcu.externaltools.gnu-tools-for-stm32.7-2018-q2-update.win32_1.0.0.201904181610/tools/bin/../lib/gcc/arm-none-eabi/7.3.1/../../../../arm-none-eabi/lib/thumb/v7e-m/fpv4-sp/hard\libc_nano.a(lib_a-sbrkr.o)
                0x000000000800a870                _sbrk_r
 .text.__sread  0x000000000800a890       0x22 e:/ide/stm32cubeide_1.1.0/stm32cubeide/plugins/com.st.stm32cube.ide.mcu.externaltools.gnu-tools-for-stm32.7-2018-q2-update.win32_1.0.0.201904181610/tools/bin/../lib/gcc/arm-none-eabi/7.3.1/../../../../arm-none-eabi/lib/thumb/v7e-m/fpv4-sp/hard\libc_nano.a(lib_a-stdio.o)
                0x000000000800a890                __sread
 .text.__swrite
                0x000000000800a8b2       0x38 e:/ide/stm32cubeide_1.1.0/stm32cubeide/plugins/com.st.stm32cube.ide.mcu.externaltools.gnu-tools-for-stm32.7-2018-q2-update.win32_1.0.0.201904181610/tools/bin/../lib/gcc/arm-none-eabi/7.3.1/../../../../arm-none-eabi/lib/thumb/v7e-m/fpv4-sp/hard\libc_nano.a(lib_a-stdio.o)
                0x000000000800a8b2                __swrite
 .text.__sseek  0x000000000800a8ea       0x24 e:/ide/stm32cubeide_1.1.0/stm32cubeide/plugins/com.st.stm32cube.ide.mcu.externaltools.gnu-tools-for-stm32.7-2018-q2-update.win32_1.0.0.201904181610/tools/bin/../lib/gcc/arm-none-eabi/7.3.1/../../../../arm-none-eabi/lib/thumb/v7e-m/fpv4-sp/hard\libc_nano.a(lib_a-stdio.o)
                0x000000000800a8ea                __sseek
 .text.__sclose
                0x000000000800a90e        0x8 e:/ide/stm32cubeide_1.1.0/stm32cubeide/plugins/com.st.stm32cube.ide.mcu.externaltools.gnu-tools-for-stm32.7-2018-q2-update.win32_1.0.0.201904181610/tools/bin/../lib/gcc/arm-none-eabi/7.3.1/../../../../arm-none-eabi/lib/thumb/v7e-m/fpv4-sp/hard\libc_nano.a(lib_a-stdio.o)
                0x000000000800a90e                __sclose
 *fill*         0x000000000800a916        0x2 
 .text._write_r
                0x000000000800a918       0x24 e:/ide/stm32cubeide_1.1.0/stm32cubeide/plugins/com.st.stm32cube.ide.mcu.externaltools.gnu-tools-for-stm32.7-2018-q2-update.win32_1.0.0.201904181610/tools/bin/../lib/gcc/arm-none-eabi/7.3.1/../../../../arm-none-eabi/lib/thumb/v7e-m/fpv4-sp/hard\libc_nano.a(lib_a-writer.o)
                0x000000000800a918                _write_r
 .text._close_r
                0x000000000800a93c       0x20 e:/ide/stm32cubeide_1.1.0/stm32cubeide/plugins/com.st.stm32cube.ide.mcu.externaltools.gnu-tools-for-stm32.7-2018-q2-update.win32_1.0.0.201904181610/tools/bin/../lib/gcc/arm-none-eabi/7.3.1/../../../../arm-none-eabi/lib/thumb/v7e-m/fpv4-sp/hard\libc_nano.a(lib_a-closer.o)
                0x000000000800a93c                _close_r
 .text._fstat_r
                0x000000000800a95c       0x24 e:/ide/stm32cubeide_1.1.0/stm32cubeide/plugins/com.st.stm32cube.ide.mcu.externaltools.gnu-tools-for-stm32.7-2018-q2-update.win32_1.0.0.201904181610/tools/bin/../lib/gcc/arm-none-eabi/7.3.1/../../../../arm-none-eabi/lib/thumb/v7e-m/fpv4-sp/hard\libc_nano.a(lib_a-fstatr.o)
                0x000000000800a95c                _fstat_r
 .text._isatty_r
                0x000000000800a980       0x20 e:/ide/stm32cubeide_1.1.0/stm32cubeide/plugins/com.st.stm32cube.ide.mcu.externaltools.gnu-tools-for-stm32.7-2018-q2-update.win32_1.0.0.201904181610/tools/bin/../lib/gcc/arm-none-eabi/7.3.1/../../../../arm-none-eabi/lib/thumb/v7e-m/fpv4-sp/hard\libc_nano.a(lib_a-isattyr.o)
                0x000000000800a980                _isatty_r
 .text._lseek_r
                0x000000000800a9a0       0x24 e:/ide/stm32cubeide_1.1.0/stm32cubeide/plugins/com.st.stm32cube.ide.mcu.externaltools.gnu-tools-for-stm32.7-2018-q2-update.win32_1.0.0.201904181610/tools/bin/../lib/gcc/arm-none-eabi/7.3.1/../../../../arm-none-eabi/lib/thumb/v7e-m/fpv4-sp/hard\libc_nano.a(lib_a-lseekr.o)
                0x000000000800a9a0                _lseek_r
 .text.__malloc_lock
                0x000000000800a9c4        0x2 e:/ide/stm32cubeide_1.1.0/stm32cubeide/plugins/com.st.stm32cube.ide.mcu.externaltools.gnu-tools-for-stm32.7-2018-q2-update.win32_1.0.0.201904181610/tools/bin/../lib/gcc/arm-none-eabi/7.3.1/../../../../arm-none-eabi/lib/thumb/v7e-m/fpv4-sp/hard\libc_nano.a(lib_a-mlock.o)
                0x000000000800a9c4                __malloc_lock
 .text.__malloc_unlock
                0x000000000800a9c6        0x2 e:/ide/stm32cubeide_1.1.0/stm32cubeide/plugins/com.st.stm32cube.ide.mcu.externaltools.gnu-tools-for-stm32.7-2018-q2-update.win32_1.0.0.201904181610/tools/bin/../lib/gcc/arm-none-eabi/7.3.1/../../../../arm-none-eabi/lib/thumb/v7e-m/fpv4-sp/hard\libc_nano.a(lib_a-mlock.o)
                0x000000000800a9c6                __malloc_unlock
 .text._read_r  0x000000000800a9c8       0x24 e:/ide/stm32cubeide_1.1.0/stm32cubeide/plugins/com.st.stm32cube.ide.mcu.externaltools.gnu-tools-for-stm32.7-2018-q2-update.win32_1.0.0.201904181610/tools/bin/../lib/gcc/arm-none-eabi/7.3.1/../../../../arm-none-eabi/lib/thumb/v7e-m/fpv4-sp/hard\libc_nano.a(lib_a-readr.o)
                0x000000000800a9c8                _read_r
 *(.glue_7)
 .glue_7        0x000000000800a9ec        0x0 linker stubs
 *(.glue_7t)
 .glue_7t       0x000000000800a9ec        0x0 linker stubs
 *(.eh_frame)
 .eh_frame      0x000000000800a9ec        0x0 e:/ide/stm32cubeide_1.1.0/stm32cubeide/plugins/com.st.stm32cube.ide.mcu.externaltools.gnu-tools-for-stm32.7-2018-q2-update.win32_1.0.0.201904181610/tools/bin/../lib/gcc/arm-none-eabi/7.3.1/thumb/v7e-m/fpv4-sp/hard/crtbegin.o
 *(.init)
 .init          0x000000000800a9ec        0x4 e:/ide/stm32cubeide_1.1.0/stm32cubeide/plugins/com.st.stm32cube.ide.mcu.externaltools.gnu-tools-for-stm32.7-2018-q2-update.win32_1.0.0.201904181610/tools/bin/../lib/gcc/arm-none-eabi/7.3.1/thumb/v7e-m/fpv4-sp/hard/crti.o
                0x000000000800a9ec                _init
 .init          0x000000000800a9f0        0x8 e:/ide/stm32cubeide_1.1.0/stm32cubeide/plugins/com.st.stm32cube.ide.mcu.externaltools.gnu-tools-for-stm32.7-2018-q2-update.win32_1.0.0.201904181610/tools/bin/../lib/gcc/arm-none-eabi/7.3.1/thumb/v7e-m/fpv4-sp/hard/crtn.o
 *(.fini)
 .fini          0x000000000800a9f8        0x4 e:/ide/stm32cubeide_1.1.0/stm32cubeide/plugins/com.st.stm32cube.ide.mcu.externaltools.gnu-tools-for-stm32.7-2018-q2-update.win32_1.0.0.201904181610/tools/bin/../lib/gcc/arm-none-eabi/7.3.1/thumb/v7e-m/fpv4-sp/hard/crti.o
                0x000000000800a9f8                _fini
 .fini          0x000000000800a9fc        0x8 e:/ide/stm32cubeide_1.1.0/stm32cubeide/plugins/com.st.stm32cube.ide.mcu.externaltools.gnu-tools-for-stm32.7-2018-q2-update.win32_1.0.0.201904181610/tools/bin/../lib/gcc/arm-none-eabi/7.3.1/thumb/v7e-m/fpv4-sp/hard/crtn.o
                0x000000000800aa04                . = ALIGN (0x4)
                0x000000000800aa04                _etext = .

.vfp11_veneer   0x000000000800aa04        0x0
 .vfp11_veneer  0x000000000800aa04        0x0 linker stubs

.v4_bx          0x000000000800aa04        0x0
 .v4_bx         0x000000000800aa04        0x0 linker stubs

.iplt           0x000000000800aa04        0x0
 .iplt          0x000000000800aa04        0x0 e:/ide/stm32cubeide_1.1.0/stm32cubeide/plugins/com.st.stm32cube.ide.mcu.externaltools.gnu-tools-for-stm32.7-2018-q2-update.win32_1.0.0.201904181610/tools/bin/../lib/gcc/arm-none-eabi/7.3.1/thumb/v7e-m/fpv4-sp/hard/crtbegin.o

.rodata         0x000000000800aa04       0xb8
                0x000000000800aa04                . = ALIGN (0x4)
 *(.rodata)
 .rodata        0x000000000800aa04       0x1a Core/Src/ff.o
 *fill*         0x000000000800aa1e        0x2 
 .rodata        0x000000000800aa20       0x1f Core/Src/main.o
 *(.rodata*)
 *fill*         0x000000000800aa3f        0x1 
 .rodata.AHBPrescTable
                0x000000000800aa40       0x10 Core/Src/system_stm32f4xx.o
                0x000000000800aa40                AHBPrescTable
 .rodata.APBPrescTable
                0x000000000800aa50        0x8 Core/Src/system_stm32f4xx.o
                0x000000000800aa50                APBPrescTable
 .rodata._global_impure_ptr
                0x000000000800aa58        0x4 e:/ide/stm32cubeide_1.1.0/stm32cubeide/plugins/com.st.stm32cube.ide.mcu.externaltools.gnu-tools-for-stm32.7-2018-q2-update.win32_1.0.0.201904181610/tools/bin/../lib/gcc/arm-none-eabi/7.3.1/../../../../arm-none-eabi/lib/thumb/v7e-m/fpv4-sp/hard\libc_nano.a(lib_a-impure.o)
                0x000000000800aa58                _global_impure_ptr
 .rodata.__sf_fake_stderr
                0x000000000800aa5c       0x20 e:/ide/stm32cubeide_1.1.0/stm32cubeide/plugins/com.st.stm32cube.ide.mcu.externaltools.gnu-tools-for-stm32.7-2018-q2-update.win32_1.0.0.201904181610/tools/bin/../lib/gcc/arm-none-eabi/7.3.1/../../../../arm-none-eabi/lib/thumb/v7e-m/fpv4-sp/hard\libc_nano.a(lib_a-findfp.o)
                0x000000000800aa5c                __sf_fake_stderr
 .rodata.__sf_fake_stdin
                0x000000000800aa7c       0x20 e:/ide/stm32cubeide_1.1.0/stm32cubeide/plugins/com.st.stm32cube.ide.mcu.externaltools.gnu-tools-for-stm32.7-2018-q2-update.win32_1.0.0.201904181610/tools/bin/../lib/gcc/arm-none-eabi/7.3.1/../../../../arm-none-eabi/lib/thumb/v7e-m/fpv4-sp/hard\libc_nano.a(lib_a-findfp.o)
                0x000000000800aa7c                __sf_fake_stdin
 .rodata.__sf_fake_stdout
                0x000000000800aa9c       0x20 e:/ide/stm32cubeide_1.1.0/stm32cubeide/plugins/com.st.stm32cube.ide.mcu.externaltools.gnu-tools-for-stm32.7-2018-q2-update.win32_1.0.0.201904181610/tools/bin/../lib/gcc/arm-none-eabi/7.3.1/../../../../arm-none-eabi/lib/thumb/v7e-m/fpv4-sp/hard\libc_nano.a(lib_a-findfp.o)
                0x000000000800aa9c                __sf_fake_stdout
                0x000000000800aabc                . = ALIGN (0x4)

.ARM.extab      0x000000000800aabc        0x0
                0x000000000800aabc                . = ALIGN (0x4)
 *(.ARM.extab* .gnu.linkonce.armextab.*)
                0x000000000800aabc                . = ALIGN (0x4)

.ARM            0x000000000800aabc        0x8
                0x000000000800aabc                . = ALIGN (0x4)
                0x000000000800aabc                __exidx_start = .
 *(.ARM.exidx*)
 .ARM.exidx     0x000000000800aabc        0x8 e:/ide/stm32cubeide_1.1.0/stm32cubeide/plugins/com.st.stm32cube.ide.mcu.externaltools.gnu-tools-for-stm32.7-2018-q2-update.win32_1.0.0.201904181610/tools/bin/../lib/gcc/arm-none-eabi/7.3.1/thumb/v7e-m/fpv4-sp/hard\libgcc.a(_udivmoddi4.o)
                0x000000000800aac4                __exidx_end = .
                0x000000000800aac4                . = ALIGN (0x4)

.rel.dyn        0x000000000800aac4        0x0
 .rel.iplt      0x000000000800aac4        0x0 e:/ide/stm32cubeide_1.1.0/stm32cubeide/plugins/com.st.stm32cube.ide.mcu.externaltools.gnu-tools-for-stm32.7-2018-q2-update.win32_1.0.0.201904181610/tools/bin/../lib/gcc/arm-none-eabi/7.3.1/thumb/v7e-m/fpv4-sp/hard/crtbegin.o

.preinit_array  0x000000000800aac4        0x0
                0x000000000800aac4                . = ALIGN (0x4)
                0x000000000800aac4                PROVIDE (__preinit_array_start = .)
 *(.preinit_array*)
                0x000000000800aac4                PROVIDE (__preinit_array_end = .)
                0x000000000800aac4                . = ALIGN (0x4)

.init_array     0x000000000800aac4        0x4
                0x000000000800aac4                . = ALIGN (0x4)
                0x000000000800aac4                PROVIDE (__init_array_start = .)
 *(SORT_BY_NAME(.init_array.*))
 *(.init_array*)
 .init_array    0x000000000800aac4        0x4 e:/ide/stm32cubeide_1.1.0/stm32cubeide/plugins/com.st.stm32cube.ide.mcu.externaltools.gnu-tools-for-stm32.7-2018-q2-update.win32_1.0.0.201904181610/tools/bin/../lib/gcc/arm-none-eabi/7.3.1/thumb/v7e-m/fpv4-sp/hard/crtbegin.o
                0x000000000800aac8                PROVIDE (__init_array_end = .)
                0x000000000800aac8                . = ALIGN (0x4)

.fini_array     0x000000000800aac8        0x4
                0x000000000800aac8                . = ALIGN (0x4)
                [!provide]                        PROVIDE (__fini_array_start = .)
 *(SORT_BY_NAME(.fini_array.*))
 *(.fini_array*)
 .fini_array    0x000000000800aac8        0x4 e:/ide/stm32cubeide_1.1.0/stm32cubeide/plugins/com.st.stm32cube.ide.mcu.externaltools.gnu-tools-for-stm32.7-2018-q2-update.win32_1.0.0.201904181610/tools/bin/../lib/gcc/arm-none-eabi/7.3.1/thumb/v7e-m/fpv4-sp/hard/crtbegin.o
                [!provide]                        PROVIDE (__fini_array_end = .)
                0x000000000800aacc                . = ALIGN (0x4)
                0x000000000800aacc                _sidata = LOADADDR (.data)

.data           0x0000000020000000       0x7c load address 0x000000000800aacc
                0x0000000020000000                . = ALIGN (0x4)
                0x0000000020000000                _sdata = .
 *(.data)
 *(.data*)
 .data.Stat     0x0000000020000000        0x1 Core/Src/diskio.o
 *fill*         0x0000000020000001        0x1 
 .data.sizeReceiveUART
                0x0000000020000002        0x2 Core/Src/main.o
                0x0000000020000002                sizeReceiveUART
 .data.j        0x0000000020000004        0x4 Core/Src/main.o
                0x0000000020000004                j
 .data.stan     0x0000000020000008        0x4 Core/Src/main.o
                0x0000000020000008                stan
 .data.SystemCoreClock
                0x000000002000000c        0x4 Core/Src/system_stm32f4xx.o
                0x000000002000000c                SystemCoreClock
 .data.uwTickPrio
                0x0000000020000010        0x4 Drivers/STM32F4xx_HAL_Driver/Src/stm32f4xx_hal.o
                0x0000000020000010                uwTickPrio
 .data.uwTickFreq
                0x0000000020000014        0x1 Drivers/STM32F4xx_HAL_Driver/Src/stm32f4xx_hal.o
                0x0000000020000014                uwTickFreq
 *fill*         0x0000000020000015        0x3 
 .data._impure_ptr
                0x0000000020000018        0x4 e:/ide/stm32cubeide_1.1.0/stm32cubeide/plugins/com.st.stm32cube.ide.mcu.externaltools.gnu-tools-for-stm32.7-2018-q2-update.win32_1.0.0.201904181610/tools/bin/../lib/gcc/arm-none-eabi/7.3.1/../../../../arm-none-eabi/lib/thumb/v7e-m/fpv4-sp/hard\libc_nano.a(lib_a-impure.o)
                0x0000000020000018                _impure_ptr
 .data.impure_data
                0x000000002000001c       0x60 e:/ide/stm32cubeide_1.1.0/stm32cubeide/plugins/com.st.stm32cube.ide.mcu.externaltools.gnu-tools-for-stm32.7-2018-q2-update.win32_1.0.0.201904181610/tools/bin/../lib/gcc/arm-none-eabi/7.3.1/../../../../arm-none-eabi/lib/thumb/v7e-m/fpv4-sp/hard\libc_nano.a(lib_a-impure.o)
                0x000000002000007c                . = ALIGN (0x4)
                0x000000002000007c                _edata = .

.igot.plt       0x000000002000007c        0x0 load address 0x000000000800ab48
 .igot.plt      0x000000002000007c        0x0 e:/ide/stm32cubeide_1.1.0/stm32cubeide/plugins/com.st.stm32cube.ide.mcu.externaltools.gnu-tools-for-stm32.7-2018-q2-update.win32_1.0.0.201904181610/tools/bin/../lib/gcc/arm-none-eabi/7.3.1/thumb/v7e-m/fpv4-sp/hard/crtbegin.o
                0x000000002000007c                . = ALIGN (0x4)

.bss            0x000000002000007c     0x5ff8 load address 0x000000000800ab48
                0x000000002000007c                _sbss = .
                0x000000002000007c                __bss_start__ = _sbss
 *(.bss)
 .bss           0x000000002000007c       0x1c e:/ide/stm32cubeide_1.1.0/stm32cubeide/plugins/com.st.stm32cube.ide.mcu.externaltools.gnu-tools-for-stm32.7-2018-q2-update.win32_1.0.0.201904181610/tools/bin/../lib/gcc/arm-none-eabi/7.3.1/thumb/v7e-m/fpv4-sp/hard/crtbegin.o
 *(.bss*)
 .bss.Timer1    0x0000000020000098        0x1 Core/Src/diskio.o
 .bss.Timer2    0x0000000020000099        0x1 Core/Src/diskio.o
 .bss.CardType  0x000000002000009a        0x1 Core/Src/diskio.o
 .bss.PowerFlag
                0x000000002000009b        0x1 Core/Src/diskio.o
 .bss.FatFs     0x000000002000009c        0x4 Core/Src/ff.o
 .bss.Fsid      0x00000000200000a0        0x2 Core/Src/ff.o
 *fill*         0x00000000200000a2        0x2 
 .bss.FatFs     0x00000000200000a4      0x230 Core/Src/main.o
 .bss.i         0x00000000200002d4        0x4 Core/Src/main.o
                0x00000000200002d4                i
 .bss.indeks_glosnosci
                0x00000000200002d8        0x1 Core/Src/main.o
                0x00000000200002d8                indeks_glosnosci
 *fill*         0x00000000200002d9        0x1 
 .bss.value     0x00000000200002da        0x2 Core/Src/main.o
                0x00000000200002da                value
 .bss.nr_utworu
                0x00000000200002dc        0x2 Core/Src/main.o
                0x00000000200002dc                nr_utworu
 *fill*         0x00000000200002de        0x2 
 .bss.fno.10072
                0x00000000200002e0       0x18 Core/Src/main.o
 .bss.heap_end.6424
                0x00000000200002f8        0x4 Core/Src/sysmem.o
 .bss.__malloc_free_list
                0x00000000200002fc        0x4 e:/ide/stm32cubeide_1.1.0/stm32cubeide/plugins/com.st.stm32cube.ide.mcu.externaltools.gnu-tools-for-stm32.7-2018-q2-update.win32_1.0.0.201904181610/tools/bin/../lib/gcc/arm-none-eabi/7.3.1/../../../../arm-none-eabi/lib/thumb/v7e-m/fpv4-sp/hard\libc_nano.a(lib_a-nano-mallocr.o)
                0x00000000200002fc                __malloc_free_list
 .bss.__malloc_sbrk_start
                0x0000000020000300        0x4 e:/ide/stm32cubeide_1.1.0/stm32cubeide/plugins/com.st.stm32cube.ide.mcu.externaltools.gnu-tools-for-stm32.7-2018-q2-update.win32_1.0.0.201904181610/tools/bin/../lib/gcc/arm-none-eabi/7.3.1/../../../../arm-none-eabi/lib/thumb/v7e-m/fpv4-sp/hard\libc_nano.a(lib_a-nano-mallocr.o)
                0x0000000020000300                __malloc_sbrk_start
 *(COMMON)
 COMMON         0x0000000020000304        0x2 Core/Src/diskio.o
                0x0000000020000304                sdcard_timer
 *fill*         0x0000000020000306        0x2 
 COMMON         0x0000000020000308     0x5d62 Core/Src/main.o
                0x0000000020000308                hi2c3
                0x000000002000035c                htim4
                0x000000002000039c                buff
                0x000000002000049c                utwor
                0x00000000200004b0                eof
                0x00000000200004b4                hspi3
                0x000000002000050c                file
                0x0000000020000734                hadc1
                0x000000002000077c                bytes_read
                0x0000000020000780                buf2
                0x0000000020005da0                hdac
                0x0000000020005db4                htim6
                0x0000000020005df4                receiveUART
                0x0000000020005df8                dir
                0x0000000020005e24                buf
                0x0000000020006024                fresult
                0x0000000020006028                huart2
                0x0000000020006068                bytes_written
 *fill*         0x000000002000606a        0x2 
 COMMON         0x000000002000606c        0x4 Drivers/STM32F4xx_HAL_Driver/Src/stm32f4xx_hal.o
                0x000000002000606c                uwTick
 COMMON         0x0000000020006070        0x4 e:/ide/stm32cubeide_1.1.0/stm32cubeide/plugins/com.st.stm32cube.ide.mcu.externaltools.gnu-tools-for-stm32.7-2018-q2-update.win32_1.0.0.201904181610/tools/bin/../lib/gcc/arm-none-eabi/7.3.1/../../../../arm-none-eabi/lib/thumb/v7e-m/fpv4-sp/hard\libc_nano.a(lib_a-reent.o)
                0x0000000020006070                errno
                0x0000000020006074                . = ALIGN (0x4)
                0x0000000020006074                _ebss = .
                0x0000000020006074                __bss_end__ = _ebss

._user_heap_stack
                0x0000000020006074      0x604 load address 0x000000000800ab48
                0x0000000020006078                . = ALIGN (0x8)
 *fill*         0x0000000020006074        0x4 
                0x0000000020006078                PROVIDE (end = .)
                [!provide]                        PROVIDE (_end = .)
                0x0000000020006278                . = (. + _Min_Heap_Size)
 *fill*         0x0000000020006078      0x200 
                0x0000000020006678                . = (. + _Min_Stack_Size)
 *fill*         0x0000000020006278      0x400 
                0x0000000020006678                . = ALIGN (0x8)

/DISCARD/
 libc.a(*)
 libm.a(*)
 libgcc.a(*)

.ARM.attributes
                0x0000000000000000       0x30
 *(.ARM.attributes)
 .ARM.attributes
                0x0000000000000000       0x22 e:/ide/stm32cubeide_1.1.0/stm32cubeide/plugins/com.st.stm32cube.ide.mcu.externaltools.gnu-tools-for-stm32.7-2018-q2-update.win32_1.0.0.201904181610/tools/bin/../lib/gcc/arm-none-eabi/7.3.1/thumb/v7e-m/fpv4-sp/hard/crti.o
 .ARM.attributes
                0x0000000000000022       0x34 e:/ide/stm32cubeide_1.1.0/stm32cubeide/plugins/com.st.stm32cube.ide.mcu.externaltools.gnu-tools-for-stm32.7-2018-q2-update.win32_1.0.0.201904181610/tools/bin/../lib/gcc/arm-none-eabi/7.3.1/thumb/v7e-m/fpv4-sp/hard/crtbegin.o
 .ARM.attributes
                0x0000000000000056       0x39 Core/Src/diskio.o
 .ARM.attributes
                0x000000000000008f       0x39 Core/Src/ff.o
 .ARM.attributes
                0x00000000000000c8       0x39 Core/Src/lcd.o
 .ARM.attributes
                0x0000000000000101       0x39 Core/Src/main.o
 .ARM.attributes
                0x000000000000013a       0x39 Core/Src/stm32f4xx_hal_msp.o
 .ARM.attributes
                0x0000000000000173       0x39 Core/Src/stm32f4xx_it.o
 .ARM.attributes
                0x00000000000001ac       0x39 Core/Src/syscalls.o
 .ARM.attributes
                0x00000000000001e5       0x39 Core/Src/sysmem.o
 .ARM.attributes
                0x000000000000021e       0x39 Core/Src/system_stm32f4xx.o
 .ARM.attributes
                0x0000000000000257       0x21 Core/Startup/startup_stm32f407vgtx.o
 .ARM.attributes
                0x0000000000000278       0x39 Drivers/STM32F4xx_HAL_Driver/Src/stm32f4xx_hal.o
 .ARM.attributes
                0x00000000000002b1       0x39 Drivers/STM32F4xx_HAL_Driver/Src/stm32f4xx_hal_adc.o
 .ARM.attributes
                0x00000000000002ea       0x39 Drivers/STM32F4xx_HAL_Driver/Src/stm32f4xx_hal_adc_ex.o
 .ARM.attributes
                0x0000000000000323       0x39 Drivers/STM32F4xx_HAL_Driver/Src/stm32f4xx_hal_cortex.o
 .ARM.attributes
                0x000000000000035c       0x39 Drivers/STM32F4xx_HAL_Driver/Src/stm32f4xx_hal_dac.o
 .ARM.attributes
                0x0000000000000395       0x39 Drivers/STM32F4xx_HAL_Driver/Src/stm32f4xx_hal_dac_ex.o
 .ARM.attributes
                0x00000000000003ce       0x39 Drivers/STM32F4xx_HAL_Driver/Src/stm32f4xx_hal_dma.o
 .ARM.attributes
                0x0000000000000407       0x39 Drivers/STM32F4xx_HAL_Driver/Src/stm32f4xx_hal_gpio.o
 .ARM.attributes
                0x0000000000000440       0x39 Drivers/STM32F4xx_HAL_Driver/Src/stm32f4xx_hal_i2c.o
 .ARM.attributes
                0x0000000000000479       0x39 Drivers/STM32F4xx_HAL_Driver/Src/stm32f4xx_hal_rcc.o
 .ARM.attributes
                0x00000000000004b2       0x39 Drivers/STM32F4xx_HAL_Driver/Src/stm32f4xx_hal_spi.o
 .ARM.attributes
                0x00000000000004eb       0x39 Drivers/STM32F4xx_HAL_Driver/Src/stm32f4xx_hal_tim.o
 .ARM.attributes
                0x0000000000000524       0x39 Drivers/STM32F4xx_HAL_Driver/Src/stm32f4xx_hal_tim_ex.o
 .ARM.attributes
                0x000000000000055d       0x39 Drivers/STM32F4xx_HAL_Driver/Src/stm32f4xx_hal_uart.o
 .ARM.attributes
                0x0000000000000596       0x34 e:/ide/stm32cubeide_1.1.0/stm32cubeide/plugins/com.st.stm32cube.ide.mcu.externaltools.gnu-tools-for-stm32.7-2018-q2-update.win32_1.0.0.201904181610/tools/bin/../lib/gcc/arm-none-eabi/7.3.1/../../../../arm-none-eabi/lib/thumb/v7e-m/fpv4-sp/hard\libc_nano.a(lib_a-errno.o)
 .ARM.attributes
                0x00000000000005ca       0x34 e:/ide/stm32cubeide_1.1.0/stm32cubeide/plugins/com.st.stm32cube.ide.mcu.externaltools.gnu-tools-for-stm32.7-2018-q2-update.win32_1.0.0.201904181610/tools/bin/../lib/gcc/arm-none-eabi/7.3.1/../../../../arm-none-eabi/lib/thumb/v7e-m/fpv4-sp/hard\libc_nano.a(lib_a-impure.o)
 .ARM.attributes
                0x00000000000005fe       0x34 e:/ide/stm32cubeide_1.1.0/stm32cubeide/plugins/com.st.stm32cube.ide.mcu.externaltools.gnu-tools-for-stm32.7-2018-q2-update.win32_1.0.0.201904181610/tools/bin/../lib/gcc/arm-none-eabi/7.3.1/../../../../arm-none-eabi/lib/thumb/v7e-m/fpv4-sp/hard\libc_nano.a(lib_a-init.o)
 .ARM.attributes
                0x0000000000000632       0x34 e:/ide/stm32cubeide_1.1.0/stm32cubeide/plugins/com.st.stm32cube.ide.mcu.externaltools.gnu-tools-for-stm32.7-2018-q2-update.win32_1.0.0.201904181610/tools/bin/../lib/gcc/arm-none-eabi/7.3.1/../../../../arm-none-eabi/lib/thumb/v7e-m/fpv4-sp/hard\libc_nano.a(lib_a-memset.o)
 .ARM.attributes
                0x0000000000000666       0x34 e:/ide/stm32cubeide_1.1.0/stm32cubeide/plugins/com.st.stm32cube.ide.mcu.externaltools.gnu-tools-for-stm32.7-2018-q2-update.win32_1.0.0.201904181610/tools/bin/../lib/gcc/arm-none-eabi/7.3.1/../../../../arm-none-eabi/lib/thumb/v7e-m/fpv4-sp/hard\libc_nano.a(lib_a-puts.o)
 .ARM.attributes
                0x000000000000069a       0x34 e:/ide/stm32cubeide_1.1.0/stm32cubeide/plugins/com.st.stm32cube.ide.mcu.externaltools.gnu-tools-for-stm32.7-2018-q2-update.win32_1.0.0.201904181610/tools/bin/../lib/gcc/arm-none-eabi/7.3.1/../../../../arm-none-eabi/lib/thumb/v7e-m/fpv4-sp/hard\libc_nano.a(lib_a-strcpy.o)
 .ARM.attributes
                0x00000000000006ce       0x1b e:/ide/stm32cubeide_1.1.0/stm32cubeide/plugins/com.st.stm32cube.ide.mcu.externaltools.gnu-tools-for-stm32.7-2018-q2-update.win32_1.0.0.201904181610/tools/bin/../lib/gcc/arm-none-eabi/7.3.1/../../../../arm-none-eabi/lib/thumb/v7e-m/fpv4-sp/hard\libc_nano.a(lib_a-strlen.o)
 .ARM.attributes
                0x00000000000006e9       0x34 e:/ide/stm32cubeide_1.1.0/stm32cubeide/plugins/com.st.stm32cube.ide.mcu.externaltools.gnu-tools-for-stm32.7-2018-q2-update.win32_1.0.0.201904181610/tools/bin/../lib/gcc/arm-none-eabi/7.3.1/../../../../arm-none-eabi/lib/thumb/v7e-m/fpv4-sp/hard\libc_nano.a(lib_a-wbuf.o)
 .ARM.attributes
                0x000000000000071d       0x34 e:/ide/stm32cubeide_1.1.0/stm32cubeide/plugins/com.st.stm32cube.ide.mcu.externaltools.gnu-tools-for-stm32.7-2018-q2-update.win32_1.0.0.201904181610/tools/bin/../lib/gcc/arm-none-eabi/7.3.1/../../../../arm-none-eabi/lib/thumb/v7e-m/fpv4-sp/hard\libc_nano.a(lib_a-wsetup.o)
 .ARM.attributes
                0x0000000000000751       0x34 e:/ide/stm32cubeide_1.1.0/stm32cubeide/plugins/com.st.stm32cube.ide.mcu.externaltools.gnu-tools-for-stm32.7-2018-q2-update.win32_1.0.0.201904181610/tools/bin/../lib/gcc/arm-none-eabi/7.3.1/../../../../arm-none-eabi/lib/thumb/v7e-m/fpv4-sp/hard\libc_nano.a(lib_a-fflush.o)
 .ARM.attributes
                0x0000000000000785       0x34 e:/ide/stm32cubeide_1.1.0/stm32cubeide/plugins/com.st.stm32cube.ide.mcu.externaltools.gnu-tools-for-stm32.7-2018-q2-update.win32_1.0.0.201904181610/tools/bin/../lib/gcc/arm-none-eabi/7.3.1/../../../../arm-none-eabi/lib/thumb/v7e-m/fpv4-sp/hard\libc_nano.a(lib_a-findfp.o)
 .ARM.attributes
                0x00000000000007b9       0x34 e:/ide/stm32cubeide_1.1.0/stm32cubeide/plugins/com.st.stm32cube.ide.mcu.externaltools.gnu-tools-for-stm32.7-2018-q2-update.win32_1.0.0.201904181610/tools/bin/../lib/gcc/arm-none-eabi/7.3.1/../../../../arm-none-eabi/lib/thumb/v7e-m/fpv4-sp/hard\libc_nano.a(lib_a-fwalk.o)
 .ARM.attributes
                0x00000000000007ed       0x34 e:/ide/stm32cubeide_1.1.0/stm32cubeide/plugins/com.st.stm32cube.ide.mcu.externaltools.gnu-tools-for-stm32.7-2018-q2-update.win32_1.0.0.201904181610/tools/bin/../lib/gcc/arm-none-eabi/7.3.1/../../../../arm-none-eabi/lib/thumb/v7e-m/fpv4-sp/hard\libc_nano.a(lib_a-makebuf.o)
 .ARM.attributes
                0x0000000000000821       0x34 e:/ide/stm32cubeide_1.1.0/stm32cubeide/plugins/com.st.stm32cube.ide.mcu.externaltools.gnu-tools-for-stm32.7-2018-q2-update.win32_1.0.0.201904181610/tools/bin/../lib/gcc/arm-none-eabi/7.3.1/../../../../arm-none-eabi/lib/thumb/v7e-m/fpv4-sp/hard\libc_nano.a(lib_a-nano-freer.o)
 .ARM.attributes
                0x0000000000000855       0x34 e:/ide/stm32cubeide_1.1.0/stm32cubeide/plugins/com.st.stm32cube.ide.mcu.externaltools.gnu-tools-for-stm32.7-2018-q2-update.win32_1.0.0.201904181610/tools/bin/../lib/gcc/arm-none-eabi/7.3.1/../../../../arm-none-eabi/lib/thumb/v7e-m/fpv4-sp/hard\libc_nano.a(lib_a-nano-mallocr.o)
 .ARM.attributes
                0x0000000000000889       0x34 e:/ide/stm32cubeide_1.1.0/stm32cubeide/plugins/com.st.stm32cube.ide.mcu.externaltools.gnu-tools-for-stm32.7-2018-q2-update.win32_1.0.0.201904181610/tools/bin/../lib/gcc/arm-none-eabi/7.3.1/../../../../arm-none-eabi/lib/thumb/v7e-m/fpv4-sp/hard\libc_nano.a(lib_a-sbrkr.o)
 .ARM.attributes
                0x00000000000008bd       0x34 e:/ide/stm32cubeide_1.1.0/stm32cubeide/plugins/com.st.stm32cube.ide.mcu.externaltools.gnu-tools-for-stm32.7-2018-q2-update.win32_1.0.0.201904181610/tools/bin/../lib/gcc/arm-none-eabi/7.3.1/../../../../arm-none-eabi/lib/thumb/v7e-m/fpv4-sp/hard\libc_nano.a(lib_a-stdio.o)
 .ARM.attributes
                0x00000000000008f1       0x34 e:/ide/stm32cubeide_1.1.0/stm32cubeide/plugins/com.st.stm32cube.ide.mcu.externaltools.gnu-tools-for-stm32.7-2018-q2-update.win32_1.0.0.201904181610/tools/bin/../lib/gcc/arm-none-eabi/7.3.1/../../../../arm-none-eabi/lib/thumb/v7e-m/fpv4-sp/hard\libc_nano.a(lib_a-writer.o)
 .ARM.attributes
                0x0000000000000925       0x34 e:/ide/stm32cubeide_1.1.0/stm32cubeide/plugins/com.st.stm32cube.ide.mcu.externaltools.gnu-tools-for-stm32.7-2018-q2-update.win32_1.0.0.201904181610/tools/bin/../lib/gcc/arm-none-eabi/7.3.1/../../../../arm-none-eabi/lib/thumb/v7e-m/fpv4-sp/hard\libc_nano.a(lib_a-closer.o)
 .ARM.attributes
                0x0000000000000959       0x34 e:/ide/stm32cubeide_1.1.0/stm32cubeide/plugins/com.st.stm32cube.ide.mcu.externaltools.gnu-tools-for-stm32.7-2018-q2-update.win32_1.0.0.201904181610/tools/bin/../lib/gcc/arm-none-eabi/7.3.1/../../../../arm-none-eabi/lib/thumb/v7e-m/fpv4-sp/hard\libc_nano.a(lib_a-fstatr.o)
 .ARM.attributes
                0x000000000000098d       0x34 e:/ide/stm32cubeide_1.1.0/stm32cubeide/plugins/com.st.stm32cube.ide.mcu.externaltools.gnu-tools-for-stm32.7-2018-q2-update.win32_1.0.0.201904181610/tools/bin/../lib/gcc/arm-none-eabi/7.3.1/../../../../arm-none-eabi/lib/thumb/v7e-m/fpv4-sp/hard\libc_nano.a(lib_a-isattyr.o)
 .ARM.attributes
                0x00000000000009c1       0x34 e:/ide/stm32cubeide_1.1.0/stm32cubeide/plugins/com.st.stm32cube.ide.mcu.externaltools.gnu-tools-for-stm32.7-2018-q2-update.win32_1.0.0.201904181610/tools/bin/../lib/gcc/arm-none-eabi/7.3.1/../../../../arm-none-eabi/lib/thumb/v7e-m/fpv4-sp/hard\libc_nano.a(lib_a-lseekr.o)
 .ARM.attributes
                0x00000000000009f5       0x34 e:/ide/stm32cubeide_1.1.0/stm32cubeide/plugins/com.st.stm32cube.ide.mcu.externaltools.gnu-tools-for-stm32.7-2018-q2-update.win32_1.0.0.201904181610/tools/bin/../lib/gcc/arm-none-eabi/7.3.1/../../../../arm-none-eabi/lib/thumb/v7e-m/fpv4-sp/hard\libc_nano.a(lib_a-mlock.o)
 .ARM.attributes
                0x0000000000000a29       0x34 e:/ide/stm32cubeide_1.1.0/stm32cubeide/plugins/com.st.stm32cube.ide.mcu.externaltools.gnu-tools-for-stm32.7-2018-q2-update.win32_1.0.0.201904181610/tools/bin/../lib/gcc/arm-none-eabi/7.3.1/../../../../arm-none-eabi/lib/thumb/v7e-m/fpv4-sp/hard\libc_nano.a(lib_a-readr.o)
 .ARM.attributes
                0x0000000000000a5d       0x34 e:/ide/stm32cubeide_1.1.0/stm32cubeide/plugins/com.st.stm32cube.ide.mcu.externaltools.gnu-tools-for-stm32.7-2018-q2-update.win32_1.0.0.201904181610/tools/bin/../lib/gcc/arm-none-eabi/7.3.1/../../../../arm-none-eabi/lib/thumb/v7e-m/fpv4-sp/hard\libc_nano.a(lib_a-reent.o)
 .ARM.attributes
                0x0000000000000a91       0x22 e:/ide/stm32cubeide_1.1.0/stm32cubeide/plugins/com.st.stm32cube.ide.mcu.externaltools.gnu-tools-for-stm32.7-2018-q2-update.win32_1.0.0.201904181610/tools/bin/../lib/gcc/arm-none-eabi/7.3.1/thumb/v7e-m/fpv4-sp/hard\libgcc.a(_aeabi_uldivmod.o)
 .ARM.attributes
                0x0000000000000ab3       0x34 e:/ide/stm32cubeide_1.1.0/stm32cubeide/plugins/com.st.stm32cube.ide.mcu.externaltools.gnu-tools-for-stm32.7-2018-q2-update.win32_1.0.0.201904181610/tools/bin/../lib/gcc/arm-none-eabi/7.3.1/thumb/v7e-m/fpv4-sp/hard\libgcc.a(_udivmoddi4.o)
 .ARM.attributes
                0x0000000000000ae7       0x22 e:/ide/stm32cubeide_1.1.0/stm32cubeide/plugins/com.st.stm32cube.ide.mcu.externaltools.gnu-tools-for-stm32.7-2018-q2-update.win32_1.0.0.201904181610/tools/bin/../lib/gcc/arm-none-eabi/7.3.1/thumb/v7e-m/fpv4-sp/hard\libgcc.a(_dvmd_tls.o)
 .ARM.attributes
                0x0000000000000b09       0x22 e:/ide/stm32cubeide_1.1.0/stm32cubeide/plugins/com.st.stm32cube.ide.mcu.externaltools.gnu-tools-for-stm32.7-2018-q2-update.win32_1.0.0.201904181610/tools/bin/../lib/gcc/arm-none-eabi/7.3.1/thumb/v7e-m/fpv4-sp/hard/crtn.o
OUTPUT(MP3-Player.elf elf32-littlearm)

.debug_info     0x0000000000000000    0x17d7b
 .debug_info    0x0000000000000000      0xb9a Core/Src/diskio.o
 .debug_info    0x0000000000000b9a     0x1983 Core/Src/ff.o
 .debug_info    0x000000000000251d      0x81e Core/Src/lcd.o
 .debug_info    0x0000000000002d3b     0x2949 Core/Src/main.o
 .debug_info    0x0000000000005684     0x195f Core/Src/stm32f4xx_hal_msp.o
 .debug_info    0x0000000000006fe3     0x1232 Core/Src/stm32f4xx_it.o
 .debug_info    0x0000000000008215      0xebd Core/Src/syscalls.o
 .debug_info    0x00000000000090d2      0x91c Core/Src/sysmem.o
 .debug_info    0x00000000000099ee      0x554 Core/Src/system_stm32f4xx.o
 .debug_info    0x0000000000009f42       0x22 Core/Startup/startup_stm32f407vgtx.o
 .debug_info    0x0000000000009f64      0x945 Drivers/STM32F4xx_HAL_Driver/Src/stm32f4xx_hal.o
 .debug_info    0x000000000000a8a9      0xcee Drivers/STM32F4xx_HAL_Driver/Src/stm32f4xx_hal_adc.o
 .debug_info    0x000000000000b597      0xb66 Drivers/STM32F4xx_HAL_Driver/Src/stm32f4xx_hal_adc_ex.o
 .debug_info    0x000000000000c0fd      0xe28 Drivers/STM32F4xx_HAL_Driver/Src/stm32f4xx_hal_cortex.o
 .debug_info    0x000000000000cf25      0xa3a Drivers/STM32F4xx_HAL_Driver/Src/stm32f4xx_hal_dac.o
 .debug_info    0x000000000000d95f      0x7c0 Drivers/STM32F4xx_HAL_Driver/Src/stm32f4xx_hal_dac_ex.o
 .debug_info    0x000000000000e11f      0x968 Drivers/STM32F4xx_HAL_Driver/Src/stm32f4xx_hal_dma.o
 .debug_info    0x000000000000ea87      0x7b5 Drivers/STM32F4xx_HAL_Driver/Src/stm32f4xx_hal_gpio.o
 .debug_info    0x000000000000f23c     0x23b5 Drivers/STM32F4xx_HAL_Driver/Src/stm32f4xx_hal_i2c.o
 .debug_info    0x00000000000115f1      0x904 Drivers/STM32F4xx_HAL_Driver/Src/stm32f4xx_hal_rcc.o
 .debug_info    0x0000000000011ef5     0x163a Drivers/STM32F4xx_HAL_Driver/Src/stm32f4xx_hal_spi.o
 .debug_info    0x000000000001352f     0x24a9 Drivers/STM32F4xx_HAL_Driver/Src/stm32f4xx_hal_tim.o
 .debug_info    0x00000000000159d8     0x1157 Drivers/STM32F4xx_HAL_Driver/Src/stm32f4xx_hal_tim_ex.o
 .debug_info    0x0000000000016b2f     0x124c Drivers/STM32F4xx_HAL_Driver/Src/stm32f4xx_hal_uart.o

.debug_abbrev   0x0000000000000000     0x2f9f
 .debug_abbrev  0x0000000000000000      0x295 Core/Src/diskio.o
 .debug_abbrev  0x0000000000000295      0x1b1 Core/Src/ff.o
 .debug_abbrev  0x0000000000000446      0x190 Core/Src/lcd.o
 .debug_abbrev  0x00000000000005d6      0x308 Core/Src/main.o
 .debug_abbrev  0x00000000000008de      0x1de Core/Src/stm32f4xx_hal_msp.o
 .debug_abbrev  0x0000000000000abc      0x181 Core/Src/stm32f4xx_it.o
 .debug_abbrev  0x0000000000000c3d      0x261 Core/Src/syscalls.o
 .debug_abbrev  0x0000000000000e9e      0x1bb Core/Src/sysmem.o
 .debug_abbrev  0x0000000000001059      0x12b Core/Src/system_stm32f4xx.o
 .debug_abbrev  0x0000000000001184       0x12 Core/Startup/startup_stm32f407vgtx.o
 .debug_abbrev  0x0000000000001196      0x1c7 Drivers/STM32F4xx_HAL_Driver/Src/stm32f4xx_hal.o
 .debug_abbrev  0x000000000000135d      0x205 Drivers/STM32F4xx_HAL_Driver/Src/stm32f4xx_hal_adc.o
 .debug_abbrev  0x0000000000001562      0x21c Drivers/STM32F4xx_HAL_Driver/Src/stm32f4xx_hal_adc_ex.o
 .debug_abbrev  0x000000000000177e      0x2fa Drivers/STM32F4xx_HAL_Driver/Src/stm32f4xx_hal_cortex.o
 .debug_abbrev  0x0000000000001a78      0x1e4 Drivers/STM32F4xx_HAL_Driver/Src/stm32f4xx_hal_dac.o
 .debug_abbrev  0x0000000000001c5c      0x1e8 Drivers/STM32F4xx_HAL_Driver/Src/stm32f4xx_hal_dac_ex.o
 .debug_abbrev  0x0000000000001e44      0x229 Drivers/STM32F4xx_HAL_Driver/Src/stm32f4xx_hal_dma.o
 .debug_abbrev  0x000000000000206d      0x1c9 Drivers/STM32F4xx_HAL_Driver/Src/stm32f4xx_hal_gpio.o
 .debug_abbrev  0x0000000000002236      0x254 Drivers/STM32F4xx_HAL_Driver/Src/stm32f4xx_hal_i2c.o
 .debug_abbrev  0x000000000000248a      0x245 Drivers/STM32F4xx_HAL_Driver/Src/stm32f4xx_hal_rcc.o
 .debug_abbrev  0x00000000000026cf      0x240 Drivers/STM32F4xx_HAL_Driver/Src/stm32f4xx_hal_spi.o
 .debug_abbrev  0x000000000000290f      0x230 Drivers/STM32F4xx_HAL_Driver/Src/stm32f4xx_hal_tim.o
 .debug_abbrev  0x0000000000002b3f      0x21e Drivers/STM32F4xx_HAL_Driver/Src/stm32f4xx_hal_tim_ex.o
 .debug_abbrev  0x0000000000002d5d      0x242 Drivers/STM32F4xx_HAL_Driver/Src/stm32f4xx_hal_uart.o

.debug_aranges  0x0000000000000000     0x16e8
 .debug_aranges
                0x0000000000000000       0xb8 Core/Src/diskio.o
 .debug_aranges
                0x00000000000000b8      0x1b0 Core/Src/ff.o
 .debug_aranges
                0x0000000000000268       0x48 Core/Src/lcd.o
 .debug_aranges
                0x00000000000002b0       0xb0 Core/Src/main.o
 .debug_aranges
                0x0000000000000360       0x80 Core/Src/stm32f4xx_hal_msp.o
 .debug_aranges
                0x00000000000003e0       0xa0 Core/Src/stm32f4xx_it.o
 .debug_aranges
                0x0000000000000480       0xa8 Core/Src/syscalls.o
 .debug_aranges
                0x0000000000000528       0x20 Core/Src/sysmem.o
 .debug_aranges
                0x0000000000000548       0x28 Core/Src/system_stm32f4xx.o
 .debug_aranges
                0x0000000000000570       0x28 Core/Startup/startup_stm32f407vgtx.o
 .debug_aranges
                0x0000000000000598       0xf0 Drivers/STM32F4xx_HAL_Driver/Src/stm32f4xx_hal.o
 .debug_aranges
                0x0000000000000688       0xe8 Drivers/STM32F4xx_HAL_Driver/Src/stm32f4xx_hal_adc.o
 .debug_aranges
                0x0000000000000770       0x90 Drivers/STM32F4xx_HAL_Driver/Src/stm32f4xx_hal_adc_ex.o
 .debug_aranges
                0x0000000000000800      0x118 Drivers/STM32F4xx_HAL_Driver/Src/stm32f4xx_hal_cortex.o
 .debug_aranges
                0x0000000000000918       0xc0 Drivers/STM32F4xx_HAL_Driver/Src/stm32f4xx_hal_dac.o
 .debug_aranges