Archive member included to satisfy reference by file (symbol)

e:/ide/stm32cubeide_1.1.0/stm32cubeide/plugins/com.st.stm32cube.ide.mcu.externaltools.gnu-tools-for-stm32.7-2018-q2-update.win32_1.0.0.201904181610/tools/bin/../lib/gcc/arm-none-eabi/7.3.1/../../../../arm-none-eabi/lib/thumb/v7e-m/fpv4-sp/hard\libc_nano.a(lib_a-errno.o)
                              Core/Src/syscalls.o (__errno)
e:/ide/stm32cubeide_1.1.0/stm32cubeide/plugins/com.st.stm32cube.ide.mcu.externaltools.gnu-tools-for-stm32.7-2018-q2-update.win32_1.0.0.201904181610/tools/bin/../lib/gcc/arm-none-eabi/7.3.1/../../../../arm-none-eabi/lib/thumb/v7e-m/fpv4-sp/hard\libc_nano.a(lib_a-exit.o)
                              e:/ide/stm32cubeide_1.1.0/stm32cubeide/plugins/com.st.stm32cube.ide.mcu.externaltools.gnu-tools-for-stm32.7-2018-q2-update.win32_1.0.0.201904181610/tools/bin/../lib/gcc/arm-none-eabi/7.3.1/../../../../arm-none-eabi/lib/thumb/v7e-m/fpv4-sp/hard/crt0.o (exit)
e:/ide/stm32cubeide_1.1.0/stm32cubeide/plugins/com.st.stm32cube.ide.mcu.externaltools.gnu-tools-for-stm32.7-2018-q2-update.win32_1.0.0.201904181610/tools/bin/../lib/gcc/arm-none-eabi/7.3.1/../../../../arm-none-eabi/lib/thumb/v7e-m/fpv4-sp/hard\libc_nano.a(lib_a-impure.o)
                              e:/ide/stm32cubeide_1.1.0/stm32cubeide/plugins/com.st.stm32cube.ide.mcu.externaltools.gnu-tools-for-stm32.7-2018-q2-update.win32_1.0.0.201904181610/tools/bin/../lib/gcc/arm-none-eabi/7.3.1/../../../../arm-none-eabi/lib/thumb/v7e-m/fpv4-sp/hard\libc_nano.a(lib_a-exit.o) (_global_impure_ptr)
e:/ide/stm32cubeide_1.1.0/stm32cubeide/plugins/com.st.stm32cube.ide.mcu.externaltools.gnu-tools-for-stm32.7-2018-q2-update.win32_1.0.0.201904181610/tools/bin/../lib/gcc/arm-none-eabi/7.3.1/../../../../arm-none-eabi/lib/thumb/v7e-m/fpv4-sp/hard\libc_nano.a(lib_a-init.o)
                              e:/ide/stm32cubeide_1.1.0/stm32cubeide/plugins/com.st.stm32cube.ide.mcu.externaltools.gnu-tools-for-stm32.7-2018-q2-update.win32_1.0.0.201904181610/tools/bin/../lib/gcc/arm-none-eabi/7.3.1/../../../../arm-none-eabi/lib/thumb/v7e-m/fpv4-sp/hard/crt0.o (__libc_init_array)
e:/ide/stm32cubeide_1.1.0/stm32cubeide/plugins/com.st.stm32cube.ide.mcu.externaltools.gnu-tools-for-stm32.7-2018-q2-update.win32_1.0.0.201904181610/tools/bin/../lib/gcc/arm-none-eabi/7.3.1/../../../../arm-none-eabi/lib/thumb/v7e-m/fpv4-sp/hard\libc_nano.a(lib_a-memset.o)
                              e:/ide/stm32cubeide_1.1.0/stm32cubeide/plugins/com.st.stm32cube.ide.mcu.externaltools.gnu-tools-for-stm32.7-2018-q2-update.win32_1.0.0.201904181610/tools/bin/../lib/gcc/arm-none-eabi/7.3.1/../../../../arm-none-eabi/lib/thumb/v7e-m/fpv4-sp/hard/crt0.o (memset)
e:/ide/stm32cubeide_1.1.0/stm32cubeide/plugins/com.st.stm32cube.ide.mcu.externaltools.gnu-tools-for-stm32.7-2018-q2-update.win32_1.0.0.201904181610/tools/bin/../lib/gcc/arm-none-eabi/7.3.1/../../../../arm-none-eabi/lib/thumb/v7e-m/fpv4-sp/hard\libc_nano.a(lib_a-puts.o)
                              Core/Src/main.o (puts)
e:/ide/stm32cubeide_1.1.0/stm32cubeide/plugins/com.st.stm32cube.ide.mcu.externaltools.gnu-tools-for-stm32.7-2018-q2-update.win32_1.0.0.201904181610/tools/bin/../lib/gcc/arm-none-eabi/7.3.1/../../../../arm-none-eabi/lib/thumb/v7e-m/fpv4-sp/hard\libc_nano.a(lib_a-strcpy.o)
                              Core/Src/main.o (strcpy)
e:/ide/stm32cubeide_1.1.0/stm32cubeide/plugins/com.st.stm32cube.ide.mcu.externaltools.gnu-tools-for-stm32.7-2018-q2-update.win32_1.0.0.201904181610/tools/bin/../lib/gcc/arm-none-eabi/7.3.1/../../../../arm-none-eabi/lib/thumb/v7e-m/fpv4-sp/hard\libc_nano.a(lib_a-strlen.o)
                              Core/Src/main.o (strlen)
e:/ide/stm32cubeide_1.1.0/stm32cubeide/plugins/com.st.stm32cube.ide.mcu.externaltools.gnu-tools-for-stm32.7-2018-q2-update.win32_1.0.0.201904181610/tools/bin/../lib/gcc/arm-none-eabi/7.3.1/../../../../arm-none-eabi/lib/thumb/v7e-m/fpv4-sp/hard\libc_nano.a(lib_a-wbuf.o)
                              e:/ide/stm32cubeide_1.1.0/stm32cubeide/plugins/com.st.stm32cube.ide.mcu.externaltools.gnu-tools-for-stm32.7-2018-q2-update.win32_1.0.0.201904181610/tools/bin/../lib/gcc/arm-none-eabi/7.3.1/../../../../arm-none-eabi/lib/thumb/v7e-m/fpv4-sp/hard\libc_nano.a(lib_a-puts.o) (__swbuf_r)
e:/ide/stm32cubeide_1.1.0/stm32cubeide/plugins/com.st.stm32cube.ide.mcu.externaltools.gnu-tools-for-stm32.7-2018-q2-update.win32_1.0.0.201904181610/tools/bin/../lib/gcc/arm-none-eabi/7.3.1/../../../../arm-none-eabi/lib/thumb/v7e-m/fpv4-sp/hard\libc_nano.a(lib_a-wsetup.o)
                              e:/ide/stm32cubeide_1.1.0/stm32cubeide/plugins/com.st.stm32cube.ide.mcu.externaltools.gnu-tools-for-stm32.7-2018-q2-update.win32_1.0.0.201904181610/tools/bin/../lib/gcc/arm-none-eabi/7.3.1/../../../../arm-none-eabi/lib/thumb/v7e-m/fpv4-sp/hard\libc_nano.a(lib_a-puts.o) (__swsetup_r)
[...]
Memory Configuration

Name             Origin             Length             Attributes
CCMRAM           0x0000000010000000 0x0000000000010000 xrw
RAM              0x0000000020000000 0x0000000000020000 xrw
FLASH            0x0000000008000000 0x0000000000100000 xr
*default*        0x0000000000000000 0xffffffffffffffff

Linker script and memory map

LOAD e:/ide/stm32cubeide_1.1.0/stm32cubeide/plugins/com.st.stm32cube.ide.mcu.externaltools.gnu-tools-for-stm32.7-2018-q2-update.win32_1.0.0.201904181610/tools/bin/../lib/gcc/arm-none-eabi/7.3.1/thumb/v7e-m/fpv4-sp/hard/crti.o
LOAD e:/ide/stm32cubeide_1.1.0/stm32cubeide/plugins/com.st.stm32cube.ide.mcu.externaltools.gnu-tools-for-stm32.7-2018-q2-update.win32_1.0.0.201904181610/tools/bin/../lib/gcc/arm-none-eabi/7.3.1/thumb/v7e-m/fpv4-sp/hard/crtbegin.o
LOAD e:/ide/stm32cubeide_1.1.0/stm32cubeide/plugins/com.st.stm32cube.ide.mcu.externaltools.gnu-tools-for-stm32.7-2018-q2-update.win32_1.0.0.201904181610/tools/bin/../lib/gcc/arm-none-eabi/7.3.1/../../../../arm-none-eabi/lib/thumb/v7e-m/fpv4-sp/hard/crt0.o
LOAD Core/Src/diskio.o
LOAD Core/Src/ff.o
LOAD Core/Src/ffsystem.o
LOAD Core/Src/ffunicode.o
LOAD Core/Src/lcd.o
LOAD Core/Src/lcdchars.o
LOAD Core/Src/lcdcommands.o
LOAD Core/Src/main.o
LOAD Core/Src/stm32f4xx_hal_msp.o
LOAD Core/Src/stm32f4xx_it.o
LOAD Core/Src/syscalls.o
LOAD Core/Src/sysmem.o
LOAD Core/Src/system_stm32f4xx.o
LOAD Core/Startup/startup_stm32f407vgtx.o
LOAD Drivers/STM32F4xx_HAL_Driver/Src/stm32f4xx_hal.o
LOAD Drivers/STM32F4xx_HAL_Driver/Src/stm32f4xx_hal_adc.o
LOAD Drivers/STM32F4xx_HAL_Driver/Src/stm32f4xx_hal_adc_ex.o
LOAD Drivers/STM32F4xx_HAL_Driver/Src/stm32f4xx_hal_cortex.o
LOAD Drivers/STM32F4xx_HAL_Driver/Src/stm32f4xx_hal_dac.o
LOAD Drivers/STM32F4xx_HAL_Driver/Src/stm32f4xx_hal_dac_ex.o
LOAD Drivers/STM32F4xx_HAL_Driver/Src/stm32f4xx_hal_dma.o
LOAD Drivers/STM32F4xx_HAL_Driver/Src/stm32f4xx_hal_dma_ex.o
LOAD Drivers/STM32F4xx_HAL_Driver/Src/stm32f4xx_hal_exti.o
LOAD Drivers/STM32F4xx_HAL_Driver/Src/stm32f4xx_hal_flash.o
LOAD Drivers/STM32F4xx_HAL_Driver/Src/stm32f4xx_hal_flash_ex.o
LOAD Drivers/STM32F4xx_HAL_Driver/Src/stm32f4xx_hal_flash_ramfunc.o
LOAD Drivers/STM32F4xx_HAL_Driver/Src/stm32f4xx_hal_gpio.o
LOAD Drivers/STM32F4xx_HAL_Driver/Src/stm32f4xx_hal_i2c.o
LOAD Drivers/STM32F4xx_HAL_Driver/Src/stm32f4xx_hal_i2c_ex.o
LOAD Drivers/STM32F4xx_HAL_Driver/Src/stm32f4xx_hal_pwr.o
LOAD Drivers/STM32F4xx_HAL_Driver/Src/stm32f4xx_hal_pwr_ex.o
LOAD Drivers/STM32F4xx_HAL_Driver/Src/stm32f4xx_hal_rcc.o
LOAD Drivers/STM32F4xx_HAL_Driver/Src/stm32f4xx_hal_rcc_ex.o
LOAD Drivers/STM32F4xx_HAL_Driver/Src/stm32f4xx_hal_spi.o
LOAD Drivers/STM32F4xx_HAL_Driver/Src/stm32f4xx_hal_tim.o
LOAD Drivers/STM32F4xx_HAL_Driver/Src/stm32f4xx_hal_tim_ex.o
LOAD Drivers/STM32F4xx_HAL_Driver/Src/stm32f4xx_hal_uart.o
START GROUP
LOAD e:/ide/stm32cubeide_1.1.0/stm32cubeide/plugins/com.st.stm32cube.ide.mcu.externaltools.gnu-tools-for-stm32.7-2018-q2-update.win32_1.0.0.201904181610/tools/bin/../lib/gcc/arm-none-eabi/7.3.1/../../../../arm-none-eabi/lib/thumb/v7e-m/fpv4-sp/hard\libc_nano.a
LOAD e:/ide/stm32cubeide_1.1.0/stm32cubeide/plugins/com.st.stm32cube.ide.mcu.externaltools.gnu-tools-for-stm32.7-2018-q2-update.win32_1.0.0.201904181610/tools/bin/../lib/gcc/arm-none-eabi/7.3.1/../../../../arm-none-eabi/lib/thumb/v7e-m/fpv4-sp/hard\libm.a
END GROUP
START GROUP
LOAD e:/ide/stm32cubeide_1.1.0/stm32cubeide/plugins/com.st.stm32cube.ide.mcu.externaltools.gnu-tools-for-stm32.7-2018-q2-update.win32_1.0.0.201904181610/tools/bin/../lib/gcc/arm-none-eabi/7.3.1/thumb/v7e-m/fpv4-sp/hard\libgcc.a
LOAD e:/ide/stm32cubeide_1.1.0/stm32cubeide/plugins/com.st.stm32cube.ide.mcu.externaltools.gnu-tools-for-stm32.7-2018-q2-update.win32_1.0.0.201904181610/tools/bin/../lib/gcc/arm-none-eabi/7.3.1/../../../../arm-none-eabi/lib/thumb/v7e-m/fpv4-sp/hard\libc_nano.a
END GROUP
START GROUP
LOAD e:/ide/stm32cubeide_1.1.0/stm32cubeide/plugins/com.st.stm32cube.ide.mcu.externaltools.gnu-tools-for-stm32.7-2018-q2-update.win32_1.0.0.201904181610/tools/bin/../lib/gcc/arm-none-eabi/7.3.1/thumb/v7e-m/fpv4-sp/hard\libgcc.a
LOAD e:/ide/stm32cubeide_1.1.0/stm32cubeide/plugins/com.st.stm32cube.ide.mcu.externaltools.gnu-tools-for-stm32.7-2018-q2-update.win32_1.0.0.201904181610/tools/bin/../lib/gcc/arm-none-eabi/7.3.1/../../../../arm-none-eabi/lib/thumb/v7e-m/fpv4-sp/hard\libc_nano.a
LOAD e:/ide/stm32cubeide_1.1.0/stm32cubeide/plugins/com.st.stm32cube.ide.mcu.externaltools.gnu-tools-for-stm32.7-2018-q2-update.win32_1.0.0.201904181610/tools/bin/../lib/gcc/arm-none-eabi/7.3.1/../../../../arm-none-eabi/lib/thumb/v7e-m/fpv4-sp/hard\libnosys.a
END GROUP
START GROUP
LOAD e:/ide/stm32cubeide_1.1.0/stm32cubeide/plugins/com.st.stm32cube.ide.mcu.externaltools.gnu-tools-for-stm32.7-2018-q2-update.win32_1.0.0.201904181610/tools/bin/../lib/gcc/arm-none-eabi/7.3.1/thumb/v7e-m/fpv4-sp/hard\libgcc.a
LOAD e:/ide/stm32cubeide_1.1.0/stm32cubeide/plugins/com.st.stm32cube.ide.mcu.externaltools.gnu-tools-for-stm32.7-2018-q2-update.win32_1.0.0.201904181610/tools/bin/../lib/gcc/arm-none-eabi/7.3.1/../../../../arm-none-eabi/lib/thumb/v7e-m/fpv4-sp/hard\libc_nano.a
LOAD e:/ide/stm32cubeide_1.1.0/stm32cubeide/plugins/com.st.stm32cube.ide.mcu.externaltools.gnu-tools-for-stm32.7-2018-q2-update.win32_1.0.0.201904181610/tools/bin/../lib/gcc/arm-none-eabi/7.3.1/../../../../arm-none-eabi/lib/thumb/v7e-m/fpv4-sp/hard\libnosys.a
END GROUP
LOAD e:/ide/stm32cubeide_1.1.0/stm32cubeide/plugins/com.st.stm32cube.ide.mcu.externaltools.gnu-tools-for-stm32.7-2018-q2-update.win32_1.0.0.201904181610/tools/bin/../lib/gcc/arm-none-eabi/7.3.1/thumb/v7e-m/fpv4-sp/hard/crtend.o
LOAD e:/ide/stm32cubeide_1.1.0/stm32cubeide/plugins/com.st.stm32cube.ide.mcu.externaltools.gnu-tools-for-stm32.7-2018-q2-update.win32_1.0.0.201904181610/tools/bin/../lib/gcc/arm-none-eabi/7.3.1/thumb/v7e-m/fpv4-sp/hard/crtn.o
                0x0000000020020000                _estack = (ORIGIN (RAM) + LENGTH (RAM))
                0x0000000000000200                _Min_Heap_Size = 0x200
                0x0000000000000400                _Min_Stack_Size = 0x400

.isr_vector     0x0000000008000000      0x188
                0x0000000008000000                . = ALIGN (0x4)
 *(.isr_vector)
 .isr_vector    0x0000000008000000      0x188 Core/Startup/startup_stm32f407vgtx.o
                0x0000000008000000                g_pfnVectors
                0x0000000008000188                . = ALIGN (0x4)

.text           0x0000000008000188     0xa408
                0x0000000008000188                . = ALIGN (0x4)
 *(.text)
 .text          0x0000000008000188       0x40 e:/ide/stm32cubeide_1.1.0/stm32cubeide/plugins/com.st.stm32cube.ide.mcu.externaltools.gnu-tools-for-stm32.7-2018-q2-update.win32_1.0.0.201904181610/tools/bin/../lib/gcc/arm-none-eabi/7.3.1/thumb/v7e-m/fpv4-sp/hard/crtbegin.o
 .text          0x00000000080001c8       0x10 e:/ide/stm32cubeide_1.1.0/stm32cubeide/plugins/com.st.stm32cube.ide.mcu.externaltools.gnu-tools-for-stm32.7-2018-q2-update.win32_1.0.0.201904181610/tools/bin/../lib/gcc/arm-none-eabi/7.3.1/../../../../arm-none-eabi/lib/thumb/v7e-m/fpv4-sp/hard\libc_nano.a(lib_a-strlen.o)
                0x00000000080001c8                strlen
 .text          0x00000000080001d8       0x30 e:/ide/stm32cubeide_1.1.0/stm32cubeide/plugins/com.st.stm32cube.ide.mcu.externaltools.gnu-tools-for-stm32.7-2018-q2-update.win32_1.0.0.201904181610/tools/bin/../lib/gcc/arm-none-eabi/7.3.1/thumb/v7e-m/fpv4-sp/hard\libgcc.a(_aeabi_uldivmod.o)
                0x00000000080001d8                __aeabi_uldivmod
 .text          0x0000000008000208      0x2cc e:/ide/stm32cubeide_1.1.0/stm32cubeide/plugins/com.st.stm32cube.ide.mcu.externaltools.gnu-tools-for-stm32.7-2018-q2-update.win32_1.0.0.201904181610/tools/bin/../lib/gcc/arm-none-eabi/7.3.1/thumb/v7e-m/fpv4-sp/hard\libgcc.a(_udivmoddi4.o)
                0x0000000008000208                __udivmoddi4
 .text          0x00000000080004d4        0x4 e:/ide/stm32cubeide_1.1.0/stm32cubeide/plugins/com.st.stm32cube.ide.mcu.externaltools.gnu-tools-for-stm32.7-2018-q2-update.win32_1.0.0.201904181610/tools/bin/../lib/gcc/arm-none-eabi/7.3.1/thumb/v7e-m/fpv4-sp/hard\libgcc.a(_dvmd_tls.o)
                0x00000000080004d4                __aeabi_idiv0
                0x00000000080004d4                __aeabi_ldiv0
 *(.text*)
 .text.SELECT   0x00000000080004d8        0xe Core/Src/diskio.o
 .text.DESELECT
                0x00000000080004e6        0xe Core/Src/diskio.o
 .text.xmit_spi
                0x00000000080004f4       0x34 Core/Src/diskio.o
 .text.rcvr_spi
                0x0000000008000528       0x3c Core/Src/diskio.o
 .text.rcvr_spi_m
                0x0000000008000564       0x1c Core/Src/diskio.o
 .text.wait_ready
                0x0000000008000580       0x38 Core/Src/diskio.o
 .text.power_on
                0x00000000080005b8       0x9c Core/Src/diskio.o
 .text.power_off
                0x0000000008000654       0x18 Core/Src/diskio.o
 .text.chk_power
                0x000000000800066c       0x18 Core/Src/diskio.o
 .text.rcvr_datablock
                0x0000000008000684       0x6c Core/Src/diskio.o
 .text.xmit_datablock
                0x00000000080006f0       0xa8 Core/Src/diskio.o
 .text.send_cmd
                0x0000000008000798       0xa4 Core/Src/diskio.o
 .text.disk_initialize
                0x000000000800083c      0x1d4 Core/Src/diskio.o
                0x000000000800083c                disk_initialize
 .text.disk_status
                0x0000000008000a10       0x2c Core/Src/diskio.o
                0x0000000008000a10                disk_status
 .text.disk_read
                0x0000000008000a3c       0xd4 Core/Src/diskio.o
                0x0000000008000a3c                disk_read
 .text.disk_write
                0x0000000008000b10      0x108 Core/Src/diskio.o
                0x0000000008000b10                disk_write
 .text.disk_ioctl
                0x0000000008000c18      0x300 Core/Src/diskio.o
                0x0000000008000c18                disk_ioctl
 .text.disk_timerproc
                0x0000000008000f18       0x4c Core/Src/diskio.o
                0x0000000008000f18                disk_timerproc
 .text.sdcard_systick_timerproc
                0x0000000008000f64       0x30 Core/Src/diskio.o
                0x0000000008000f64                sdcard_systick_timerproc
 .text.get_fattime
                0x0000000008000f94       0x14 Core/Src/diskio.o
                0x0000000008000f94                get_fattime
 .text.ld_word  0x0000000008000fa8       0x30 Core/Src/ff.o
 .text.ld_dword
                0x0000000008000fd8       0x46 Core/Src/ff.o
 .text.st_word  0x000000000800101e       0x36 Core/Src/ff.o
 .text.st_dword
                0x0000000008001054       0x58 Core/Src/ff.o
 .text.mem_cpy  0x00000000080010ac       0x42 Core/Src/ff.o
 .text.mem_set  0x00000000080010ee       0x34 Core/Src/ff.o
 .text.mem_cmp  0x0000000008001122       0x4e Core/Src/ff.o
 .text.chk_chr  0x0000000008001170       0x36 Core/Src/ff.o
 .text.dbc_1st  0x00000000080011a6       0x40 Core/Src/ff.o
 .text.dbc_2nd  0x00000000080011e6       0x54 Core/Src/ff.o
 .text.sync_window
                0x000000000800123a       0x78 Core/Src/ff.o
 .text.move_window
                0x00000000080012b2       0x5a Core/Src/ff.o
 .text.sync_fs  0x000000000800130c       0xdc Core/Src/ff.o
 .text.clst2sect
                0x00000000080013e8       0x3e Core/Src/ff.o
 .text.get_fat  0x0000000008001426      0x14a Core/Src/ff.o
 .text.put_fat  0x0000000008001570      0x1ce Core/Src/ff.o
 .text.remove_chain
                0x000000000800173e       0xca Core/Src/ff.o
 .text.create_chain
                0x0000000008001808      0x1a2 Core/Src/ff.o
 .text.dir_clear
                0x00000000080019aa       0x90 Core/Src/ff.o
 .text.dir_sdi  0x0000000008001a3a       0xf6 Core/Src/ff.o
 .text.dir_next
                0x0000000008001b30      0x12c Core/Src/ff.o
 .text.dir_alloc
                0x0000000008001c5c       0x8e Core/Src/ff.o
 .text.ld_clust
                0x0000000008001cea       0x3e Core/Src/ff.o
 .text.st_clust
                0x0000000008001d28       0x40 Core/Src/ff.o
 .text.dir_read
                0x0000000008001d68       0xba Core/Src/ff.o
 .text.dir_find
                0x0000000008001e22       0xaa Core/Src/ff.o
 .text.dir_register
                0x0000000008001ecc       0x64 Core/Src/ff.o
 .text.get_fileinfo
                0x0000000008001f30       0xc6 Core/Src/ff.o
 *fill*         0x0000000008001ff6        0x2 
 .text.create_name
                0x0000000008001ff8      0x184 Core/Src/ff.o
 .text.follow_path
                0x000000000800217c       0xde Core/Src/ff.o
 .text.get_ldnumber
                0x000000000800225a       0x8a Core/Src/ff.o
 .text.check_fs
                0x00000000080022e4       0xac Core/Src/ff.o
 .text.find_volume
                0x0000000008002390      0x4b0 Core/Src/ff.o
 .text.validate
                0x0000000008002840       0x6a Core/Src/ff.o
 *fill*         0x00000000080028aa        0x2 
 .text.f_mount  0x00000000080028ac       0x80 Core/Src/ff.o
                0x00000000080028ac                f_mount
 .text.f_open   0x000000000800292c      0x306 Core/Src/ff.o
                0x000000000800292c                f_open
 .text.f_read   0x0000000008002c32      0x266 Core/Src/ff.o
                0x0000000008002c32                f_read
 .text.f_sync   0x0000000008002e98       0xfc Core/Src/ff.o
                0x0000000008002e98                f_sync
 .text.f_close  0x0000000008002f94       0x40 Core/Src/ff.o
                0x0000000008002f94                f_close
 .text.f_opendir
                0x0000000008002fd4       0xb2 Core/Src/ff.o
                0x0000000008002fd4                f_opendir
 .text.f_readdir
                0x0000000008003086       0x7a Core/Src/ff.o
                0x0000000008003086                f_readdir
 .text.lcd_send_cmd
                0x0000000008003100       0x64 Core/Src/lcd.o
                0x0000000008003100                lcd_send_cmd
 .text.lcd_send_data
                0x0000000008003164       0x64 Core/Src/lcd.o
                0x0000000008003164                lcd_send_data
 .text.lcd_init
                0x00000000080031c8       0x7a Core/Src/lcd.o
                0x00000000080031c8                lcd_init
 .text.lcd_send_string
                0x0000000008003242       0x28 Core/Src/lcd.o
                0x0000000008003242                lcd_send_string
 *fill*         0x000000000800326a        0x2 
 .text.read_song
                0x000000000800326c       0xd0 Core/Src/main.o
                0x000000000800326c                read_song
 .text.next     0x000000000800333c       0x7c Core/Src/main.o
                0x000000000800333c                next
 .text.prev     0x00000000080033b8       0x7c Core/Src/main.o
                0x00000000080033b8                prev
 .text.HAL_ADC_ConvCpltCallback
                0x0000000008003434      0x15c Core/Src/main.o
                0x0000000008003434                HAL_ADC_ConvCpltCallback
 .text.HAL_GPIO_EXTI_Callback
                0x0000000008003590       0xd4 Core/Src/main.o
                0x0000000008003590                HAL_GPIO_EXTI_Callback
 .text.HAL_TIM_PeriodElapsedCallback
                0x0000000008003664      0x12c Core/Src/main.o
                0x0000000008003664                HAL_TIM_PeriodElapsedCallback
 .text.HAL_UART_RxCpltCallback
                0x0000000008003790       0x50 Core/Src/main.o
                0x0000000008003790                HAL_UART_RxCpltCallback
 .text.main     0x00000000080037e0       0xd0 Core/Src/main.o
                0x00000000080037e0                main
 .text.SystemClock_Config
                0x00000000080038b0       0xd4 Core/Src/main.o
                0x00000000080038b0                SystemClock_Config
 .text.MX_ADC1_Init
                0x0000000008003984       0xa4 Core/Src/main.o
 .text.MX_DAC_Init
                0x0000000008003a28       0x54 Core/Src/main.o
 .text.MX_I2C3_Init
                0x0000000008003a7c       0x5c Core/Src/main.o
 .text.MX_SPI3_Init
                0x0000000008003ad8       0x6c Core/Src/main.o
 .text.MX_TIM4_Init
                0x0000000008003b44       0x98 Core/Src/main.o
 .text.MX_TIM6_Init
                0x0000000008003bdc       0x68 Core/Src/main.o
 .text.MX_TIM7_Init
                0x0000000008003c44       0x6c Core/Src/main.o
 .text.MX_USART2_UART_Init
                0x0000000008003cb0       0x54 Core/Src/main.o
 .text.MX_USART3_UART_Init
                0x0000000008003d04       0x54 Core/Src/main.o
 .text.MX_GPIO_Init
                0x0000000008003d58      0x140 Core/Src/main.o
 .text.Error_Handler
                0x0000000008003e98        0xe Core/Src/main.o
                0x0000000008003e98                Error_Handler
 *fill*         0x0000000008003ea6        0x2 
 .text.HAL_MspInit
                0x0000000008003ea8       0x5c Core/Src/stm32f4xx_hal_msp.o
                0x0000000008003ea8                HAL_MspInit
 .text.HAL_ADC_MspInit
                0x0000000008003f04       0x98 Core/Src/stm32f4xx_hal_msp.o
                0x0000000008003f04                HAL_ADC_MspInit
 .text.HAL_DAC_MspInit
                0x0000000008003f9c       0x88 Core/Src/stm32f4xx_hal_msp.o
                0x0000000008003f9c                HAL_DAC_MspInit
 .text.HAL_I2C_MspInit
                0x0000000008004024       0xf4 Core/Src/stm32f4xx_hal_msp.o
                0x0000000008004024                HAL_I2C_MspInit
 .text.HAL_SPI_MspInit
                0x0000000008004118       0x90 Core/Src/stm32f4xx_hal_msp.o
                0x0000000008004118                HAL_SPI_MspInit
 .text.HAL_TIM_Base_MspInit
                0x00000000080041a8       0xb8 Core/Src/stm32f4xx_hal_msp.o
                0x00000000080041a8                HAL_TIM_Base_MspInit
 .text.HAL_UART_MspInit
                0x0000000008004260      0x14c Core/Src/stm32f4xx_hal_msp.o
                0x0000000008004260                HAL_UART_MspInit
 .text.NMI_Handler
                0x00000000080043ac        0xe Core/Src/stm32f4xx_it.o
                0x00000000080043ac                NMI_Handler
 .text.HardFault_Handler
                0x00000000080043ba        0x6 Core/Src/stm32f4xx_it.o
                0x00000000080043ba                HardFault_Handler
 .text.MemManage_Handler
                0x00000000080043c0        0x6 Core/Src/stm32f4xx_it.o
                0x00000000080043c0                MemManage_Handler
 .text.BusFault_Handler
                0x00000000080043c6        0x6 Core/Src/stm32f4xx_it.o
                0x00000000080043c6                BusFault_Handler
 .text.UsageFault_Handler
                0x00000000080043cc        0x6 Core/Src/stm32f4xx_it.o
                0x00000000080043cc                UsageFault_Handler
 .text.SVC_Handler
                0x00000000080043d2        0xe Core/Src/stm32f4xx_it.o
                0x00000000080043d2                SVC_Handler
 .text.DebugMon_Handler
                0x00000000080043e0        0xe Core/Src/stm32f4xx_it.o
                0x00000000080043e0                DebugMon_Handler
 .text.PendSV_Handler
                0x00000000080043ee        0xe Core/Src/stm32f4xx_it.o
                0x00000000080043ee                PendSV_Handler
 .text.SysTick_Handler
                0x00000000080043fc       0x10 Core/Src/stm32f4xx_it.o
                0x00000000080043fc                SysTick_Handler
 .text.PVD_IRQHandler
                0x000000000800440c        0xc Core/Src/stm32f4xx_it.o
                0x000000000800440c                PVD_IRQHandler
 .text.EXTI0_IRQHandler
                0x0000000008004418        0xe Core/Src/stm32f4xx_it.o
                0x0000000008004418                EXTI0_IRQHandler
 *fill*         0x0000000008004426        0x2 
 .text.ADC_IRQHandler
                0x0000000008004428       0x14 Core/Src/stm32f4xx_it.o
                0x0000000008004428                ADC_IRQHandler
 .text.TIM4_IRQHandler
                0x000000000800443c       0x14 Core/Src/stm32f4xx_it.o
                0x000000000800443c                TIM4_IRQHandler
 .text.USART2_IRQHandler
                0x0000000008004450       0x14 Core/Src/stm32f4xx_it.o
                0x0000000008004450                USART2_IRQHandler
 .text.EXTI15_10_IRQHandler
                0x0000000008004464       0x30 Core/Src/stm32f4xx_it.o
                0x0000000008004464                EXTI15_10_IRQHandler
 .text.TIM7_IRQHandler
                0x0000000008004494       0x14 Core/Src/stm32f4xx_it.o
                0x0000000008004494                TIM7_IRQHandler
 .text.I2C3_EV_IRQHandler
                0x00000000080044a8       0x14 Core/Src/stm32f4xx_it.o
                0x00000000080044a8                I2C3_EV_IRQHandler
 .text.I2C3_ER_IRQHandler
                0x00000000080044bc       0x14 Core/Src/stm32f4xx_it.o
                0x00000000080044bc                I2C3_ER_IRQHandler
 .text._read    0x00000000080044d0       0x3a Core/Src/syscalls.o
                0x00000000080044d0                _read
 .text._write   0x000000000800450a       0x38 Core/Src/syscalls.o
                0x000000000800450a                _write
 .text._close   0x0000000008004542       0x18 Core/Src/syscalls.o
                0x0000000008004542                _close
 .text._fstat   0x000000000800455a       0x20 Core/Src/syscalls.o
                0x000000000800455a                _fstat
 .text._isatty  0x000000000800457a       0x16 Core/Src/syscalls.o
                0x000000000800457a                _isatty
 .text._lseek   0x0000000008004590       0x1a Core/Src/syscalls.o
                0x0000000008004590                _lseek
 *fill*         0x00000000080045aa        0x2 
 .text._sbrk    0x00000000080045ac       0x58 Core/Src/sysmem.o
                0x00000000080045ac                _sbrk
 .text.SystemInit
                0x0000000008004604       0x6c Core/Src/system_stm32f4xx.o
                0x0000000008004604                SystemInit
 .text.Reset_Handler
                0x0000000008004670       0x50 Core/Startup/startup_stm32f407vgtx.o
                0x0000000008004670                Reset_Handler
 .text.Default_Handler
                0x00000000080046c0        0x2 Core/Startup/startup_stm32f407vgtx.o
                0x00000000080046c0                RTC_Alarm_IRQHandler
                0x00000000080046c0                HASH_RNG_IRQHandler
                0x00000000080046c0                EXTI2_IRQHandler
                0x00000000080046c0                TIM8_CC_IRQHandler
                0x00000000080046c0                TIM1_CC_IRQHandler
                0x00000000080046c0                DMA2_Stream5_IRQHandler
                0x00000000080046c0                DMA1_Stream5_IRQHandler
                0x00000000080046c0                SDIO_IRQHandler
                0x00000000080046c0                TAMP_STAMP_IRQHandler
                0x00000000080046c0                CAN2_RX1_IRQHandler
                0x00000000080046c0                EXTI3_IRQHandler
                0x00000000080046c0                TIM8_TRG_COM_TIM14_IRQHandler
                0x00000000080046c0                TIM1_UP_TIM10_IRQHandler
                0x00000000080046c0                TIM8_UP_TIM13_IRQHandler
                0x00000000080046c0                I2C2_EV_IRQHandler
                0x00000000080046c0                DMA1_Stream2_IRQHandler
                0x00000000080046c0                CAN1_RX0_IRQHandler
                0x00000000080046c0                FPU_IRQHandler
                0x00000000080046c0                OTG_HS_WKUP_IRQHandler
                0x00000000080046c0                CAN2_SCE_IRQHandler
                0x00000000080046c0                DMA2_Stream2_IRQHandler
                0x00000000080046c0                SPI1_IRQHandler
                0x00000000080046c0                TIM6_DAC_IRQHandler
                0x00000000080046c0                TIM1_BRK_TIM9_IRQHandler
                0x00000000080046c0                DCMI_IRQHandler
                0x00000000080046c0                CAN2_RX0_IRQHandler
                0x00000000080046c0                DMA2_Stream3_IRQHandler
                0x00000000080046c0                USART6_IRQHandler
                0x00000000080046c0                USART3_IRQHandler
                0x00000000080046c0                CAN1_RX1_IRQHandler
                0x00000000080046c0                UART5_IRQHandler
                0x00000000080046c0                DMA2_Stream0_IRQHandler
                0x00000000080046c0                I2C1_EV_IRQHandler
                0x00000000080046c0                DMA1_Stream6_IRQHandler
                0x00000000080046c0                DMA1_Stream1_IRQHandler
                0x00000000080046c0                UART4_IRQHandler
                0x00000000080046c0                TIM3_IRQHandler
                0x00000000080046c0                RCC_IRQHandler
                0x00000000080046c0                TIM8_BRK_TIM12_IRQHandler
                0x00000000080046c0                Default_Handler
                0x00000000080046c0                DMA1_Stream7_IRQHandler
                0x00000000080046c0                CAN2_TX_IRQHandler
                0x00000000080046c0                TIM5_IRQHandler
                0x00000000080046c0                DMA2_Stream7_IRQHandler
                0x00000000080046c0                EXTI9_5_IRQHandler
                0x00000000080046c0                RTC_WKUP_IRQHandler
                0x00000000080046c0                ETH_WKUP_IRQHandler
                0x00000000080046c0                SPI2_IRQHandler
                0x00000000080046c0                OTG_HS_EP1_IN_IRQHandler
                0x00000000080046c0                DMA1_Stream0_IRQHandler
                0x00000000080046c0                CAN1_TX_IRQHandler
                0x00000000080046c0                EXTI4_IRQHandler
                0x00000000080046c0                FSMC_IRQHandler
                0x00000000080046c0                ETH_IRQHandler
                0x00000000080046c0                OTG_HS_EP1_OUT_IRQHandler
                0x00000000080046c0                WWDG_IRQHandler
                0x00000000080046c0                TIM2_IRQHandler
                0x00000000080046c0                OTG_FS_WKUP_IRQHandler
                0x00000000080046c0                TIM1_TRG_COM_TIM11_IRQHandler
                0x00000000080046c0                OTG_HS_IRQHandler
                0x00000000080046c0                EXTI1_IRQHandler
                0x00000000080046c0                I2C2_ER_IRQHandler
                0x00000000080046c0                DMA2_Stream1_IRQHandler
                0x00000000080046c0                CAN1_SCE_IRQHandler
                0x00000000080046c0                FLASH_IRQHandler
                0x00000000080046c0                DMA2_Stream4_IRQHandler
                0x00000000080046c0                USART1_IRQHandler
                0x00000000080046c0                OTG_FS_IRQHandler
                0x00000000080046c0                SPI3_IRQHandler
                0x00000000080046c0                DMA1_Stream4_IRQHandler
                0x00000000080046c0                I2C1_ER_IRQHandler
                0x00000000080046c0                DMA2_Stream6_IRQHandler
                0x00000000080046c0                DMA1_Stream3_IRQHandler
 *fill*         0x00000000080046c2        0x2 
 .text.HAL_Init
                0x00000000080046c4       0x44 Drivers/STM32F4xx_HAL_Driver/Src/stm32f4xx_hal.o
                0x00000000080046c4                HAL_Init
 .text.HAL_InitTick
                0x0000000008004708       0x60 Drivers/STM32F4xx_HAL_Driver/Src/stm32f4xx_hal.o
                0x0000000008004708                HAL_InitTick
 .text.HAL_IncTick
                0x0000000008004768       0x28 Drivers/STM32F4xx_HAL_Driver/Src/stm32f4xx_hal.o
                0x0000000008004768                HAL_IncTick
 .text.HAL_GetTick
                0x0000000008004790       0x18 Drivers/STM32F4xx_HAL_Driver/Src/stm32f4xx_hal.o
                0x0000000008004790                HAL_GetTick
 .text.HAL_Delay
                0x00000000080047a8       0x44 Drivers/STM32F4xx_HAL_Driver/Src/stm32f4xx_hal.o
                0x00000000080047a8                HAL_Delay
 .text.HAL_ADC_Init
                0x00000000080047ec       0x86 Drivers/STM32F4xx_HAL_Driver/Src/stm32f4xx_hal_adc.o
                0x00000000080047ec                HAL_ADC_Init
 *fill*         0x0000000008004872        0x2 
 .text.HAL_ADC_Start_IT
                0x0000000008004874      0x1a0 Drivers/STM32F4xx_HAL_Driver/Src/stm32f4xx_hal_adc.o
                0x0000000008004874                HAL_ADC_Start_IT
 .text.HAL_ADC_IRQHandler
                0x0000000008004a14      0x282 Drivers/STM32F4xx_HAL_Driver/Src/stm32f4xx_hal_adc.o
                0x0000000008004a14                HAL_ADC_IRQHandler
 .text.HAL_ADC_GetValue
                0x0000000008004c96       0x1a Drivers/STM32F4xx_HAL_Driver/Src/stm32f4xx_hal_adc.o
                0x0000000008004c96                HAL_ADC_GetValue
 .text.HAL_ADC_LevelOutOfWindowCallback
                0x0000000008004cb0       0x14 Drivers/STM32F4xx_HAL_Driver/Src/stm32f4xx_hal_adc.o
                0x0000000008004cb0                HAL_ADC_LevelOutOfWindowCallback
 .text.HAL_ADC_ErrorCallback
                0x0000000008004cc4       0x14 Drivers/STM32F4xx_HAL_Driver/Src/stm32f4xx_hal_adc.o
                0x0000000008004cc4                HAL_ADC_ErrorCallback
 .text.HAL_ADC_ConfigChannel
                0x0000000008004cd8      0x244 Drivers/STM32F4xx_HAL_Driver/Src/stm32f4xx_hal_adc.o
                0x0000000008004cd8                HAL_ADC_ConfigChannel
 .text.ADC_Init
                0x0000000008004f1c      0x1f8 Drivers/STM32F4xx_HAL_Driver/Src/stm32f4xx_hal_adc.o
 .text.HAL_ADCEx_InjectedConvCpltCallback
                0x0000000008005114       0x14 Drivers/STM32F4xx_HAL_Driver/Src/stm32f4xx_hal_adc_ex.o
                0x0000000008005114                HAL_ADCEx_InjectedConvCpltCallback
 .text.__NVIC_SetPriorityGrouping
                0x0000000008005128       0x48 Drivers/STM32F4xx_HAL_Driver/Src/stm32f4xx_hal_cortex.o
 .text.__NVIC_GetPriorityGrouping
                0x0000000008005170       0x1c Drivers/STM32F4xx_HAL_Driver/Src/stm32f4xx_hal_cortex.o
 .text.__NVIC_EnableIRQ
                0x000000000800518c       0x3c Drivers/STM32F4xx_HAL_Driver/Src/stm32f4xx_hal_cortex.o
 .text.__NVIC_SetPriority
                0x00000000080051c8       0x54 Drivers/STM32F4xx_HAL_Driver/Src/stm32f4xx_hal_cortex.o
 .text.NVIC_EncodePriority
                0x000000000800521c       0x66 Drivers/STM32F4xx_HAL_Driver/Src/stm32f4xx_hal_cortex.o
 *fill*         0x0000000008005282        0x2 
 .text.SysTick_Config
                0x0000000008005284       0x44 Drivers/STM32F4xx_HAL_Driver/Src/stm32f4xx_hal_cortex.o
 .text.HAL_NVIC_SetPriorityGrouping
                0x00000000080052c8       0x16 Drivers/STM32F4xx_HAL_Driver/Src/stm32f4xx_hal_cortex.o
                0x00000000080052c8                HAL_NVIC_SetPriorityGrouping
 .text.HAL_NVIC_SetPriority
                0x00000000080052de       0x38 Drivers/STM32F4xx_HAL_Driver/Src/stm32f4xx_hal_cortex.o
                0x00000000080052de                HAL_NVIC_SetPriority
 .text.HAL_NVIC_EnableIRQ
                0x0000000008005316       0x1c Drivers/STM32F4xx_HAL_Driver/Src/stm32f4xx_hal_cortex.o
                0x0000000008005316                HAL_NVIC_EnableIRQ
 .text.HAL_SYSTICK_Config
                0x0000000008005332       0x18 Drivers/STM32F4xx_HAL_Driver/Src/stm32f4xx_hal_cortex.o
                0x0000000008005332                HAL_SYSTICK_Config
 .text.HAL_DAC_Init
                0x000000000800534a       0x44 Drivers/STM32F4xx_HAL_Driver/Src/stm32f4xx_hal_dac.o
                0x000000000800534a                HAL_DAC_Init
 .text.HAL_DAC_Start
                0x000000000800538e       0xcc Drivers/STM32F4xx_HAL_Driver/Src/stm32f4xx_hal_dac.o
                0x000000000800538e                HAL_DAC_Start
 .text.HAL_DAC_ConfigChannel
                0x000000000800545a       0x9a Drivers/STM32F4xx_HAL_Driver/Src/stm32f4xx_hal_dac.o
                0x000000000800545a                HAL_DAC_ConfigChannel
 .text.HAL_DAC_SetValue
                0x00000000080054f4       0x4a Drivers/STM32F4xx_HAL_Driver/Src/stm32f4xx_hal_dac.o
                0x00000000080054f4                HAL_DAC_SetValue
 .text.HAL_DMA_Abort_IT
                0x000000000800553e       0x44 Drivers/STM32F4xx_HAL_Driver/Src/stm32f4xx_hal_dma.o
                0x000000000800553e                HAL_DMA_Abort_IT
 .text.HAL_DMA_GetState
                0x0000000008005582       0x1c Drivers/STM32F4xx_HAL_Driver/Src/stm32f4xx_hal_dma.o
                0x0000000008005582                HAL_DMA_GetState
 *fill*         0x000000000800559e        0x2 
 .text.HAL_GPIO_Init
                0x00000000080055a0      0x334 Drivers/STM32F4xx_HAL_Driver/Src/stm32f4xx_hal_gpio.o
                0x00000000080055a0                HAL_GPIO_Init
 .text.HAL_GPIO_ReadPin
                0x00000000080058d4       0x30 Drivers/STM32F4xx_HAL_Driver/Src/stm32f4xx_hal_gpio.o
                0x00000000080058d4                HAL_GPIO_ReadPin
 .text.HAL_GPIO_WritePin
                0x0000000008005904       0x32 Drivers/STM32F4xx_HAL_Driver/Src/stm32f4xx_hal_gpio.o
                0x0000000008005904                HAL_GPIO_WritePin
 .text.HAL_GPIO_TogglePin
                0x0000000008005936       0x36 Drivers/STM32F4xx_HAL_Driver/Src/stm32f4xx_hal_gpio.o
                0x0000000008005936                HAL_GPIO_TogglePin
 .text.HAL_GPIO_EXTI_IRQHandler
                0x000000000800596c       0x30 Drivers/STM32F4xx_HAL_Driver/Src/stm32f4xx_hal_gpio.o
                0x000000000800596c                HAL_GPIO_EXTI_IRQHandler
 .text.HAL_I2C_Init
                0x000000000800599c      0x250 Drivers/STM32F4xx_HAL_Driver/Src/stm32f4xx_hal_i2c.o
                0x000000000800599c                HAL_I2C_Init
 .text.HAL_I2C_Master_Transmit
                0x0000000008005bec      0x1fc Drivers/STM32F4xx_HAL_Driver/Src/stm32f4xx_hal_i2c.o
                0x0000000008005bec                HAL_I2C_Master_Transmit
 .text.HAL_I2C_EV_IRQHandler
                0x0000000008005de8      0x2cc Drivers/STM32F4xx_HAL_Driver/Src/stm32f4xx_hal_i2c.o
                0x0000000008005de8                HAL_I2C_EV_IRQHandler
 .text.HAL_I2C_ER_IRQHandler
                0x00000000080060b4      0x14a Drivers/STM32F4xx_HAL_Driver/Src/stm32f4xx_hal_i2c.o
                0x00000000080060b4                HAL_I2C_ER_IRQHandler
 .text.HAL_I2C_MasterTxCpltCallback
                0x00000000080061fe       0x14 Drivers/STM32F4xx_HAL_Driver/Src/stm32f4xx_hal_i2c.o
                0x00000000080061fe                HAL_I2C_MasterTxCpltCallback
 .text.HAL_I2C_MasterRxCpltCallback
                0x0000000008006212       0x14 Drivers/STM32F4xx_HAL_Driver/Src/stm32f4xx_hal_i2c.o
                0x0000000008006212                HAL_I2C_MasterRxCpltCallback
 .text.HAL_I2C_SlaveTxCpltCallback
                0x0000000008006226       0x14 Drivers/STM32F4xx_HAL_Driver/Src/stm32f4xx_hal_i2c.o
                0x0000000008006226                HAL_I2C_SlaveTxCpltCallback
 .text.HAL_I2C_SlaveRxCpltCallback
                0x000000000800623a       0x14 Drivers/STM32F4xx_HAL_Driver/Src/stm32f4xx_hal_i2c.o
                0x000000000800623a                HAL_I2C_SlaveRxCpltCallback
 .text.HAL_I2C_AddrCallback
                0x000000000800624e       0x1c Drivers/STM32F4xx_HAL_Driver/Src/stm32f4xx_hal_i2c.o
                0x000000000800624e                HAL_I2C_AddrCallback
 .text.HAL_I2C_ListenCpltCallback
                0x000000000800626a       0x14 Drivers/STM32F4xx_HAL_Driver/Src/stm32f4xx_hal_i2c.o
                0x000000000800626a                HAL_I2C_ListenCpltCallback
 .text.HAL_I2C_MemTxCpltCallback
                0x000000000800627e       0x14 Drivers/STM32F4xx_HAL_Driver/Src/stm32f4xx_hal_i2c.o
                0x000000000800627e                HAL_I2C_MemTxCpltCallback
 .text.HAL_I2C_MemRxCpltCallback
                0x0000000008006292       0x14 Drivers/STM32F4xx_HAL_Driver/Src/stm32f4xx_hal_i2c.o
                0x0000000008006292                HAL_I2C_MemRxCpltCallback
 .text.HAL_I2C_ErrorCallback
                0x00000000080062a6       0x14 Drivers/STM32F4xx_HAL_Driver/Src/stm32f4xx_hal_i2c.o
                0x00000000080062a6                HAL_I2C_ErrorCallback
 .text.HAL_I2C_AbortCpltCallback
                0x00000000080062ba       0x14 Drivers/STM32F4xx_HAL_Driver/Src/stm32f4xx_hal_i2c.o
                0x00000000080062ba                HAL_I2C_AbortCpltCallback
 .text.I2C_MasterTransmit_TXE
                0x00000000080062ce      0x1f0 Drivers/STM32F4xx_HAL_Driver/Src/stm32f4xx_hal_i2c.o
 .text.I2C_MasterTransmit_BTF
                0x00000000080064be       0xec Drivers/STM32F4xx_HAL_Driver/Src/stm32f4xx_hal_i2c.o
 .text.I2C_MasterReceive_RXNE
                0x00000000080065aa      0x104 Drivers/STM32F4xx_HAL_Driver/Src/stm32f4xx_hal_i2c.o
 .text.I2C_MasterReceive_BTF
                0x00000000080066ae      0x1d4 Drivers/STM32F4xx_HAL_Driver/Src/stm32f4xx_hal_i2c.o
 .text.I2C_Master_SB
                0x0000000008006882      0x10c Drivers/STM32F4xx_HAL_Driver/Src/stm32f4xx_hal_i2c.o
 .text.I2C_Master_ADD10
                0x000000000800698e       0x54 Drivers/STM32F4xx_HAL_Driver/Src/stm32f4xx_hal_i2c.o
 .text.I2C_Master_ADDR
                0x00000000080069e2      0x322 Drivers/STM32F4xx_HAL_Driver/Src/stm32f4xx_hal_i2c.o
 .text.I2C_SlaveTransmit_TXE
                0x0000000008006d04       0x7a Drivers/STM32F4xx_HAL_Driver/Src/stm32f4xx_hal_i2c.o
 .text.I2C_SlaveTransmit_BTF
                0x0000000008006d7e       0x42 Drivers/STM32F4xx_HAL_Driver/Src/stm32f4xx_hal_i2c.o
 .text.I2C_SlaveReceive_RXNE
                0x0000000008006dc0       0x7c Drivers/STM32F4xx_HAL_Driver/Src/stm32f4xx_hal_i2c.o
 .text.I2C_SlaveReceive_BTF
                0x0000000008006e3c       0x44 Drivers/STM32F4xx_HAL_Driver/Src/stm32f4xx_hal_i2c.o
 .text.I2C_Slave_ADDR
                0x0000000008006e80       0x88 Drivers/STM32F4xx_HAL_Driver/Src/stm32f4xx_hal_i2c.o
 .text.I2C_Slave_STOPF
                0x0000000008006f08      0x260 Drivers/STM32F4xx_HAL_Driver/Src/stm32f4xx_hal_i2c.o
 .text.I2C_Slave_AF
                0x0000000008007168       0xe0 Drivers/STM32F4xx_HAL_Driver/Src/stm32f4xx_hal_i2c.o
 .text.I2C_ITError
                0x0000000008007248      0x230 Drivers/STM32F4xx_HAL_Driver/Src/stm32f4xx_hal_i2c.o
 .text.I2C_MasterRequestWrite
                0x0000000008007478       0xec Drivers/STM32F4xx_HAL_Driver/Src/stm32f4xx_hal_i2c.o
 .text.I2C_DMAAbort
                0x0000000008007564       0xde Drivers/STM32F4xx_HAL_Driver/Src/stm32f4xx_hal_i2c.o
 .text.I2C_WaitOnFlagUntilTimeout
                0x0000000008007642       0xae Drivers/STM32F4xx_HAL_Driver/Src/stm32f4xx_hal_i2c.o
 .text.I2C_WaitOnMasterAddressFlagUntilTimeout
                0x00000000080076f0       0xfe Drivers/STM32F4xx_HAL_Driver/Src/stm32f4xx_hal_i2c.o
 .text.I2C_WaitOnTXEFlagUntilTimeout
                0x00000000080077ee       0x82 Drivers/STM32F4xx_HAL_Driver/Src/stm32f4xx_hal_i2c.o
 .text.I2C_WaitOnBTFFlagUntilTimeout
                0x0000000008007870       0x82 Drivers/STM32F4xx_HAL_Driver/Src/stm32f4xx_hal_i2c.o
 .text.I2C_IsAcknowledgeFailed
                0x00000000080078f2       0x5e Drivers/STM32F4xx_HAL_Driver/Src/stm32f4xx_hal_i2c.o
 .text.I2C_ConvertOtherXferOptions
                0x0000000008007950       0x36 Drivers/STM32F4xx_HAL_Driver/Src/stm32f4xx_hal_i2c.o
 *fill*         0x0000000008007986        0x2 
 .text.HAL_PWR_PVD_IRQHandler
                0x0000000008007988       0x24 Drivers/STM32F4xx_HAL_Driver/Src/stm32f4xx_hal_pwr.o
                0x0000000008007988                HAL_PWR_PVD_IRQHandler
 .text.HAL_PWR_PVDCallback
                0x00000000080079ac        0xe Drivers/STM32F4xx_HAL_Driver/Src/stm32f4xx_hal_pwr.o
                0x00000000080079ac                HAL_PWR_PVDCallback
 *fill*         0x00000000080079ba        0x2 
 .text.HAL_RCC_OscConfig
                0x00000000080079bc      0x484 Drivers/STM32F4xx_HAL_Driver/Src/stm32f4xx_hal_rcc.o
                0x00000000080079bc                HAL_RCC_OscConfig
 .text.HAL_RCC_ClockConfig
                0x0000000008007e40      0x1c4 Drivers/STM32F4xx_HAL_Driver/Src/stm32f4xx_hal_rcc.o
                0x0000000008007e40                HAL_RCC_ClockConfig
 .text.HAL_RCC_GetSysClockFreq
                0x0000000008008004      0x1b0 Drivers/STM32F4xx_HAL_Driver/Src/stm32f4xx_hal_rcc.o
                0x0000000008008004                HAL_RCC_GetSysClockFreq
 .text.HAL_RCC_GetHCLKFreq
                0x00000000080081b4       0x18 Drivers/STM32F4xx_HAL_Driver/Src/stm32f4xx_hal_rcc.o
                0x00000000080081b4                HAL_RCC_GetHCLKFreq
 .text.HAL_RCC_GetPCLK1Freq
                0x00000000080081cc       0x28 Drivers/STM32F4xx_HAL_Driver/Src/stm32f4xx_hal_rcc.o
                0x00000000080081cc                HAL_RCC_GetPCLK1Freq
 .text.HAL_RCC_GetPCLK2Freq
                0x00000000080081f4       0x28 Drivers/STM32F4xx_HAL_Driver/Src/stm32f4xx_hal_rcc.o
                0x00000000080081f4                HAL_RCC_GetPCLK2Freq
 .text.HAL_SPI_Init
                0x000000000800821c       0xc8 Drivers/STM32F4xx_HAL_Driver/Src/stm32f4xx_hal_spi.o
                0x000000000800821c                HAL_SPI_Init
 .text.HAL_SPI_Transmit
                0x00000000080082e4      0x268 Drivers/STM32F4xx_HAL_Driver/Src/stm32f4xx_hal_spi.o
                0x00000000080082e4                HAL_SPI_Transmit
 .text.HAL_SPI_TransmitReceive
                0x000000000800854c      0x344 Drivers/STM32F4xx_HAL_Driver/Src/stm32f4xx_hal_spi.o
                0x000000000800854c                HAL_SPI_TransmitReceive
 .text.HAL_SPI_GetState
                0x0000000008008890       0x1c Drivers/STM32F4xx_HAL_Driver/Src/stm32f4xx_hal_spi.o
                0x0000000008008890                HAL_SPI_GetState
 .text.SPI_WaitFlagStateUntilTimeout
                0x00000000080088ac       0xd4 Drivers/STM32F4xx_HAL_Driver/Src/stm32f4xx_hal_spi.o
 .text.SPI_EndRxTxTransaction
                0x0000000008008980       0x84 Drivers/STM32F4xx_HAL_Driver/Src/stm32f4xx_hal_spi.o
 .text.HAL_TIM_Base_Init
                0x0000000008008a04       0x56 Drivers/STM32F4xx_HAL_Driver/Src/stm32f4xx_hal_tim.o
                0x0000000008008a04                HAL_TIM_Base_Init
 .text.HAL_TIM_Base_Start_IT
                0x0000000008008a5a       0x48 Drivers/STM32F4xx_HAL_Driver/Src/stm32f4xx_hal_tim.o
                0x0000000008008a5a                HAL_TIM_Base_Start_IT
 .text.HAL_TIM_Base_Stop_IT
                0x0000000008008aa2       0x56 Drivers/STM32F4xx_HAL_Driver/Src/stm32f4xx_hal_tim.o
                0x0000000008008aa2                HAL_TIM_Base_Stop_IT
 .text.HAL_TIM_IRQHandler
                0x0000000008008af8      0x210 Drivers/STM32F4xx_HAL_Driver/Src/stm32f4xx_hal_tim.o
                0x0000000008008af8                HAL_TIM_IRQHandler
 .text.HAL_TIM_ConfigClockSource
                0x0000000008008d08      0x16e Drivers/STM32F4xx_HAL_Driver/Src/stm32f4xx_hal_tim.o
                0x0000000008008d08                HAL_TIM_ConfigClockSource
 .text.HAL_TIM_OC_DelayElapsedCallback
                0x0000000008008e76       0x14 Drivers/STM32F4xx_HAL_Driver/Src/stm32f4xx_hal_tim.o
                0x0000000008008e76                HAL_TIM_OC_DelayElapsedCallback
 .text.HAL_TIM_IC_CaptureCallback
                0x0000000008008e8a       0x14 Drivers/STM32F4xx_HAL_Driver/Src/stm32f4xx_hal_tim.o
                0x0000000008008e8a                HAL_TIM_IC_CaptureCallback
 .text.HAL_TIM_PWM_PulseFinishedCallback
                0x0000000008008e9e       0x14 Drivers/STM32F4xx_HAL_Driver/Src/stm32f4xx_hal_tim.o
                0x0000000008008e9e                HAL_TIM_PWM_PulseFinishedCallback
 .text.HAL_TIM_TriggerCallback
                0x0000000008008eb2       0x14 Drivers/STM32F4xx_HAL_Driver/Src/stm32f4xx_hal_tim.o
                0x0000000008008eb2                HAL_TIM_TriggerCallback
 *fill*         0x0000000008008ec6        0x2 
 .text.TIM_Base_SetConfig
                0x0000000008008ec8      0x140 Drivers/STM32F4xx_HAL_Driver/Src/stm32f4xx_hal_tim.o
                0x0000000008008ec8                TIM_Base_SetConfig
 .text.TIM_TI1_ConfigInputStage
                0x0000000008009008       0x5e Drivers/STM32F4xx_HAL_Driver/Src/stm32f4xx_hal_tim.o
 .text.TIM_TI2_ConfigInputStage
                0x0000000008009066       0x60 Drivers/STM32F4xx_HAL_Driver/Src/stm32f4xx_hal_tim.o
 .text.TIM_ITRx_SetConfig
                0x00000000080090c6       0x36 Drivers/STM32F4xx_HAL_Driver/Src/stm32f4xx_hal_tim.o
 .text.TIM_ETR_SetConfig
                0x00000000080090fc       0x40 Drivers/STM32F4xx_HAL_Driver/Src/stm32f4xx_hal_tim.o
                0x00000000080090fc                TIM_ETR_SetConfig
 .text.HAL_TIMEx_MasterConfigSynchronization
                0x000000000800913c       0x8a Drivers/STM32F4xx_HAL_Driver/Src/stm32f4xx_hal_tim_ex.o
                0x000000000800913c                HAL_TIMEx_MasterConfigSynchronization
 .text.HAL_TIMEx_CommutCallback
                0x00000000080091c6       0x14 Drivers/STM32F4xx_HAL_Driver/Src/stm32f4xx_hal_tim_ex.o
                0x00000000080091c6                HAL_TIMEx_CommutCallback
 .text.HAL_TIMEx_BreakCallback
                0x00000000080091da       0x14 Drivers/STM32F4xx_HAL_Driver/Src/stm32f4xx_hal_tim_ex.o
                0x00000000080091da                HAL_TIMEx_BreakCallback
 .text.HAL_UART_Init
                0x00000000080091ee       0x9a Drivers/STM32F4xx_HAL_Driver/Src/stm32f4xx_hal_uart.o
                0x00000000080091ee                HAL_UART_Init
 .text.HAL_UART_Transmit_IT
                0x0000000008009288       0x8a Drivers/STM32F4xx_HAL_Driver/Src/stm32f4xx_hal_uart.o
                0x0000000008009288                HAL_UART_Transmit_IT
 .text.HAL_UART_Receive_IT
                0x0000000008009312       0xaa Drivers/STM32F4xx_HAL_Driver/Src/stm32f4xx_hal_uart.o
                0x0000000008009312                HAL_UART_Receive_IT
 .text.HAL_UART_IRQHandler
                0x00000000080093bc      0x1f8 Drivers/STM32F4xx_HAL_Driver/Src/stm32f4xx_hal_uart.o
                0x00000000080093bc                HAL_UART_IRQHandler
 .text.HAL_UART_TxCpltCallback
                0x00000000080095b4       0x14 Drivers/STM32F4xx_HAL_Driver/Src/stm32f4xx_hal_uart.o
                0x00000000080095b4                HAL_UART_TxCpltCallback
 .text.HAL_UART_ErrorCallback
                0x00000000080095c8       0x14 Drivers/STM32F4xx_HAL_Driver/Src/stm32f4xx_hal_uart.o
                0x00000000080095c8                HAL_UART_ErrorCallback
 .text.UART_EndRxTransfer
                0x00000000080095dc       0x3c Drivers/STM32F4xx_HAL_Driver/Src/stm32f4xx_hal_uart.o
 .text.UART_DMAAbortOnError
                0x0000000008009618       0x28 Drivers/STM32F4xx_HAL_Driver/Src/stm32f4xx_hal_uart.o
 .text.UART_Transmit_IT
                0x0000000008009640       0xac Drivers/STM32F4xx_HAL_Driver/Src/stm32f4xx_hal_uart.o
 .text.UART_EndTransmit_IT
                0x00000000080096ec       0x30 Drivers/STM32F4xx_HAL_Driver/Src/stm32f4xx_hal_uart.o
 .text.UART_Receive_IT
                0x000000000800971c      0x102 Drivers/STM32F4xx_HAL_Driver/Src/stm32f4xx_hal_uart.o
 *fill*         0x000000000800981e        0x2 
 .text.UART_SetConfig
                0x0000000008009820      0x414 Drivers/STM32F4xx_HAL_Driver/Src/stm32f4xx_hal_uart.o
 .text.__errno  0x0000000008009c34        0xc e:/ide/stm32cubeide_1.1.0/stm32cubeide/plugins/com.st.stm32cube.ide.mcu.externaltools.gnu-tools-for-stm32.7-2018-q2-update.win32_1.0.0.201904181610/tools/bin/../lib/gcc/arm-none-eabi/7.3.1/../../../../arm-none-eabi/lib/thumb/v7e-m/fpv4-sp/hard\libc_nano.a(lib_a-errno.o)
                0x0000000008009c34                __errno
 .text.__libc_init_array
                0x0000000008009c40       0x48 e:/ide/stm32cubeide_1.1.0/stm32cubeide/plugins/com.st.stm32cube.ide.mcu.externaltools.gnu-tools-for-stm32.7-2018-q2-update.win32_1.0.0.201904181610/tools/bin/../lib/gcc/arm-none-eabi/7.3.1/../../../../arm-none-eabi/lib/thumb/v7e-m/fpv4-sp/hard\libc_nano.a(lib_a-init.o)
                0x0000000008009c40                __libc_init_array
 .text.memset   0x0000000008009c88       0x10 e:/ide/stm32cubeide_1.1.0/stm32cubeide/plugins/com.st.stm32cube.ide.mcu.externaltools.gnu-tools-for-stm32.7-2018-q2-update.win32_1.0.0.201904181610/tools/bin/../lib/gcc/arm-none-eabi/7.3.1/../../../../arm-none-eabi/lib/thumb/v7e-m/fpv4-sp/hard\libc_nano.a(lib_a-memset.o)
                0x0000000008009c88                memset
 .text._puts_r  0x0000000008009c98       0xb8 e:/ide/stm32cubeide_1.1.0/stm32cubeide/plugins/com.st.stm32cube.ide.mcu.externaltools.gnu-tools-for-stm32.7-2018-q2-update.win32_1.0.0.201904181610/tools/bin/../lib/gcc/arm-none-eabi/7.3.1/../../../../arm-none-eabi/lib/thumb/v7e-m/fpv4-sp/hard\libc_nano.a(lib_a-puts.o)
                0x0000000008009c98                _puts_r
 .text.puts     0x0000000008009d50       0x10 e:/ide/stm32cubeide_1.1.0/stm32cubeide/plugins/com.st.stm32cube.ide.mcu.externaltools.gnu-tools-for-stm32.7-2018-q2-update.win32_1.0.0.201904181610/tools/bin/../lib/gcc/arm-none-eabi/7.3.1/../../../../arm-none-eabi/lib/thumb/v7e-m/fpv4-sp/hard\libc_nano.a(lib_a-puts.o)
                0x0000000008009d50                puts
 .text.strcpy   0x0000000008009d60       0x10 e:/ide/stm32cubeide_1.1.0/stm32cubeide/plugins/com.st.stm32cube.ide.mcu.externaltools.gnu-tools-for-stm32.7-2018-q2-update.win32_1.0.0.201904181610/tools/bin/../lib/gcc/arm-none-eabi/7.3.1/../../../../arm-none-eabi/lib/thumb/v7e-m/fpv4-sp/hard\libc_nano.a(lib_a-strcpy.o)
                0x0000000008009d60                strcpy
 .text.__swbuf_r
                0x0000000008009d70       0xa4 e:/ide/stm32cubeide_1.1.0/stm32cubeide/plugins/com.st.stm32cube.ide.mcu.externaltools.gnu-tools-for-stm32.7-2018-q2-update.win32_1.0.0.201904181610/tools/bin/../lib/gcc/arm-none-eabi/7.3.1/../../../../arm-none-eabi/lib/thumb/v7e-m/fpv4-sp/hard\libc_nano.a(lib_a-wbuf.o)
                0x0000000008009d70                __swbuf_r
 .text.__swsetup_r
                0x0000000008009e14       0xdc e:/ide/stm32cubeide_1.1.0/stm32cubeide/plugins/com.st.stm32cube.ide.mcu.externaltools.gnu-tools-for-stm32.7-2018-q2-update.win32_1.0.0.201904181610/tools/bin/../lib/gcc/arm-none-eabi/7.3.1/../../../../arm-none-eabi/lib/thumb/v7e-m/fpv4-sp/hard\libc_nano.a(lib_a-wsetup.o)
                0x0000000008009e14                __swsetup_r
 .text.__sflush_r
                0x0000000008009ef0      0x10c e:/ide/stm32cubeide_1.1.0/stm32cubeide/plugins/com.st.stm32cube.ide.mcu.externaltools.gnu-tools-for-stm32.7-2018-q2-update.win32_1.0.0.201904181610/tools/bin/../lib/gcc/arm-none-eabi/7.3.1/../../../../arm-none-eabi/lib/thumb/v7e-m/fpv4-sp/hard\libc_nano.a(lib_a-fflush.o)
                0x0000000008009ef0                __sflush_r
 .text._fflush_r
                0x0000000008009ffc       0x54 e:/ide/stm32cubeide_1.1.0/stm32cubeide/plugins/com.st.stm32cube.ide.mcu.externaltools.gnu-tools-for-stm32.7-2018-q2-update.win32_1.0.0.201904181610/tools/bin/../lib/gcc/arm-none-eabi/7.3.1/../../../../arm-none-eabi/lib/thumb/v7e-m/fpv4-sp/hard\libc_nano.a(lib_a-fflush.o)
                0x0000000008009ffc                _fflush_r
 .text.std      0x000000000800a050       0x48 e:/ide/stm32cubeide_1.1.0/stm32cubeide/plugins/com.st.stm32cube.ide.mcu.externaltools.gnu-tools-for-stm32.7-2018-q2-update.win32_1.0.0.201904181610/tools/bin/../lib/gcc/arm-none-eabi/7.3.1/../../../../arm-none-eabi/lib/thumb/v7e-m/fpv4-sp/hard\libc_nano.a(lib_a-findfp.o)
 .text._cleanup_r
                0x000000000800a098        0xc e:/ide/stm32cubeide_1.1.0/stm32cubeide/plugins/com.st.stm32cube.ide.mcu.externaltools.gnu-tools-for-stm32.7-2018-q2-update.win32_1.0.0.201904181610/tools/bin/../lib/gcc/arm-none-eabi/7.3.1/../../../../arm-none-eabi/lib/thumb/v7e-m/fpv4-sp/hard\libc_nano.a(lib_a-findfp.o)
                0x000000000800a098                _cleanup_r
 .text.__sfmoreglue
                0x000000000800a0a4       0x2c e:/ide/stm32cubeide_1.1.0/stm32cubeide/plugins/com.st.stm32cube.ide.mcu.externaltools.gnu-tools-for-stm32.7-2018-q2-update.win32_1.0.0.201904181610/tools/bin/../lib/gcc/arm-none-eabi/7.3.1/../../../../arm-none-eabi/lib/thumb/v7e-m/fpv4-sp/hard\libc_nano.a(lib_a-findfp.o)
                0x000000000800a0a4                __sfmoreglue
 .text.__sinit  0x000000000800a0d0       0x60 e:/ide/stm32cubeide_1.1.0/stm32cubeide/plugins/com.st.stm32cube.ide.mcu.externaltools.gnu-tools-for-stm32.7-2018-q2-update.win32_1.0.0.201904181610/tools/bin/../lib/gcc/arm-none-eabi/7.3.1/../../../../arm-none-eabi/lib/thumb/v7e-m/fpv4-sp/hard\libc_nano.a(lib_a-findfp.o)
                0x000000000800a0d0                __sinit
 .text.__sfp    0x000000000800a130       0x78 e:/ide/stm32cubeide_1.1.0/stm32cubeide/plugins/com.st.stm32cube.ide.mcu.externaltools.gnu-tools-for-stm32.7-2018-q2-update.win32_1.0.0.201904181610/tools/bin/../lib/gcc/arm-none-eabi/7.3.1/../../../../arm-none-eabi/lib/thumb/v7e-m/fpv4-sp/hard\libc_nano.a(lib_a-findfp.o)
                0x000000000800a130                __sfp
 .text._fwalk_reent
                0x000000000800a1a8       0x3c e:/ide/stm32cubeide_1.1.0/stm32cubeide/plugins/com.st.stm32cube.ide.mcu.externaltools.gnu-tools-for-stm32.7-2018-q2-update.win32_1.0.0.201904181610/tools/bin/../lib/gcc/arm-none-eabi/7.3.1/../../../../arm-none-eabi/lib/thumb/v7e-m/fpv4-sp/hard\libc_nano.a(lib_a-fwalk.o)
                0x000000000800a1a8                _fwalk_reent
 .text.__swhatbuf_r
                0x000000000800a1e4       0x48 e:/ide/stm32cubeide_1.1.0/stm32cubeide/plugins/com.st.stm32cube.ide.mcu.externaltools.gnu-tools-for-stm32.7-2018-q2-update.win32_1.0.0.201904181610/tools/bin/../lib/gcc/arm-none-eabi/7.3.1/../../../../arm-none-eabi/lib/thumb/v7e-m/fpv4-sp/hard\libc_nano.a(lib_a-makebuf.o)
                0x000000000800a1e4                __swhatbuf_r
 .text.__smakebuf_r
                0x000000000800a22c       0x80 e:/ide/stm32cubeide_1.1.0/stm32cubeide/plugins/com.st.stm32cube.ide.mcu.externaltools.gnu-tools-for-stm32.7-2018-q2-update.win32_1.0.0.201904181610/tools/bin/../lib/gcc/arm-none-eabi/7.3.1/../../../../arm-none-eabi/lib/thumb/v7e-m/fpv4-sp/hard\libc_nano.a(lib_a-makebuf.o)
                0x000000000800a22c                __smakebuf_r
 .text._free_r  0x000000000800a2ac       0x9c e:/ide/stm32cubeide_1.1.0/stm32cubeide/plugins/com.st.stm32cube.ide.mcu.externaltools.gnu-tools-for-stm32.7-2018-q2-update.win32_1.0.0.201904181610/tools/bin/../lib/gcc/arm-none-eabi/7.3.1/../../../../arm-none-eabi/lib/thumb/v7e-m/fpv4-sp/hard\libc_nano.a(lib_a-nano-freer.o)
                0x000000000800a2ac                _free_r
 .text._malloc_r
                0x000000000800a348       0xb4 e:/ide/stm32cubeide_1.1.0/stm32cubeide/plugins/com.st.stm32cube.ide.mcu.externaltools.gnu-tools-for-stm32.7-2018-q2-update.win32_1.0.0.201904181610/tools/bin/../lib/gcc/arm-none-eabi/7.3.1/../../../../arm-none-eabi/lib/thumb/v7e-m/fpv4-sp/hard\libc_nano.a(lib_a-nano-mallocr.o)
                0x000000000800a348                _malloc_r
 .text._sbrk_r  0x000000000800a3fc       0x20 e:/ide/stm32cubeide_1.1.0/stm32cubeide/plugins/com.st.stm32cube.ide.mcu.externaltools.gnu-tools-for-stm32.7-2018-q2-update.win32_1.0.0.201904181610/tools/bin/../lib/gcc/arm-none-eabi/7.3.1/../../../../arm-none-eabi/lib/thumb/v7e-m/fpv4-sp/hard\libc_nano.a(lib_a-sbrkr.o)
                0x000000000800a3fc                _sbrk_r
 .text.__sread  0x000000000800a41c       0x22 e:/ide/stm32cubeide_1.1.0/stm32cubeide/plugins/com.st.stm32cube.ide.mcu.externaltools.gnu-tools-for-stm32.7-2018-q2-update.win32_1.0.0.201904181610/tools/bin/../lib/gcc/arm-none-eabi/7.3.1/../../../../arm-none-eabi/lib/thumb/v7e-m/fpv4-sp/hard\libc_nano.a(lib_a-stdio.o)
                0x000000000800a41c                __sread
 .text.__swrite
                0x000000000800a43e       0x38 e:/ide/stm32cubeide_1.1.0/stm32cubeide/plugins/com.st.stm32cube.ide.mcu.externaltools.gnu-tools-for-stm32.7-2018-q2-update.win32_1.0.0.201904181610/tools/bin/../lib/gcc/arm-none-eabi/7.3.1/../../../../arm-none-eabi/lib/thumb/v7e-m/fpv4-sp/hard\libc_nano.a(lib_a-stdio.o)
                0x000000000800a43e                __swrite
 .text.__sseek  0x000000000800a476       0x24 e:/ide/stm32cubeide_1.1.0/stm32cubeide/plugins/com.st.stm32cube.ide.mcu.externaltools.gnu-tools-for-stm32.7-2018-q2-update.win32_1.0.0.201904181610/tools/bin/../lib/gcc/arm-none-eabi/7.3.1/../../../../arm-none-eabi/lib/thumb/v7e-m/fpv4-sp/hard\libc_nano.a(lib_a-stdio.o)
                0x000000000800a476                __sseek
 .text.__sclose
                0x000000000800a49a        0x8 e:/ide/stm32cubeide_1.1.0/stm32cubeide/plugins/com.st.stm32cube.ide.mcu.externaltools.gnu-tools-for-stm32.7-2018-q2-update.win32_1.0.0.201904181610/tools/bin/../lib/gcc/arm-none-eabi/7.3.1/../../../../arm-none-eabi/lib/thumb/v7e-m/fpv4-sp/hard\libc_nano.a(lib_a-stdio.o)
                0x000000000800a49a                __sclose
 *fill*         0x000000000800a4a2        0x2 
 .text._write_r
                0x000000000800a4a4       0x24 e:/ide/stm32cubeide_1.1.0/stm32cubeide/plugins/com.st.stm32cube.ide.mcu.externaltools.gnu-tools-for-stm32.7-2018-q2-update.win32_1.0.0.201904181610/tools/bin/../lib/gcc/arm-none-eabi/7.3.1/../../../../arm-none-eabi/lib/thumb/v7e-m/fpv4-sp/hard\libc_nano.a(lib_a-writer.o)
                0x000000000800a4a4                _write_r
 .text._close_r
                0x000000000800a4c8       0x20 e:/ide/stm32cubeide_1.1.0/stm32cubeide/plugins/com.st.stm32cube.ide.mcu.externaltools.gnu-tools-for-stm32.7-2018-q2-update.win32_1.0.0.201904181610/tools/bin/../lib/gcc/arm-none-eabi/7.3.1/../../../../arm-none-eabi/lib/thumb/v7e-m/fpv4-sp/hard\libc_nano.a(lib_a-closer.o)
                0x000000000800a4c8                _close_r
 .text._fstat_r
                0x000000000800a4e8       0x24 e:/ide/stm32cubeide_1.1.0/stm32cubeide/plugins/com.st.stm32cube.ide.mcu.externaltools.gnu-tools-for-stm32.7-2018-q2-update.win32_1.0.0.201904181610/tools/bin/../lib/gcc/arm-none-eabi/7.3.1/../../../../arm-none-eabi/lib/thumb/v7e-m/fpv4-sp/hard\libc_nano.a(lib_a-fstatr.o)
                0x000000000800a4e8                _fstat_r
 .text._isatty_r
                0x000000000800a50c       0x20 e:/ide/stm32cubeide_1.1.0/stm32cubeide/plugins/com.st.stm32cube.ide.mcu.externaltools.gnu-tools-for-stm32.7-2018-q2-update.win32_1.0.0.201904181610/tools/bin/../lib/gcc/arm-none-eabi/7.3.1/../../../../arm-none-eabi/lib/thumb/v7e-m/fpv4-sp/hard\libc_nano.a(lib_a-isattyr.o)
                0x000000000800a50c                _isatty_r
 .text._lseek_r
                0x000000000800a52c       0x24 e:/ide/stm32cubeide_1.1.0/stm32cubeide/plugins/com.st.stm32cube.ide.mcu.externaltools.gnu-tools-for-stm32.7-2018-q2-update.win32_1.0.0.201904181610/tools/bin/../lib/gcc/arm-none-eabi/7.3.1/../../../../arm-none-eabi/lib/thumb/v7e-m/fpv4-sp/hard\libc_nano.a(lib_a-lseekr.o)
                0x000000000800a52c                _lseek_r
 .text.__malloc_lock
                0x000000000800a550        0x2 e:/ide/stm32cubeide_1.1.0/stm32cubeide/plugins/com.st.stm32cube.ide.mcu.externaltools.gnu-tools-for-stm32.7-2018-q2-update.win32_1.0.0.201904181610/tools/bin/../lib/gcc/arm-none-eabi/7.3.1/../../../../arm-none-eabi/lib/thumb/v7e-m/fpv4-sp/hard\libc_nano.a(lib_a-mlock.o)
                0x000000000800a550                __malloc_lock
 .text.__malloc_unlock
                0x000000000800a552        0x2 e:/ide/stm32cubeide_1.1.0/stm32cubeide/plugins/com.st.stm32cube.ide.mcu.externaltools.gnu-tools-for-stm32.7-2018-q2-update.win32_1.0.0.201904181610/tools/bin/../lib/gcc/arm-none-eabi/7.3.1/../../../../arm-none-eabi/lib/thumb/v7e-m/fpv4-sp/hard\libc_nano.a(lib_a-mlock.o)
                0x000000000800a552                __malloc_unlock
 .text._read_r  0x000000000800a554       0x24 e:/ide/stm32cubeide_1.1.0/stm32cubeide/plugins/com.st.stm32cube.ide.mcu.externaltools.gnu-tools-for-stm32.7-2018-q2-update.win32_1.0.0.201904181610/tools/bin/../lib/gcc/arm-none-eabi/7.3.1/../../../../arm-none-eabi/lib/thumb/v7e-m/fpv4-sp/hard\libc_nano.a(lib_a-readr.o)
                0x000000000800a554                _read_r
 *(.glue_7)
 .glue_7        0x000000000800a578        0x0 linker stubs
 *(.glue_7t)
 .glue_7t       0x000000000800a578        0x0 linker stubs
 *(.eh_frame)
 .eh_frame      0x000000000800a578        0x0 e:/ide/stm32cubeide_1.1.0/stm32cubeide/plugins/com.st.stm32cube.ide.mcu.externaltools.gnu-tools-for-stm32.7-2018-q2-update.win32_1.0.0.201904181610/tools/bin/../lib/gcc/arm-none-eabi/7.3.1/thumb/v7e-m/fpv4-sp/hard/crtbegin.o
 *(.init)
 .init          0x000000000800a578        0x4 e:/ide/stm32cubeide_1.1.0/stm32cubeide/plugins/com.st.stm32cube.ide.mcu.externaltools.gnu-tools-for-stm32.7-2018-q2-update.win32_1.0.0.201904181610/tools/bin/../lib/gcc/arm-none-eabi/7.3.1/thumb/v7e-m/fpv4-sp/hard/crti.o
                0x000000000800a578                _init
 .init          0x000000000800a57c        0x8 e:/ide/stm32cubeide_1.1.0/stm32cubeide/plugins/com.st.stm32cube.ide.mcu.externaltools.gnu-tools-for-stm32.7-2018-q2-update.win32_1.0.0.201904181610/tools/bin/../lib/gcc/arm-none-eabi/7.3.1/thumb/v7e-m/fpv4-sp/hard/crtn.o
 *(.fini)
 .fini          0x000000000800a584        0x4 e:/ide/stm32cubeide_1.1.0/stm32cubeide/plugins/com.st.stm32cube.ide.mcu.externaltools.gnu-tools-for-stm32.7-2018-q2-update.win32_1.0.0.201904181610/tools/bin/../lib/gcc/arm-none-eabi/7.3.1/thumb/v7e-m/fpv4-sp/hard/crti.o
                0x000000000800a584                _fini
 .fini          0x000000000800a588        0x8 e:/ide/stm32cubeide_1.1.0/stm32cubeide/plugins/com.st.stm32cube.ide.mcu.externaltools.gnu-tools-for-stm32.7-2018-q2-update.win32_1.0.0.201904181610/tools/bin/../lib/gcc/arm-none-eabi/7.3.1/thumb/v7e-m/fpv4-sp/hard/crtn.o
                0x000000000800a590                . = ALIGN (0x4)
                0x000000000800a590                _etext = .

.vfp11_veneer   0x000000000800a590        0x0
 .vfp11_veneer  0x000000000800a590        0x0 linker stubs

.v4_bx          0x000000000800a590        0x0
 .v4_bx         0x000000000800a590        0x0 linker stubs

.iplt           0x000000000800a590        0x0
 .iplt          0x000000000800a590        0x0 e:/ide/stm32cubeide_1.1.0/stm32cubeide/plugins/com.st.stm32cube.ide.mcu.externaltools.gnu-tools-for-stm32.7-2018-q2-update.win32_1.0.0.201904181610/tools/bin/../lib/gcc/arm-none-eabi/7.3.1/thumb/v7e-m/fpv4-sp/hard/crtbegin.o

.rodata         0x000000000800a590       0xb8
                0x000000000800a590                . = ALIGN (0x4)
 *(.rodata)
 .rodata        0x000000000800a590       0x1a Core/Src/ff.o
 *fill*         0x000000000800a5aa        0x2 
 .rodata        0x000000000800a5ac       0x1f Core/Src/main.o
 *(.rodata*)
 *fill*         0x000000000800a5cb        0x1 
 .rodata.AHBPrescTable
                0x000000000800a5cc       0x10 Core/Src/system_stm32f4xx.o
                0x000000000800a5cc                AHBPrescTable
 .rodata.APBPrescTable
                0x000000000800a5dc        0x8 Core/Src/system_stm32f4xx.o
                0x000000000800a5dc                APBPrescTable
 .rodata._global_impure_ptr
                0x000000000800a5e4        0x4 e:/ide/stm32cubeide_1.1.0/stm32cubeide/plugins/com.st.stm32cube.ide.mcu.externaltools.gnu-tools-for-stm32.7-2018-q2-update.win32_1.0.0.201904181610/tools/bin/../lib/gcc/arm-none-eabi/7.3.1/../../../../arm-none-eabi/lib/thumb/v7e-m/fpv4-sp/hard\libc_nano.a(lib_a-impure.o)
                0x000000000800a5e4                _global_impure_ptr
 .rodata.__sf_fake_stderr
                0x000000000800a5e8       0x20 e:/ide/stm32cubeide_1.1.0/stm32cubeide/plugins/com.st.stm32cube.ide.mcu.externaltools.gnu-tools-for-stm32.7-2018-q2-update.win32_1.0.0.201904181610/tools/bin/../lib/gcc/arm-none-eabi/7.3.1/../../../../arm-none-eabi/lib/thumb/v7e-m/fpv4-sp/hard\libc_nano.a(lib_a-findfp.o)
                0x000000000800a5e8                __sf_fake_stderr
 .rodata.__sf_fake_stdin
                0x000000000800a608       0x20 e:/ide/stm32cubeide_1.1.0/stm32cubeide/plugins/com.st.stm32cube.ide.mcu.externaltools.gnu-tools-for-stm32.7-2018-q2-update.win32_1.0.0.201904181610/tools/bin/../lib/gcc/arm-none-eabi/7.3.1/../../../../arm-none-eabi/lib/thumb/v7e-m/fpv4-sp/hard\libc_nano.a(lib_a-findfp.o)
                0x000000000800a608                __sf_fake_stdin
 .rodata.__sf_fake_stdout
                0x000000000800a628       0x20 e:/ide/stm32cubeide_1.1.0/stm32cubeide/plugins/com.st.stm32cube.ide.mcu.externaltools.gnu-tools-for-stm32.7-2018-q2-update.win32_1.0.0.201904181610/tools/bin/../lib/gcc/arm-none-eabi/7.3.1/../../../../arm-none-eabi/lib/thumb/v7e-m/fpv4-sp/hard\libc_nano.a(lib_a-findfp.o)
                0x000000000800a628                __sf_fake_stdout
                0x000000000800a648                . = ALIGN (0x4)

.ARM.extab      0x000000000800a648        0x0
                0x000000000800a648                . = ALIGN (0x4)
 *(.ARM.extab* .gnu.linkonce.armextab.*)
                0x000000000800a648                . = ALIGN (0x4)

.ARM            0x000000000800a648        0x8
                0x000000000800a648                . = ALIGN (0x4)
                0x000000000800a648                __exidx_start = .
 *(.ARM.exidx*)
 .ARM.exidx     0x000000000800a648        0x8 e:/ide/stm32cubeide_1.1.0/stm32cubeide/plugins/com.st.stm32cube.ide.mcu.externaltools.gnu-tools-for-stm32.7-2018-q2-update.win32_1.0.0.201904181610/tools/bin/../lib/gcc/arm-none-eabi/7.3.1/thumb/v7e-m/fpv4-sp/hard\libgcc.a(_udivmoddi4.o)
                0x000000000800a650                __exidx_end = .
                0x000000000800a650                . = ALIGN (0x4)

.rel.dyn        0x000000000800a650        0x0
 .rel.iplt      0x000000000800a650        0x0 e:/ide/stm32cubeide_1.1.0/stm32cubeide/plugins/com.st.stm32cube.ide.mcu.externaltools.gnu-tools-for-stm32.7-2018-q2-update.win32_1.0.0.201904181610/tools/bin/../lib/gcc/arm-none-eabi/7.3.1/thumb/v7e-m/fpv4-sp/hard/crtbegin.o

.preinit_array  0x000000000800a650        0x0
                0x000000000800a650                . = ALIGN (0x4)
                0x000000000800a650                PROVIDE (__preinit_array_start = .)
 *(.preinit_array*)
                0x000000000800a650                PROVIDE (__preinit_array_end = .)
                0x000000000800a650                . = ALIGN (0x4)

.init_array     0x000000000800a650        0x4
                0x000000000800a650                . = ALIGN (0x4)
                0x000000000800a650                PROVIDE (__init_array_start = .)
 *(SORT_BY_NAME(.init_array.*))
 *(.init_array*)
 .init_array    0x000000000800a650        0x4 e:/ide/stm32cubeide_1.1.0/stm32cubeide/plugins/com.st.stm32cube.ide.mcu.externaltools.gnu-tools-for-stm32.7-2018-q2-update.win32_1.0.0.201904181610/tools/bin/../lib/gcc/arm-none-eabi/7.3.1/thumb/v7e-m/fpv4-sp/hard/crtbegin.o
                0x000000000800a654                PROVIDE (__init_array_end = .)
                0x000000000800a654                . = ALIGN (0x4)

.fini_array     0x000000000800a654        0x4
                0x000000000800a654                . = ALIGN (0x4)
                [!provide]                        PROVIDE (__fini_array_start = .)
 *(SORT_BY_NAME(.fini_array.*))
 *(.fini_array*)
 .fini_array    0x000000000800a654        0x4 e:/ide/stm32cubeide_1.1.0/stm32cubeide/plugins/com.st.stm32cube.ide.mcu.externaltools.gnu-tools-for-stm32.7-2018-q2-update.win32_1.0.0.201904181610/tools/bin/../lib/gcc/arm-none-eabi/7.3.1/thumb/v7e-m/fpv4-sp/hard/crtbegin.o
                [!provide]                        PROVIDE (__fini_array_end = .)
                0x000000000800a658                . = ALIGN (0x4)
                0x000000000800a658                _sidata = LOADADDR (.data)

.data           0x0000000020000000       0x84 load address 0x000000000800a658
                0x0000000020000000                . = ALIGN (0x4)
                0x0000000020000000                _sdata = .
 *(.data)
 *(.data*)
 .data.Stat     0x0000000020000000        0x1 Core/Src/diskio.o
 *fill*         0x0000000020000001        0x3 
 .data.sendUART
                0x0000000020000004        0x2 Core/Src/main.o
                0x0000000020000004                sendUART
 .data.sizeSendUART
                0x0000000020000006        0x2 Core/Src/main.o
                0x0000000020000006                sizeSendUART
 .data.sizeReceiveUART
                0x0000000020000008        0x2 Core/Src/main.o
                0x0000000020000008                sizeReceiveUART
 *fill*         0x000000002000000a        0x2 
 .data.j        0x000000002000000c        0x4 Core/Src/main.o
                0x000000002000000c                j
 .data.stan     0x0000000020000010        0x4 Core/Src/main.o
                0x0000000020000010                stan
 .data.SystemCoreClock
                0x0000000020000014        0x4 Core/Src/system_stm32f4xx.o
                0x0000000020000014                SystemCoreClock
 .data.uwTickPrio
                0x0000000020000018        0x4 Drivers/STM32F4xx_HAL_Driver/Src/stm32f4xx_hal.o
                0x0000000020000018                uwTickPrio
 .data.uwTickFreq
                0x000000002000001c        0x1 Drivers/STM32F4xx_HAL_Driver/Src/stm32f4xx_hal.o
                0x000000002000001c                uwTickFreq
 *fill*         0x000000002000001d        0x3 
 .data._impure_ptr
                0x0000000020000020        0x4 e:/ide/stm32cubeide_1.1.0/stm32cubeide/plugins/com.st.stm32cube.ide.mcu.externaltools.gnu-tools-for-stm32.7-2018-q2-update.win32_1.0.0.201904181610/tools/bin/../lib/gcc/arm-none-eabi/7.3.1/../../../../arm-none-eabi/lib/thumb/v7e-m/fpv4-sp/hard\libc_nano.a(lib_a-impure.o)
                0x0000000020000020                _impure_ptr
 .data.impure_data
                0x0000000020000024       0x60 e:/ide/stm32cubeide_1.1.0/stm32cubeide/plugins/com.st.stm32cube.ide.mcu.externaltools.gnu-tools-for-stm32.7-2018-q2-update.win32_1.0.0.201904181610/tools/bin/../lib/gcc/arm-none-eabi/7.3.1/../../../../arm-none-eabi/lib/thumb/v7e-m/fpv4-sp/hard\libc_nano.a(lib_a-impure.o)
                0x0000000020000084                . = ALIGN (0x4)
                0x0000000020000084                _edata = .

.igot.plt       0x0000000020000084        0x0 load address 0x000000000800a6dc
 .igot.plt      0x0000000020000084        0x0 e:/ide/stm32cubeide_1.1.0/stm32cubeide/plugins/com.st.stm32cube.ide.mcu.externaltools.gnu-tools-for-stm32.7-2018-q2-update.win32_1.0.0.201904181610/tools/bin/../lib/gcc/arm-none-eabi/7.3.1/thumb/v7e-m/fpv4-sp/hard/crtbegin.o
                0x0000000020000084                . = ALIGN (0x4)

.bss            0x0000000020000084     0x8558 load address 0x000000000800a6dc
                0x0000000020000084                _sbss = .
                0x0000000020000084                __bss_start__ = _sbss
 *(.bss)
 .bss           0x0000000020000084       0x1c e:/ide/stm32cubeide_1.1.0/stm32cubeide/plugins/com.st.stm32cube.ide.mcu.externaltools.gnu-tools-for-stm32.7-2018-q2-update.win32_1.0.0.201904181610/tools/bin/../lib/gcc/arm-none-eabi/7.3.1/thumb/v7e-m/fpv4-sp/hard/crtbegin.o
 *(.bss*)
 .bss.Timer1    0x00000000200000a0        0x1 Core/Src/diskio.o
 .bss.Timer2    0x00000000200000a1        0x1 Core/Src/diskio.o
 .bss.CardType  0x00000000200000a2        0x1 Core/Src/diskio.o
 .bss.PowerFlag
                0x00000000200000a3        0x1 Core/Src/diskio.o
 .bss.FatFs     0x00000000200000a4        0x4 Core/Src/ff.o
 .bss.Fsid      0x00000000200000a8        0x2 Core/Src/ff.o
 *fill*         0x00000000200000aa        0x2 
 .bss.FatFs     0x00000000200000ac      0x230 Core/Src/main.o
 .bss.i         0x00000000200002dc        0x4 Core/Src/main.o
                0x00000000200002dc                i
 .bss.indeks_glosnosci
                0x00000000200002e0        0x1 Core/Src/main.o
                0x00000000200002e0                indeks_glosnosci
 *fill*         0x00000000200002e1        0x1 
 .bss.value     0x00000000200002e2        0x2 Core/Src/main.o
                0x00000000200002e2                value
 .bss.nr_utworu
                0x00000000200002e4        0x2 Core/Src/main.o
                0x00000000200002e4                nr_utworu
 .bss.aktualny_bufor
                0x00000000200002e6        0x1 Core/Src/main.o
                0x00000000200002e6                aktualny_bufor
 *fill*         0x00000000200002e7        0x1 
 .bss.fno.10143
                0x00000000200002e8       0x18 Core/Src/main.o
 .bss.heap_end.6424
                0x0000000020000300        0x4 Core/Src/sysmem.o
 .bss.__malloc_free_list
                0x0000000020000304        0x4 e:/ide/stm32cubeide_1.1.0/stm32cubeide/plugins/com.st.stm32cube.ide.mcu.externaltools.gnu-tools-for-stm32.7-2018-q2-update.win32_1.0.0.201904181610/tools/bin/../lib/gcc/arm-none-eabi/7.3.1/../../../../arm-none-eabi/lib/thumb/v7e-m/fpv4-sp/hard\libc_nano.a(lib_a-nano-mallocr.o)
                0x0000000020000304                __malloc_free_list
 .bss.__malloc_sbrk_start
                0x0000000020000308        0x4 e:/ide/stm32cubeide_1.1.0/stm32cubeide/plugins/com.st.stm32cube.ide.mcu.externaltools.gnu-tools-for-stm32.7-2018-q2-update.win32_1.0.0.201904181610/tools/bin/../lib/gcc/arm-none-eabi/7.3.1/../../../../arm-none-eabi/lib/thumb/v7e-m/fpv4-sp/hard\libc_nano.a(lib_a-nano-mallocr.o)
                0x0000000020000308                __malloc_sbrk_start
 *(COMMON)
 COMMON         0x000000002000030c        0x2 Core/Src/diskio.o
                0x000000002000030c                sdcard_timer
 *fill*         0x000000002000030e        0x2 
 COMMON         0x0000000020000310     0x82c4 Core/Src/main.o
                0x0000000020000310                hi2c3
                0x0000000020000364                htim4
                0x00000000200003a4                huart3
                0x00000000200003e4                buff
                0x00000000200004e4                utwor
                0x00000000200004f8                eof
                0x00000000200004fc                hspi3
                0x0000000020000554                file
                0x000000002000077c                hadc1
                0x00000000200007c4                bytes_read
                0x00000000200007c8                buf2
                0x0000000020004648                hdac
                0x000000002000465c                htim6
                0x000000002000469c                receiveUART
                0x00000000200046a0                dir
                0x00000000200046cc                buf
                0x000000002000854c                fresult
                0x0000000020008550                huart2
                0x0000000020008590                bytes_written
                0x0000000020008594                htim7
 COMMON         0x00000000200085d4        0x4 Drivers/STM32F4xx_HAL_Driver/Src/stm32f4xx_hal.o
                0x00000000200085d4                uwTick
 COMMON         0x00000000200085d8        0x4 e:/ide/stm32cubeide_1.1.0/stm32cubeide/plugins/com.st.stm32cube.ide.mcu.externaltools.gnu-tools-for-stm32.7-2018-q2-update.win32_1.0.0.201904181610/tools/bin/../lib/gcc/arm-none-eabi/7.3.1/../../../../arm-none-eabi/lib/thumb/v7e-m/fpv4-sp/hard\libc_nano.a(lib_a-reent.o)
                0x00000000200085d8                errno
                0x00000000200085dc                . = ALIGN (0x4)
                0x00000000200085dc                _ebss = .
                0x00000000200085dc                __bss_end__ = _ebss

._user_heap_stack
                0x00000000200085dc      0x604 load address 0x000000000800a6dc
                0x00000000200085e0                . = ALIGN (0x8)
 *fill*         0x00000000200085dc        0x4 
                0x00000000200085e0                PROVIDE (end = .)
                [!provide]                        PROVIDE (_end = .)
                0x00000000200087e0                . = (. + _Min_Heap_Size)
 *fill*         0x00000000200085e0      0x200 
                0x0000000020008be0                . = (. + _Min_Stack_Size)
 *fill*         0x00000000200087e0      0x400 
                0x0000000020008be0                . = ALIGN (0x8)

/DISCARD/
 libc.a(*)
 libm.a(*)
 libgcc.a(*)

.ARM.attributes
                0x0000000000000000       0x30
 *(.ARM.attributes)
 .ARM.attributes
                0x0000000000000000       0x22 e:/ide/stm32cubeide_1.1.0/stm32cubeide/plugins/com.st.stm32cube.ide.mcu.externaltools.gnu-tools-for-stm32.7-2018-q2-update.win32_1.0.0.201904181610/tools/bin/../lib/gcc/arm-none-eabi/7.3.1/thumb/v7e-m/fpv4-sp/hard/crti.o
 .ARM.attributes
                0x0000000000000022       0x34 e:/ide/stm32cubeide_1.1.0/stm32cubeide/plugins/com.st.stm32cube.ide.mcu.externaltools.gnu-tools-for-stm32.7-2018-q2-update.win32_1.0.0.201904181610/tools/bin/../lib/gcc/arm-none-eabi/7.3.1/thumb/v7e-m/fpv4-sp/hard/crtbegin.o
 .ARM.attributes
                0x0000000000000056       0x39 Core/Src/diskio.o
 .ARM.attributes
                0x000000000000008f       0x39 Core/Src/ff.o
 .ARM.attributes
                0x00000000000000c8       0x39 Core/Src/lcd.o
 .ARM.attributes
                0x0000000000000101       0x39 Core/Src/main.o
 .ARM.attributes
                0x000000000000013a       0x39 Core/Src/stm32f4xx_hal_msp.o
 .ARM.attributes
                0x0000000000000173       0x39 Core/Src/stm32f4xx_it.o
 .ARM.attributes
                0x00000000000001ac       0x39 Core/Src/syscalls.o
 .ARM.attributes
                0x00000000000001e5       0x39 Core/Src/sysmem.o
 .ARM.attributes
                0x000000000000021e       0x39 Core/Src/system_stm32f4xx.o
 .ARM.attributes
                0x0000000000000257       0x21 Core/Startup/startup_stm32f407vgtx.o
 .ARM.attributes
                0x0000000000000278       0x39 Drivers/STM32F4xx_HAL_Driver/Src/stm32f4xx_hal.o
 .ARM.attributes
                0x00000000000002b1       0x39 Drivers/STM32F4xx_HAL_Driver/Src/stm32f4xx_hal_adc.o
 .ARM.attributes
                0x00000000000002ea       0x39 Drivers/STM32F4xx_HAL_Driver/Src/stm32f4xx_hal_adc_ex.o
 .ARM.attributes
                0x0000000000000323       0x39 Drivers/STM32F4xx_HAL_Driver/Src/stm32f4xx_hal_cortex.o
 .ARM.attributes
                0x000000000000035c       0x39 Drivers/STM32F4xx_HAL_Driver/Src/stm32f4xx_hal_dac.o
 .ARM.attributes
                0x0000000000000395       0x39 Drivers/STM32F4xx_HAL_Driver/Src/stm32f4xx_hal_dma.o
 .ARM.attributes
                0x00000000000003ce       0x39 Drivers/STM32F4xx_HAL_Driver/Src/stm32f4xx_hal_gpio.o
 .ARM.attributes
                0x0000000000000407       0x39 Drivers/STM32F4xx_HAL_Driver/Src/stm32f4xx_hal_i2c.o
 .ARM.attributes
                0x0000000000000440       0x39 Drivers/STM32F4xx_HAL_Driver/Src/stm32f4xx_hal_pwr.o
 .ARM.attributes
                0x0000000000000479       0x39 Drivers/STM32F4xx_HAL_Driver/Src/stm32f4xx_hal_rcc.o
 .ARM.attributes
                0x00000000000004b2       0x39 Drivers/STM32F4xx_HAL_Driver/Src/stm32f4xx_hal_spi.o
 .ARM.attributes
                0x00000000000004eb       0x39 Drivers/STM32F4xx_HAL_Driver/Src/stm32f4xx_hal_tim.o
 .ARM.attributes
                0x0000000000000524       0x39 Drivers/STM32F4xx_HAL_Driver/Src/stm32f4xx_hal_tim_ex.o
 .ARM.attributes
                0x000000000000055d       0x39 Drivers/STM32F4xx_HAL_Driver/Src/stm32f4xx_hal_uart.o
 .ARM.attributes
                0x0000000000000596       0x34 e:/ide/stm32cubeide_1.1.0/stm32cubeide/plugins/com.st.stm32cube.ide.mcu.externaltools.gnu-tools-for-stm32.7-2018-q2-update.win32_1.0.0.201904181610/tools/bin/../lib/gcc/arm-none-eabi/7.3.1/../../../../arm-none-eabi/lib/thumb/v7e-m/fpv4-sp/hard\libc_nano.a(lib_a-errno.o)
 .ARM.attributes
                0x00000000000005ca       0x34 e:/ide/stm32cubeide_1.1.0/stm32cubeide/plugins/com.st.stm32cube.ide.mcu.externaltools.gnu-tools-for-stm32.7-2018-q2-update.win32_1.0.0.201904181610/tools/bin/../lib/gcc/arm-none-eabi/7.3.1/../../../../arm-none-eabi/lib/thumb/v7e-m/fpv4-sp/hard\libc_nano.a(lib_a-impure.o)
 .ARM.attributes
                0x00000000000005fe       0x34 e:/ide/stm32cubeide_1.1.0/stm32cubeide/plugins/com.st.stm32cube.ide.mcu.externaltools.gnu-tools-for-stm32.7-2018-q2-update.win32_1.0.0.201904181610/tools/bin/../lib/gcc/arm-none-eabi/7.3.1/../../../../arm-none-eabi/lib/thumb/v7e-m/fpv4-sp/hard\libc_nano.a(lib_a-init.o)
 .ARM.attributes
                0x0000000000000632       0x34 e:/ide/stm32cubeide_1.1.0/stm32cubeide/plugins/com.st.stm32cube.ide.mcu.externaltools.gnu-tools-for-stm32.7-2018-q2-update.win32_1.0.0.201904181610/tools/bin/../lib/gcc/arm-none-eabi/7.3.1/../../../../arm-none-eabi/lib/thumb/v7e-m/fpv4-sp/hard\libc_nano.a(lib_a-memset.o)
 .ARM.attributes
                0x0000000000000666       0x34 e:/ide/stm32cubeide_1.1.0/stm32cubeide/plugins/com.st.stm32cube.ide.mcu.externaltools.gnu-tools-for-stm32.7-2018-q2-update.win32_1.0.0.201904181610/tools/bin/../lib/gcc/arm-none-eabi/7.3.1/../../../../arm-none-eabi/lib/thumb/v7e-m/fpv4-sp/hard\libc_nano.a(lib_a-puts.o)
 .ARM.attributes
                0x000000000000069a       0x34 e:/ide/stm32cubeide_1.1.0/stm32cubeide/plugins/com.st.stm32cube.ide.mcu.externaltools.gnu-tools-for-stm32.7-2018-q2-update.win32_1.0.0.201904181610/tools/bin/../lib/gcc/arm-none-eabi/7.3.1/../../../../arm-none-eabi/lib/thumb/v7e-m/fpv4-sp/hard\libc_nano.a(lib_a-strcpy.o)
 .ARM.attributes
                0x00000000000006ce       0x1b e:/ide/stm32cubeide_1.1.0/stm32cubeide/plugins/com.st.stm32cube.ide.mcu.externaltools.gnu-tools-for-stm32.7-2018-q2-update.win32_1.0.0.201904181610/tools/bin/../lib/gcc/arm-none-eabi/7.3.1/../../../../arm-none-eabi/lib/thumb/v7e-m/fpv4-sp/hard\libc_nano.a(lib_a-strlen.o)
 .ARM.attributes
                0x00000000000006e9       0x34 e:/ide/stm32cubeide_1.1.0/stm32cubeide/plugins/com.st.stm32cube.ide.mcu.externaltools.gnu-tools-for-stm32.7-2018-q2-update.win32_1.0.0.201904181610/tools/bin/../lib/gcc/arm-none-eabi/7.3.1/../../../../arm-none-eabi/lib/thumb/v7e-m/fpv4-sp/hard\libc_nano.a(lib_a-wbuf.o)
 .ARM.attributes
                0x000000000000071d       0x34 e:/ide/stm32cubeide_1.1.0/stm32cubeide/plugins/com.st.stm32cube.ide.mcu.externaltools.gnu-tools-for-stm32.7-2018-q2-update.win32_1.0.0.201904181610/tools/bin/../lib/gcc/arm-none-eabi/7.3.1/../../../../arm-none-eabi/lib/thumb/v7e-m/fpv4-sp/hard\libc_nano.a(lib_a-wsetup.o)
 .ARM.attributes
                0x0000000000000751       0x34 e:/ide/stm32cubeide_1.1.0/stm32cubeide/plugins/com.st.stm32cube.ide.mcu.externaltools.gnu-tools-for-stm32.7-2018-q2-update.win32_1.0.0.201904181610/tools/bin/../lib/gcc/arm-none-eabi/7.3.1/../../../../arm-none-eabi/lib/thumb/v7e-m/fpv4-sp/hard\libc_nano.a(lib_a-fflush.o)
 .ARM.attributes
                0x0000000000000785       0x34 e:/ide/stm32cubeide_1.1.0/stm32cubeide/plugins/com.st.stm32cube.ide.mcu.externaltools.gnu-tools-for-stm32.7-2018-q2-update.win32_1.0.0.201904181610/tools/bin/../lib/gcc/arm-none-eabi/7.3.1/../../../../arm-none-eabi/lib/thumb/v7e-m/fpv4-sp/hard\libc_nano.a(lib_a-findfp.o)
 .ARM.attributes
                0x00000000000007b9       0x34 e:/ide/stm32cubeide_1.1.0/stm32cubeide/plugins/com.st.stm32cube.ide.mcu.externaltools.gnu-tools-for-stm32.7-2018-q2-update.win32_1.0.0.201904181610/tools/bin/../lib/gcc/arm-none-eabi/7.3.1/../../../../arm-none-eabi/lib/thumb/v7e-m/fpv4-sp/hard\libc_nano.a(lib_a-fwalk.o)
 .ARM.attributes
                0x00000000000007ed       0x34 e:/ide/stm32cubeide_1.1.0/stm32cubeide/plugins/com.st.stm32cube.ide.mcu.externaltools.gnu-tools-for-stm32.7-2018-q2-update.win32_1.0.0.201904181610/tools/bin/../lib/gcc/arm-none-eabi/7.3.1/../../../../arm-none-eabi/lib/thumb/v7e-m/fpv4-sp/hard\libc_nano.a(lib_a-makebuf.o)
 .ARM.attributes
                0x0000000000000821       0x34 e:/ide/stm32cubeide_1.1.0/stm32cubeide/plugins/com.st.stm32cube.ide.mcu.externaltools.gnu-tools-for-stm32.7-2018-q2-update.win32_1.0.0.201904181610/tools/bin/../lib/gcc/arm-none-eabi/7.3.1/../../../../arm-none-eabi/lib/thumb/v7e-m/fpv4-sp/hard\libc_nano.a(lib_a-nano-freer.o)
 .ARM.attributes
                0x0000000000000855       0x34 e:/ide/stm32cubeide_1.1.0/stm32cubeide/plugins/com.st.stm32cube.ide.mcu.externaltools.gnu-tools-for-stm32.7-2018-q2-update.win32_1.0.0.201904181610/tools/bin/../lib/gcc/arm-none-eabi/7.3.1/../../../../arm-none-eabi/lib/thumb/v7e-m/fpv4-sp/hard\libc_nano.a(lib_a-nano-mallocr.o)
 .ARM.attributes
                0x0000000000000889       0x34 e:/ide/stm32cubeide_1.1.0/stm32cubeide/plugins/com.st.stm32cube.ide.mcu.externaltools.gnu-tools-for-stm32.7-2018-q2-update.win32_1.0.0.201904181610/tools/bin/../lib/gcc/arm-none-eabi/7.3.1/../../../../arm-none-eabi/lib/thumb/v7e-m/fpv4-sp/hard\libc_nano.a(lib_a-sbrkr.o)
 .ARM.attributes
                0x00000000000008bd       0x34 e:/ide/stm32cubeide_1.1.0/stm32cubeide/plugins/com.st.stm32cube.ide.mcu.externaltools.gnu-tools-for-stm32.7-2018-q2-update.win32_1.0.0.201904181610/tools/bin/../lib/gcc/arm-none-eabi/7.3.1/../../../../arm-none-eabi/lib/thumb/v7e-m/fpv4-sp/hard\libc_nano.a(lib_a-stdio.o)
 .ARM.attributes
                0x00000000000008f1       0x34 e:/ide/stm32cubeide_1.1.0/stm32cubeide/plugins/com.st.stm32cube.ide.mcu.externaltools.gnu-tools-for-stm32.7-2018-q2-update.win32_1.0.0.201904181610/tools/bin/../lib/gcc/arm-none-eabi/7.3.1/../../../../arm-none-eabi/lib/thumb/v7e-m/fpv4-sp/hard\libc_nano.a(lib_a-writer.o)
 .ARM.attributes
                0x0000000000000925       0x34 e:/ide/stm32cubeide_1.1.0/stm32cubeide/plugins/com.st.stm32cube.ide.mcu.externaltools.gnu-tools-for-stm32.7-2018-q2-update.win32_1.0.0.201904181610/tools/bin/../lib/gcc/arm-none-eabi/7.3.1/../../../../arm-none-eabi/lib/thumb/v7e-m/fpv4-sp/hard\libc_nano.a(lib_a-closer.o)
 .ARM.attributes
                0x0000000000000959       0x34 e:/ide/stm32cubeide_1.1.0/stm32cubeide/plugins/com.st.stm32cube.ide.mcu.externaltools.gnu-tools-for-stm32.7-2018-q2-update.win32_1.0.0.201904181610/tools/bin/../lib/gcc/arm-none-eabi/7.3.1/../../../../arm-none-eabi/lib/thumb/v7e-m/fpv4-sp/hard\libc_nano.a(lib_a-fstatr.o)
 .ARM.attributes
                0x000000000000098d       0x34 e:/ide/stm32cubeide_1.1.0/stm32cubeide/plugins/com.st.stm32cube.ide.mcu.externaltools.gnu-tools-for-stm32.7-2018-q2-update.win32_1.0.0.201904181610/tools/bin/../lib/gcc/arm-none-eabi/7.3.1/../../../../arm-none-eabi/lib/thumb/v7e-m/fpv4-sp/hard\libc_nano.a(lib_a-isattyr.o)
 .ARM.attributes
                0x00000000000009c1       0x34 e:/ide/stm32cubeide_1.1.0/stm32cubeide/plugins/com.st.stm32cube.ide.mcu.externaltools.gnu-tools-for-stm32.7-2018-q2-update.win32_1.0.0.201904181610/tools/bin/../lib/gcc/arm-none-eabi/7.3.1/../../../../arm-none-eabi/lib/thumb/v7e-m/fpv4-sp/hard\libc_nano.a(lib_a-lseekr.o)
 .ARM.attributes
                0x00000000000009f5       0x34 e:/ide/stm32cubeide_1.1.0/stm32cubeide/plugins/com.st.stm32cube.ide.mcu.externaltools.gnu-tools-for-stm32.7-2018-q2-update.win32_1.0.0.201904181610/tools/bin/../lib/gcc/arm-none-eabi/7.3.1/../../../../arm-none-eabi/lib/thumb/v7e-m/fpv4-sp/hard\libc_nano.a(lib_a-mlock.o)
 .ARM.attributes
                0x0000000000000a29       0x34 e:/ide/stm32cubeide_1.1.0/stm32cubeide/plugins/com.st.stm32cube.ide.mcu.externaltools.gnu-tools-for-stm32.7-2018-q2-update.win32_1.0.0.201904181610/tools/bin/../lib/gcc/arm-none-eabi/7.3.1/../../../../arm-none-eabi/lib/thumb/v7e-m/fpv4-sp/hard\libc_nano.a(lib_a-readr.o)
 .ARM.attributes
                0x0000000000000a5d       0x34 e:/ide/stm32cubeide_1.1.0/stm32cubeide/plugins/com.st.stm32cube.ide.mcu.externaltools.gnu-tools-for-stm32.7-2018-q2-update.win32_1.0.0.201904181610/tools/bin/../lib/gcc/arm-none-eabi/7.3.1/../../../../arm-none-eabi/lib/thumb/v7e-m/fpv4-sp/hard\libc_nano.a(lib_a-reent.o)
 .ARM.attributes
                0x0000000000000a91       0x22 e:/ide/stm32cubeide_1.1.0/stm32cubeide/plugins/com.st.stm32cube.ide.mcu.externaltools.gnu-tools-for-stm32.7-2018-q2-update.win32_1.0.0.201904181610/tools/bin/../lib/gcc/arm-none-eabi/7.3.1/thumb/v7e-m/fpv4-sp/hard\libgcc.a(_aeabi_uldivmod.o)
 .ARM.attributes
                0x0000000000000ab3       0x34 e:/ide/stm32cubeide_1.1.0/stm32cubeide/plugins/com.st.stm32cube.ide.mcu.externaltools.gnu-tools-for-stm32.7-2018-q2-update.win32_1.0.0.201904181610/tools/bin/../lib/gcc/arm-none-eabi/7.3.1/thumb/v7e-m/fpv4-sp/hard\libgcc.a(_udivmoddi4.o)
 .ARM.attributes
                0x0000000000000ae7       0x22 e:/ide/stm32cubeide_1.1.0/stm32cubeide/plugins/com.st.stm32cube.ide.mcu.externaltools.gnu-tools-for-stm32.7-2018-q2-update.win32_1.0.0.201904181610/tools/bin/../lib/gcc/arm-none-eabi/7.3.1/thumb/v7e-m/fpv4-sp/hard\libgcc.a(_dvmd_tls.o)
 .ARM.attributes
                0x0000000000000b09       0x22 e:/ide/stm32cubeide_1.1.0/stm32cubeide/plugins/com.st.stm32cube.ide.mcu.externaltools.gnu-tools-for-stm32.7-2018-q2-update.win32_1.0.0.201904181610/tools/bin/../lib/gcc/arm-none-eabi/7.3.1/thumb/v7e-m/fpv4-sp/hard/crtn.o
OUTPUT(MP3_PLAYER.elf elf32-littlearm)

.debug_info     0x0000000000000000    0x1753b
 .debug_info    0x0000000000000000      0xb48 Core/Src/diskio.o
 .debug_info    0x0000000000000b48     0x1983 Core/Src/ff.o
 .debug_info    0x00000000000024cb      0x7cc Core/Src/lcd.o
 .debug_info    0x0000000000002c97     0x2b2b Core/Src/main.o
 .debug_info    0x00000000000057c2     0x1964 Core/Src/stm32f4xx_hal_msp.o
 .debug_info    0x0000000000007126      0xe1c Core/Src/stm32f4xx_it.o
 .debug_info    0x0000000000007f42      0xebd Core/Src/syscalls.o
 .debug_info    0x0000000000008dff      0x91c Core/Src/sysmem.o
 .debug_info    0x000000000000971b      0x502 Core/Src/system_stm32f4xx.o
 .debug_info    0x0000000000009c1d       0x22 Core/Startup/startup_stm32f407vgtx.o
 .debug_info    0x0000000000009c3f      0x921 Drivers/STM32F4xx_HAL_Driver/Src/stm32f4xx_hal.o
 .debug_info    0x000000000000a560      0xc9c Drivers/STM32F4xx_HAL_Driver/Src/stm32f4xx_hal_adc.o
 .debug_info    0x000000000000b1fc      0xb18 Drivers/STM32F4xx_HAL_Driver/Src/stm32f4xx_hal_adc_ex.o
 .debug_info    0x000000000000bd14      0xdd6 Drivers/STM32F4xx_HAL_Driver/Src/stm32f4xx_hal_cortex.o
 .debug_info    0x000000000000caea      0x9e8 Drivers/STM32F4xx_HAL_Driver/Src/stm32f4xx_hal_dac.o
 .debug_info    0x000000000000d4d2      0x916 Drivers/STM32F4xx_HAL_Driver/Src/stm32f4xx_hal_dma.o
 .debug_info    0x000000000000dde8      0x763 Drivers/STM32F4xx_HAL_Driver/Src/stm32f4xx_hal_gpio.o
 .debug_info    0x000000000000e54b     0x231f Drivers/STM32F4xx_HAL_Driver/Src/stm32f4xx_hal_i2c.o
 .debug_info    0x000000000001086a      0x715 Drivers/STM32F4xx_HAL_Driver/Src/stm32f4xx_hal_pwr.o
 .debug_info    0x0000000000010f7f      0x8a4 Drivers/STM32F4xx_HAL_Driver/Src/stm32f4xx_hal_rcc.o
 .debug_info    0x0000000000011823     0x15e8 Drivers/STM32F4xx_HAL_Driver/Src/stm32f4xx_hal_spi.o
 .debug_info    0x0000000000012e0b     0x2456 Drivers/STM32F4xx_HAL_Driver/Src/stm32f4xx_hal_tim.o
 .debug_info    0x0000000000015261     0x1105 Drivers/STM32F4xx_HAL_Driver/Src/stm32f4xx_hal_tim_ex.o
 .debug_info    0x0000000000016366     0x11d5 Drivers/STM32F4xx_HAL_Driver/Src/stm32f4xx_hal_uart.o

.debug_abbrev   0x0000000000000000     0x2f4d
 .debug_abbrev  0x0000000000000000      0x295 Core/Src/diskio.o
 .debug_abbrev  0x0000000000000295      0x1b1 Core/Src/ff.o
 .debug_abbrev  0x0000000000000446      0x190 Core/Src/lcd.o
 .debug_abbrev  0x00000000000005d6      0x31e Core/Src/main.o
 .debug_abbrev  0x00000000000008f4      0x1de Core/Src/stm32f4xx_hal_msp.o
 .debug_abbrev  0x0000000000000ad2      0x181 Core/Src/stm32f4xx_it.o
 .debug_abbrev  0x0000000000000c53      0x261 Core/Src/syscalls.o
 .debug_abbrev  0x0000000000000eb4      0x1bb Core/Src/sysmem.o
 .debug_abbrev  0x000000000000106f      0x111 Core/Src/system_stm32f4xx.o
 .debug_abbrev  0x0000000000001180       0x12 Core/Startup/startup_stm32f407vgtx.o
 .debug_abbrev  0x0000000000001192      0x1cb Drivers/STM32F4xx_HAL_Driver/Src/stm32f4xx_hal.o
 .debug_abbrev  0x000000000000135d      0x205 Drivers/STM32F4xx_HAL_Driver/Src/stm32f4xx_hal_adc.o
 .debug_abbrev  0x0000000000001562      0x21c Drivers/STM32F4xx_HAL_Driver/Src/stm32f4xx_hal_adc_ex.o
 .debug_abbrev  0x000000000000177e      0x2fa Drivers/STM32F4xx_HAL_Driver/Src/stm32f4xx_hal_cortex.o
 .debug_abbrev  0x0000000000001a78      0x1e4 Drivers/STM32F4xx_HAL_Driver/Src/stm32f4xx_hal_dac.o
 .debug_abbrev  0x0000000000001c5c      0x229 Drivers/STM32F4xx_HAL_Driver/Src/stm32f4xx_hal_dma.o
 .debug_abbrev  0x0000000000001e85      0x1c9 Drivers/STM32F4xx_HAL_Driver/Src/stm32f4xx_hal_gpio.o
 .debug_abbrev  0x000000000000204e      0x254 Drivers/STM32F4xx_HAL_Driver/Src/stm32f4xx_hal_i2c.o
 .debug_abbrev  0x00000000000022a2      0x196 Drivers/STM32F4xx_HAL_Driver/Src/stm32f4xx_hal_pwr.o
 .debug_abbrev  0x0000000000002438      0x245 Drivers/STM32F4xx_HAL_Driver/Src/stm32f4xx_hal_rcc.o
 .debug_abbrev  0x000000000000267d      0x240 Drivers/STM32F4xx_HAL_Driver/Src/stm32f4xx_hal_spi.o
 .debug_abbrev  0x00000000000028bd      0x230 Drivers/STM32F4xx_HAL_Driver/Src/stm32f4xx_hal_tim.o
 .debug_abbrev  0x0000000000002aed      0x21e Drivers/STM32F4xx_HAL_Driver/Src/stm32f4xx_hal_tim_ex.o
 .debug_abbrev  0x0000000000002d0b      0x242 Drivers/STM32F4xx_HAL_Driver/Src/stm32f4xx_hal_uart.o

.debug_aranges  0x0000000000000000     0x1720
 .debug_aranges
                0x0000000000000000       0xb8 Core/Src/diskio.o
 .debug_aranges
                0x00000000000000b8      0x1b0 Core/Src/ff.o
 .debug_aranges
                0x0000000000000268       0x48 Core/Src/lcd.o
 .debug_aranges
                0x00000000000002b0       0xb8 Core/Src/main.o
 .debug_aranges
                0x0000000000000368       0x80 Core/Src/stm32f4xx_hal_msp.o
 .debug_aranges
                0x00000000000003e8       0xa8 Core/Src/stm32f4xx_it.o
 .debug_aranges
                0x0000000000000490       0xa8 Core/Src/syscalls.o
 .debug_aranges
                0x0000000000000538       0x20 Core/Src/sysmem.o
 .debug_aranges
                0x0000000000000558       0x28 Core/Src/system_stm32f4xx.o
 .debug_aranges
                0x0000000000000580       0x28 Core/Startup/startup_stm32f407vgtx.o
 .debug_aranges
                0x00000000000005a8       0xf0 Drivers/STM32F4xx_HAL_Driver/Src/stm32f4xx_hal.o
 .debug_aranges
                0x0000000000000698       0xe8 Drivers/STM32F4xx_HAL_Driver/Src/stm32f4xx_hal_adc.o
 .debug_aranges
                0x0000000000000780       0x90 Drivers/STM32F4xx_HAL_Driver/Src/stm32f4xx_hal_adc_ex.o
 .debug_aranges
                0x0000000000000810      0x118 Drivers/STM32F4xx_HAL_Driver/Src/stm32f4xx_hal_cortex.o
 .debug_aranges